Component: ARM Compiler 6.13.1 Tool: armlink [5d895400]

==============================================================================

Section Cross References

    main.o(.text.tBrain) refers to motor.o(.text.calculateSpeed) for calculateSpeed
    main.o(.text.tBrain) refers to motor.o(.text.moveAll) for moveAll
    main.o(.text.tBrain) refers to uart.o(.text.extractUartValues) for extractUartValues
    main.o(.text.tBrain) refers to audio.o(.text.setCourseEnded) for setCourseEnded
    main.o(.text.tBrain) refers to main.o(.bss.button) for button
    main.o(.text.tBrain) refers to main.o(.bss.uartValues) for uartValues
    main.o(.text.tBrain) refers to main.o(.bss.motorSpeed) for motorSpeed
    main.o(.ARM.exidx.text.tBrain) refers to main.o(.text.tBrain) for [Anonymous Symbol]
    main.o(.ARM.exidx.text.tMotorControl) refers to main.o(.text.tMotorControl) for [Anonymous Symbol]
    main.o(.text.movingLEDThread) refers to rtx_thread.o(.text.osThreadFlagsWait) for osThreadFlagsWait
    main.o(.text.movingLEDThread) refers to led.o(.text.ledControl) for ledControl
    main.o(.text.movingLEDThread) refers to rtx_delay.o(.text.osDelay) for osDelay
    main.o(.text.movingLEDThread) refers to main.o(.bss.turnOff) for turnOff
    main.o(.text.movingLEDThread) refers to main.o(.data.turnOn) for turnOn
    main.o(.ARM.exidx.text.movingLEDThread) refers to main.o(.text.movingLEDThread) for [Anonymous Symbol]
    main.o(.text.stationaryLEDThread) refers to rtx_thread.o(.text.osThreadFlagsWait) for osThreadFlagsWait
    main.o(.text.stationaryLEDThread) refers to led.o(.text.ledControl) for ledControl
    main.o(.text.stationaryLEDThread) refers to rtx_delay.o(.text.osDelay) for osDelay
    main.o(.text.stationaryLEDThread) refers to main.o(.data.turnOn) for turnOn
    main.o(.ARM.exidx.text.stationaryLEDThread) refers to main.o(.text.stationaryLEDThread) for [Anonymous Symbol]
    main.o(.text.tLED) refers to rtx_thread.o(.text.osThreadNew) for osThreadNew
    main.o(.text.tLED) refers to rtx_thread.o(.text.osThreadFlagsSet) for osThreadFlagsSet
    main.o(.text.tLED) refers to main.o(.text.movingLEDThread) for movingLEDThread
    main.o(.text.tLED) refers to main.o(.bss.tid_movingLEDThread) for tid_movingLEDThread
    main.o(.text.tLED) refers to main.o(.text.stationaryLEDThread) for stationaryLEDThread
    main.o(.text.tLED) refers to main.o(.bss.tid_stationaryLEDThread) for tid_stationaryLEDThread
    main.o(.text.tLED) refers to main.o(.bss.motorSpeed) for motorSpeed
    main.o(.ARM.exidx.text.tLED) refers to main.o(.text.tLED) for [Anonymous Symbol]
    main.o(.text.tAudio) refers to audio.o(.text.playBeginningTheme) for playBeginningTheme
    main.o(.ARM.exidx.text.tAudio) refers to main.o(.text.tAudio) for [Anonymous Symbol]
    main.o(.text.main) refers to system_mkl25z4.o(.text.SystemCoreClockUpdate) for SystemCoreClockUpdate
    main.o(.text.main) refers to motor.o(.text.initPWM) for initPWM
    main.o(.text.main) refers to led.o(.text.initLEDs) for initLEDs
    main.o(.text.main) refers to audio.o(.text.initAudioPWM) for initAudioPWM
    main.o(.text.main) refers to uart.o(.text.initUART2) for initUART2
    main.o(.text.main) refers to rtx_kernel.o(.text.osKernelInitialize) for osKernelInitialize
    main.o(.text.main) refers to rtx_thread.o(.text.osThreadNew) for osThreadNew
    main.o(.text.main) refers to rtx_kernel.o(.text.osKernelStart) for osKernelStart
    main.o(.text.main) refers to main.o(.text.tBrain) for tBrain
    main.o(.text.main) refers to main.o(.text.tMotorControl) for tMotorControl
    main.o(.text.main) refers to main.o(.text.tLED) for tLED
    main.o(.text.main) refers to main.o(.text.tAudio) for tAudio
    main.o(.ARM.exidx.text.main) refers to main.o(.text.main) for [Anonymous Symbol]
    motor.o(.ARM.exidx.text.initPWM) refers to motor.o(.text.initPWM) for [Anonymous Symbol]
    motor.o(.ARM.exidx.text.stopMotor) refers to motor.o(.text.stopMotor) for [Anonymous Symbol]
    motor.o(.ARM.exidx.text.move) refers to motor.o(.text.move) for [Anonymous Symbol]
    motor.o(.ARM.exidx.text.reverse) refers to motor.o(.text.reverse) for [Anonymous Symbol]
    motor.o(.ARM.exidx.text.goLeft) refers to motor.o(.text.goLeft) for [Anonymous Symbol]
    motor.o(.ARM.exidx.text.goRight) refers to motor.o(.text.goRight) for [Anonymous Symbol]
    motor.o(.ARM.exidx.text.moveAll) refers to motor.o(.text.moveAll) for [Anonymous Symbol]
    motor.o(.ARM.exidx.text.calculateSpeed) refers to motor.o(.text.calculateSpeed) for [Anonymous Symbol]
    uart.o(.text.initUART2) refers to uidiv.o(.text) for __aeabi_uidiv
    uart.o(.text.initUART2) refers to uart.o(.text.__NVIC_SetPriority) for __NVIC_SetPriority
    uart.o(.text.initUART2) refers to uart.o(.text.__NVIC_ClearPendingIRQ) for __NVIC_ClearPendingIRQ
    uart.o(.text.initUART2) refers to uart.o(.text.__NVIC_EnableIRQ) for __NVIC_EnableIRQ
    uart.o(.ARM.exidx.text.initUART2) refers to uart.o(.text.initUART2) for [Anonymous Symbol]
[...]
    Removing rtx_kernel.o(.text.osKernelGetSysTimerFreq), (36 bytes).
    Removing rtx_kernel.o(.ARM.exidx.text.osKernelGetSysTimerFreq), (8 bytes).
    Removing rtx_kernel.o(.text.svcRtxKernelGetSysTimerFreq), (8 bytes).
    Removing rtx_kernel.o(.ARM.exidx.text.svcRtxKernelGetSysTimerFreq), (8 bytes).
    Removing rtx_kernel.o(.ARM.exidx.text.svcRtxKernelInitialize), (8 bytes).
    Removing rtx_kernel.o(.ARM.exidx.text.svcRtxKernelStart), (8 bytes).
    Removing rtx_kernel.o(.text.svcRtxKernelLock), (36 bytes).
    Removing rtx_kernel.o(.ARM.exidx.text.svcRtxKernelLock), (8 bytes).
    Removing rtx_kernel.o(.text.svcRtxKernelUnlock), (36 bytes).
    Removing rtx_kernel.o(.ARM.exidx.text.svcRtxKernelUnlock), (8 bytes).
    Removing rtx_kernel.o(.text.svcRtxKernelRestoreLock), (48 bytes).
    Removing rtx_kernel.o(.ARM.exidx.text.svcRtxKernelRestoreLock), (8 bytes).
    Removing rtx_kernel.o(.text.svcRtxKernelSuspend), (84 bytes).
    Removing rtx_kernel.o(.ARM.exidx.text.svcRtxKernelSuspend), (8 bytes).
    Removing rtx_kernel.o(.text.svcRtxKernelResume), (136 bytes).
    Removing rtx_kernel.o(.ARM.exidx.text.svcRtxKernelResume), (8 bytes).
    Removing rtx_thread.o(.text), (0 bytes).
    Removing rtx_thread.o(.ARM.exidx.text.osRtxThreadListPut), (8 bytes).
    Removing rtx_thread.o(.ARM.exidx.text.osRtxThreadListGet), (8 bytes).
    Removing rtx_thread.o(.text.osRtxThreadListSort), (38 bytes).
    Removing rtx_thread.o(.ARM.exidx.text.osRtxThreadListSort), (8 bytes).
    Removing rtx_thread.o(.ARM.exidx.text.osRtxThreadListRemove), (8 bytes).
    Removing rtx_thread.o(.ARM.exidx.text.osRtxThreadReadyPut), (8 bytes).
    Removing rtx_thread.o(.ARM.exidx.text.osRtxThreadDelayTick), (8 bytes).
    Removing rtx_thread.o(.ARM.exidx.text.osRtxThreadRegPtr), (8 bytes).
    Removing rtx_thread.o(.ARM.exidx.text.osRtxThreadSwitch), (8 bytes).
    Removing rtx_thread.o(.ARM.exidx.text.osRtxThreadStackCheck), (8 bytes).
    Removing rtx_thread.o(.ARM.exidx.text.osRtxThreadDispatch), (8 bytes).
    Removing rtx_thread.o(.ARM.exidx.text.osRtxThreadBlock), (8 bytes).
    Removing rtx_thread.o(.ARM.exidx.text.osRtxThreadWaitExit), (8 bytes).
    Removing rtx_thread.o(.ARM.exidx.text.osRtxThreadDelayRemove), (8 bytes).
    Removing rtx_thread.o(.ARM.exidx.text.osRtxThreadWaitEnter), (8 bytes).
    Removing rtx_thread.o(.ARM.exidx.text.osRtxThreadDelayInsert), (8 bytes).
    Removing rtx_thread.o(.ARM.exidx.text.osRtxThreadStartup), (8 bytes).
    Removing rtx_thread.o(.ARM.exidx.text.svcRtxThreadNew), (8 bytes).
    Removing rtx_thread.o(.ARM.exidx.text.osThreadNew), (8 bytes).
    Removing rtx_thread.o(.text.osThreadGetName), (36 bytes).
    Removing rtx_thread.o(.ARM.exidx.text.osThreadGetName), (8 bytes).
    Removing rtx_thread.o(.text.osThreadGetId), (40 bytes).
    Removing rtx_thread.o(.ARM.exidx.text.osThreadGetId), (8 bytes).
    Removing rtx_thread.o(.text.svcRtxThreadGetId), (12 bytes).
    Removing rtx_thread.o(.ARM.exidx.text.svcRtxThreadGetId), (8 bytes).
    Removing rtx_thread.o(.text.osThreadGetState), (40 bytes).
    Removing rtx_thread.o(.ARM.exidx.text.osThreadGetState), (8 bytes).
    Removing rtx_thread.o(.text.osThreadGetStackSize), (36 bytes).
    Removing rtx_thread.o(.ARM.exidx.text.osThreadGetStackSize), (8 bytes).
    Removing rtx_thread.o(.text.osThreadGetStackSpace), (36 bytes).
    Removing rtx_thread.o(.ARM.exidx.text.osThreadGetStackSpace), (8 bytes).
    Removing rtx_thread.o(.text.osThreadSetPriority), (40 bytes).
    Removing rtx_thread.o(.ARM.exidx.text.osThreadSetPriority), (8 bytes).
    Removing rtx_thread.o(.text.osThreadGetPriority), (40 bytes).
    Removing rtx_thread.o(.ARM.exidx.text.osThreadGetPriority), (8 bytes).
    Removing rtx_thread.o(.text.osThreadYield), (36 bytes).
    Removing rtx_thread.o(.ARM.exidx.text.osThreadYield), (8 bytes).
    Removing rtx_thread.o(.text.osThreadSuspend), (40 bytes).
    Removing rtx_thread.o(.ARM.exidx.text.osThreadSuspend), (8 bytes).
    Removing rtx_thread.o(.text.osThreadResume), (40 bytes).
    Removing rtx_thread.o(.ARM.exidx.text.osThreadResume), (8 bytes).
    Removing rtx_thread.o(.text.osThreadDetach), (40 bytes).
    Removing rtx_thread.o(.ARM.exidx.text.osThreadDetach), (8 bytes).
    Removing rtx_thread.o(.text.osThreadJoin), (40 bytes).
    Removing rtx_thread.o(.ARM.exidx.text.osThreadJoin), (8 bytes).
    Removing rtx_thread.o(.ARM.exidx.text.osThreadExit), (8 bytes).
    Removing rtx_thread.o(.text.osThreadTerminate), (40 bytes).
    Removing rtx_thread.o(.ARM.exidx.text.osThreadTerminate), (8 bytes).
    Removing rtx_thread.o(.text.osThreadGetCount), (32 bytes).
    Removing rtx_thread.o(.ARM.exidx.text.osThreadGetCount), (8 bytes).
    Removing rtx_thread.o(.text.osThreadEnumerate), (36 bytes).
    Removing rtx_thread.o(.ARM.exidx.text.osThreadEnumerate), (8 bytes).
    Removing rtx_thread.o(.ARM.exidx.text.osThreadFlagsSet), (8 bytes).
    Removing rtx_thread.o(.text.osThreadFlagsClear), (40 bytes).
    Removing rtx_thread.o(.ARM.exidx.text.osThreadFlagsClear), (8 bytes).
    Removing rtx_thread.o(.text.osThreadFlagsGet), (32 bytes).
    Removing rtx_thread.o(.ARM.exidx.text.osThreadFlagsGet), (8 bytes).
    Removing rtx_thread.o(.ARM.exidx.text.osThreadFlagsWait), (8 bytes).
    Removing rtx_thread.o(.ARM.exidx.text.osRtxThreadPostProcess), (8 bytes).
    Removing rtx_thread.o(.ARM.exidx.text.ThreadFlagsCheck), (8 bytes).
    Removing rtx_thread.o(.text.svcRtxThreadGetName), (18 bytes).
    Removing rtx_thread.o(.ARM.exidx.text.svcRtxThreadGetName), (8 bytes).
    Removing rtx_thread.o(.text.svcRtxThreadGetState), (24 bytes).
    Removing rtx_thread.o(.ARM.exidx.text.svcRtxThreadGetState), (8 bytes).
    Removing rtx_thread.o(.text.svcRtxThreadGetStackSize), (18 bytes).
    Removing rtx_thread.o(.ARM.exidx.text.svcRtxThreadGetStackSize), (8 bytes).
    Removing rtx_thread.o(.text.svcRtxThreadGetStackSpace), (68 bytes).
    Removing rtx_thread.o(.ARM.exidx.text.svcRtxThreadGetStackSpace), (8 bytes).
    Removing rtx_thread.o(.text.svcRtxThreadSetPriority), (72 bytes).
    Removing rtx_thread.o(.ARM.exidx.text.svcRtxThreadSetPriority), (8 bytes).
    Removing rtx_thread.o(.text.svcRtxThreadGetPriority), (28 bytes).
    Removing rtx_thread.o(.ARM.exidx.text.svcRtxThreadGetPriority), (8 bytes).
    Removing rtx_thread.o(.text.svcRtxThreadYield), (56 bytes).
    Removing rtx_thread.o(.ARM.exidx.text.svcRtxThreadYield), (8 bytes).
    Removing rtx_thread.o(.text.svcRtxThreadSuspend), (136 bytes).
    Removing rtx_thread.o(.ARM.exidx.text.svcRtxThreadSuspend), (8 bytes).
    Removing rtx_thread.o(.text.svcRtxThreadResume), (54 bytes).
    Removing rtx_thread.o(.ARM.exidx.text.svcRtxThreadResume), (8 bytes).
    Removing rtx_thread.o(.text.svcRtxThreadDetach), (58 bytes).
    Removing rtx_thread.o(.ARM.exidx.text.svcRtxThreadDetach), (8 bytes).
    Removing rtx_thread.o(.text.osRtxThreadListUnlink), (36 bytes).
    Removing rtx_thread.o(.ARM.exidx.text.osRtxThreadListUnlink), (8 bytes).
    Removing rtx_thread.o(.ARM.exidx.text.osRtxThreadFree), (8 bytes).
    Removing rtx_thread.o(.text.svcRtxThreadJoin), (92 bytes).
    Removing rtx_thread.o(.ARM.exidx.text.svcRtxThreadJoin), (8 bytes).
    Removing rtx_thread.o(.ARM.exidx.text.svcRtxThreadExit), (8 bytes).
    Removing rtx_thread.o(.text.svcRtxThreadTerminate), (188 bytes).
    Removing rtx_thread.o(.ARM.exidx.text.svcRtxThreadTerminate), (8 bytes).
    Removing rtx_thread.o(.text.svcRtxThreadGetCount), (56 bytes).
    Removing rtx_thread.o(.ARM.exidx.text.svcRtxThreadGetCount), (8 bytes).
    Removing rtx_thread.o(.text.svcRtxThreadEnumerate), (96 bytes).
    Removing rtx_thread.o(.ARM.exidx.text.svcRtxThreadEnumerate), (8 bytes).
    Removing rtx_thread.o(.ARM.exidx.text.svcRtxThreadFlagsSet), (8 bytes).
    Removing rtx_thread.o(.text.svcRtxThreadFlagsClear), (56 bytes).
    Removing rtx_thread.o(.ARM.exidx.text.svcRtxThreadFlagsClear), (8 bytes).
    Removing rtx_thread.o(.text.svcRtxThreadFlagsGet), (20 bytes).
    Removing rtx_thread.o(.ARM.exidx.text.svcRtxThreadFlagsGet), (8 bytes).
    Removing rtx_thread.o(.ARM.exidx.text.svcRtxThreadFlagsWait), (8 bytes).
    Removing rtx_delay.o(.text), (0 bytes).
    Removing rtx_delay.o(.ARM.exidx.text.osDelay), (8 bytes).
    Removing rtx_delay.o(.text.osDelayUntil), (40 bytes).
    Removing rtx_delay.o(.ARM.exidx.text.osDelayUntil), (8 bytes).
    Removing rtx_delay.o(.ARM.exidx.text.svcRtxDelay), (8 bytes).
    Removing rtx_delay.o(.text.svcRtxDelayUntil), (32 bytes).
    Removing rtx_delay.o(.ARM.exidx.text.svcRtxDelayUntil), (8 bytes).
    Removing irq_cm0.o(.constdata), (1 bytes).
    Removing rtx_timer.o(.text), (0 bytes).
    Removing rtx_timer.o(.ARM.exidx.text.osRtxTimerThread), (8 bytes).
    Removing rtx_timer.o(.ARM.exidx.text.osRtxTimerTick), (8 bytes).
    Removing rtx_timer.o(.text.osTimerNew), (36 bytes).
    Removing rtx_timer.o(.ARM.exidx.text.osTimerNew), (8 bytes).
    Removing rtx_timer.o(.text.osTimerGetName), (36 bytes).
    Removing rtx_timer.o(.ARM.exidx.text.osTimerGetName), (8 bytes).
    Removing rtx_timer.o(.text.osTimerStart), (40 bytes).
    Removing rtx_timer.o(.ARM.exidx.text.osTimerStart), (8 bytes).
    Removing rtx_timer.o(.text.osTimerStop), (40 bytes).
    Removing rtx_timer.o(.ARM.exidx.text.osTimerStop), (8 bytes).
    Removing rtx_timer.o(.text.osTimerIsRunning), (36 bytes).
    Removing rtx_timer.o(.ARM.exidx.text.osTimerIsRunning), (8 bytes).
    Removing rtx_timer.o(.text.osTimerDelete), (40 bytes).
    Removing rtx_timer.o(.ARM.exidx.text.osTimerDelete), (8 bytes).
    Removing rtx_timer.o(.ARM.exidx.text.TimerInsert), (8 bytes).
    Removing rtx_timer.o(.text.svcRtxTimerNew), (132 bytes).
    Removing rtx_timer.o(.ARM.exidx.text.svcRtxTimerNew), (8 bytes).
    Removing rtx_timer.o(.text.svcRtxTimerGetName), (18 bytes).
    Removing rtx_timer.o(.ARM.exidx.text.svcRtxTimerGetName), (8 bytes).
    Removing rtx_timer.o(.text.svcRtxTimerStart), (72 bytes).
    Removing rtx_timer.o(.ARM.exidx.text.svcRtxTimerStart), (8 bytes).
    Removing rtx_timer.o(.text.TimerRemove), (40 bytes).
    Removing rtx_timer.o(.ARM.exidx.text.TimerRemove), (8 bytes).
    Removing rtx_timer.o(.text.svcRtxTimerStop), (42 bytes).
    Removing rtx_timer.o(.ARM.exidx.text.svcRtxTimerStop), (8 bytes).
    Removing rtx_timer.o(.text.svcRtxTimerIsRunning), (24 bytes).
    Removing rtx_timer.o(.ARM.exidx.text.svcRtxTimerIsRunning), (8 bytes).
    Removing rtx_timer.o(.text.svcRtxTimerDelete), (76 bytes).
    Removing rtx_timer.o(.ARM.exidx.text.svcRtxTimerDelete), (8 bytes).
    Removing rtx_mutex.o(.text), (0 bytes).
    Removing rtx_mutex.o(.ARM.exidx.text.osRtxMutexOwnerRelease), (8 bytes).
    Removing rtx_mutex.o(.text.osMutexNew), (36 bytes).
    Removing rtx_mutex.o(.ARM.exidx.text.osMutexNew), (8 bytes).
    Removing rtx_mutex.o(.text.osMutexGetName), (36 bytes).
    Removing rtx_mutex.o(.ARM.exidx.text.osMutexGetName), (8 bytes).
    Removing rtx_mutex.o(.text.osMutexAcquire), (40 bytes).
    Removing rtx_mutex.o(.ARM.exidx.text.osMutexAcquire), (8 bytes).
    Removing rtx_mutex.o(.text.osMutexRelease), (40 bytes).
    Removing rtx_mutex.o(.ARM.exidx.text.osMutexRelease), (8 bytes).
    Removing rtx_mutex.o(.text.osMutexGetOwner), (36 bytes).
    Removing rtx_mutex.o(.ARM.exidx.text.osMutexGetOwner), (8 bytes).
    Removing rtx_mutex.o(.text.osMutexDelete), (40 bytes).
    Removing rtx_mutex.o(.ARM.exidx.text.osMutexDelete), (8 bytes).
    Removing rtx_mutex.o(.text.svcRtxMutexNew), (112 bytes).
    Removing rtx_mutex.o(.ARM.exidx.text.svcRtxMutexNew), (8 bytes).
    Removing rtx_mutex.o(.text.svcRtxMutexGetName), (18 bytes).
    Removing rtx_mutex.o(.ARM.exidx.text.svcRtxMutexGetName), (8 bytes).
    Removing rtx_mutex.o(.text.svcRtxMutexAcquire), (152 bytes).
    Removing rtx_mutex.o(.ARM.exidx.text.svcRtxMutexAcquire), (8 bytes).
    Removing rtx_mutex.o(.text.svcRtxMutexRelease), (192 bytes).
    Removing rtx_mutex.o(.ARM.exidx.text.svcRtxMutexRelease), (8 bytes).
    Removing rtx_mutex.o(.text.svcRtxMutexGetOwner), (24 bytes).
    Removing rtx_mutex.o(.ARM.exidx.text.svcRtxMutexGetOwner), (8 bytes).
    Removing rtx_mutex.o(.text.svcRtxMutexDelete), (188 bytes).
    Removing rtx_mutex.o(.ARM.exidx.text.svcRtxMutexDelete), (8 bytes).
    Removing rtx_memory.o(.text), (0 bytes).
    Removing rtx_memory.o(.ARM.exidx.text.osRtxMemoryInit), (8 bytes).
    Removing rtx_memory.o(.ARM.exidx.text.osRtxMemoryAlloc), (8 bytes).
    Removing rtx_memory.o(.ARM.exidx.text.osRtxMemoryFree), (8 bytes).
    Removing rtx_mempool.o(.text), (0 bytes).
    Removing rtx_mempool.o(.ARM.exidx.text.osRtxMemoryPoolInit), (8 bytes).
    Removing rtx_mempool.o(.ARM.exidx.text.osRtxMemoryPoolAlloc), (8 bytes).
    Removing rtx_mempool.o(.ARM.exidx.text.osRtxMemoryPoolFree), (8 bytes).
    Removing rtx_mempool.o(.text.osMemoryPoolNew), (36 bytes).
    Removing rtx_mempool.o(.ARM.exidx.text.osMemoryPoolNew), (8 bytes).
    Removing rtx_mempool.o(.text.osMemoryPoolGetName), (36 bytes).
    Removing rtx_mempool.o(.ARM.exidx.text.osMemoryPoolGetName), (8 bytes).
    Removing rtx_mempool.o(.text.osMemoryPoolAlloc), (56 bytes).
    Removing rtx_mempool.o(.ARM.exidx.text.osMemoryPoolAlloc), (8 bytes).
    Removing rtx_mempool.o(.text.osMemoryPoolFree), (72 bytes).
    Removing rtx_mempool.o(.ARM.exidx.text.osMemoryPoolFree), (8 bytes).
    Removing rtx_mempool.o(.text.osMemoryPoolGetCapacity), (48 bytes).
    Removing rtx_mempool.o(.ARM.exidx.text.osMemoryPoolGetCapacity), (8 bytes).
    Removing rtx_mempool.o(.text.svcRtxMemoryPoolGetCapacity), (18 bytes).
    Removing rtx_mempool.o(.ARM.exidx.text.svcRtxMemoryPoolGetCapacity), (8 bytes).
    Removing rtx_mempool.o(.text.osMemoryPoolGetBlockSize), (48 bytes).
    Removing rtx_mempool.o(.ARM.exidx.text.osMemoryPoolGetBlockSize), (8 bytes).
    Removing rtx_mempool.o(.text.svcRtxMemoryPoolGetBlockSize), (18 bytes).
    Removing rtx_mempool.o(.ARM.exidx.text.svcRtxMemoryPoolGetBlockSize), (8 bytes).
    Removing rtx_mempool.o(.text.osMemoryPoolGetCount), (48 bytes).
    Removing rtx_mempool.o(.ARM.exidx.text.osMemoryPoolGetCount), (8 bytes).
    Removing rtx_mempool.o(.text.svcRtxMemoryPoolGetCount), (18 bytes).
    Removing rtx_mempool.o(.ARM.exidx.text.svcRtxMemoryPoolGetCount), (8 bytes).
    Removing rtx_mempool.o(.text.osMemoryPoolGetSpace), (36 bytes).
    Removing rtx_mempool.o(.ARM.exidx.text.osMemoryPoolGetSpace), (8 bytes).
    Removing rtx_mempool.o(.text.svcRtxMemoryPoolGetSpace), (22 bytes).
    Removing rtx_mempool.o(.ARM.exidx.text.svcRtxMemoryPoolGetSpace), (8 bytes).
    Removing rtx_mempool.o(.text.osMemoryPoolDelete), (40 bytes).
    Removing rtx_mempool.o(.ARM.exidx.text.osMemoryPoolDelete), (8 bytes).
    Removing rtx_mempool.o(.text.svcRtxMemoryPoolNew), (444 bytes).
    Removing rtx_mempool.o(.ARM.exidx.text.svcRtxMemoryPoolNew), (8 bytes).
    Removing rtx_mempool.o(.text.osRtxMemoryPoolPostProcess), (40 bytes).
    Removing rtx_mempool.o(.ARM.exidx.text.osRtxMemoryPoolPostProcess), (8 bytes).
    Removing rtx_mempool.o(.text.svcRtxMemoryPoolGetName), (18 bytes).
    Removing rtx_mempool.o(.ARM.exidx.text.svcRtxMemoryPoolGetName), (8 bytes).
    Removing rtx_mempool.o(.text.svcRtxMemoryPoolAlloc), (64 bytes).
    Removing rtx_mempool.o(.ARM.exidx.text.svcRtxMemoryPoolAlloc), (8 bytes).
    Removing rtx_mempool.o(.text.svcRtxMemoryPoolFree), (72 bytes).
    Removing rtx_mempool.o(.ARM.exidx.text.svcRtxMemoryPoolFree), (8 bytes).
    Removing rtx_mempool.o(.text.svcRtxMemoryPoolDelete), (112 bytes).
    Removing rtx_mempool.o(.ARM.exidx.text.svcRtxMemoryPoolDelete), (8 bytes).
    Removing rtx_system.o(.text), (0 bytes).
    Removing rtx_system.o(.ARM.exidx.text.osRtxTick_Handler), (8 bytes).
    Removing rtx_system.o(.ARM.exidx.text.osRtxPendSV_Handler), (8 bytes).
    Removing rtx_system.o(.ARM.exidx.text.osRtxPostProcess), (8 bytes).
    Removing os_systick.o(.text), (0 bytes).
    Removing os_systick.o(.ARM.exidx.text.OS_Tick_Setup), (8 bytes).
    Removing os_systick.o(.ARM.exidx.text.OS_Tick_Enable), (8 bytes).
    Removing os_systick.o(.text.OS_Tick_Disable), (40 bytes).
    Removing os_systick.o(.ARM.exidx.text.OS_Tick_Disable), (8 bytes).
    Removing os_systick.o(.ARM.exidx.text.OS_Tick_AcknowledgeIRQ), (8 bytes).
    Removing os_systick.o(.ARM.exidx.text.OS_Tick_GetIRQn), (8 bytes).
    Removing os_systick.o(.text.OS_Tick_GetClock), (12 bytes).
    Removing os_systick.o(.ARM.exidx.text.OS_Tick_GetClock), (8 bytes).
    Removing os_systick.o(.text.OS_Tick_GetInterval), (12 bytes).
    Removing os_systick.o(.ARM.exidx.text.OS_Tick_GetInterval), (8 bytes).
    Removing os_systick.o(.text.OS_Tick_GetCount), (16 bytes).
    Removing os_systick.o(.ARM.exidx.text.OS_Tick_GetCount), (8 bytes).
    Removing os_systick.o(.text.OS_Tick_GetOverflow), (16 bytes).
    Removing os_systick.o(.ARM.exidx.text.OS_Tick_GetOverflow), (8 bytes).
    Removing rtx_msgqueue.o(.text), (0 bytes).
    Removing rtx_msgqueue.o(.ARM.exidx.text.osMessageQueueNew), (8 bytes).
    Removing rtx_msgqueue.o(.text.osMessageQueueGetName), (36 bytes).
    Removing rtx_msgqueue.o(.ARM.exidx.text.osMessageQueueGetName), (8 bytes).
    Removing rtx_msgqueue.o(.ARM.exidx.text.osMessageQueuePut), (8 bytes).
    Removing rtx_msgqueue.o(.ARM.exidx.text.osMessageQueueGet), (8 bytes).
    Removing rtx_msgqueue.o(.text.osMessageQueueGetCapacity), (48 bytes).
    Removing rtx_msgqueue.o(.ARM.exidx.text.osMessageQueueGetCapacity), (8 bytes).
    Removing rtx_msgqueue.o(.text.svcRtxMessageQueueGetCapacity), (18 bytes).
    Removing rtx_msgqueue.o(.ARM.exidx.text.svcRtxMessageQueueGetCapacity), (8 bytes).
    Removing rtx_msgqueue.o(.text.osMessageQueueGetMsgSize), (48 bytes).
    Removing rtx_msgqueue.o(.ARM.exidx.text.osMessageQueueGetMsgSize), (8 bytes).
    Removing rtx_msgqueue.o(.text.svcRtxMessageQueueGetMsgSize), (18 bytes).
    Removing rtx_msgqueue.o(.ARM.exidx.text.svcRtxMessageQueueGetMsgSize), (8 bytes).
    Removing rtx_msgqueue.o(.text.osMessageQueueGetCount), (48 bytes).
    Removing rtx_msgqueue.o(.ARM.exidx.text.osMessageQueueGetCount), (8 bytes).
    Removing rtx_msgqueue.o(.text.svcRtxMessageQueueGetCount), (18 bytes).
    Removing rtx_msgqueue.o(.ARM.exidx.text.svcRtxMessageQueueGetCount), (8 bytes).
    Removing rtx_msgqueue.o(.text.osMessageQueueGetSpace), (36 bytes).
    Removing rtx_msgqueue.o(.ARM.exidx.text.osMessageQueueGetSpace), (8 bytes).
    Removing rtx_msgqueue.o(.text.svcRtxMessageQueueGetSpace), (22 bytes).
    Removing rtx_msgqueue.o(.ARM.exidx.text.svcRtxMessageQueueGetSpace), (8 bytes).
    Removing rtx_msgqueue.o(.text.osMessageQueueReset), (40 bytes).
    Removing rtx_msgqueue.o(.ARM.exidx.text.osMessageQueueReset), (8 bytes).
    Removing rtx_msgqueue.o(.text.osMessageQueueDelete), (40 bytes).
    Removing rtx_msgqueue.o(.ARM.exidx.text.osMessageQueueDelete), (8 bytes).
    Removing rtx_msgqueue.o(.ARM.exidx.text.svcRtxMessageQueueNew), (8 bytes).
    Removing rtx_msgqueue.o(.ARM.exidx.text.osRtxMessageQueuePostProcess), (8 bytes).
    Removing rtx_msgqueue.o(.ARM.exidx.text.MessageQueueRemove), (8 bytes).
    Removing rtx_msgqueue.o(.ARM.exidx.text.MessageQueuePut), (8 bytes).
    Removing rtx_msgqueue.o(.text.svcRtxMessageQueueGetName), (18 bytes).
    Removing rtx_msgqueue.o(.ARM.exidx.text.svcRtxMessageQueueGetName), (8 bytes).
    Removing rtx_msgqueue.o(.ARM.exidx.text.svcRtxMessageQueuePut), (8 bytes).
    Removing rtx_msgqueue.o(.ARM.exidx.text.MessageQueueGet), (8 bytes).
    Removing rtx_msgqueue.o(.ARM.exidx.text.svcRtxMessageQueueGet), (8 bytes).
    Removing rtx_msgqueue.o(.text.svcRtxMessageQueueReset), (162 bytes).
    Removing rtx_msgqueue.o(.ARM.exidx.text.svcRtxMessageQueueReset), (8 bytes).
    Removing rtx_msgqueue.o(.text.svcRtxMessageQueueDelete), (112 bytes).
    Removing rtx_msgqueue.o(.ARM.exidx.text.svcRtxMessageQueueDelete), (8 bytes).

368 unused section(s) (total 8135 bytes) removed from the image.

==============================================================================

Image Symbol Table

    Local Symbols

    Symbol Name                              Value     Ov Type        Size  Object(Section)

    ../clib/microlib/division.c              0x00000000   Number         0  uidiv.o ABSOLUTE
    ../clib/microlib/init/entry.s            0x00000000   Number         0  entry.o ABSOLUTE
    ../clib/microlib/init/entry.s            0x00000000   Number         0  entry2.o ABSOLUTE
    ../clib/microlib/init/entry.s            0x00000000   Number         0  entry5.o ABSOLUTE
    ../clib/microlib/init/entry.s            0x00000000   Number         0  entry7a.o ABSOLUTE
    ../clib/microlib/init/entry.s            0x00000000   Number         0  entry7b.o ABSOLUTE
    ../clib/microlib/init/entry.s            0x00000000   Number         0  entry8a.o ABSOLUTE
    ../clib/microlib/init/entry.s            0x00000000   Number         0  entry8b.o ABSOLUTE
    ../clib/microlib/init/entry.s            0x00000000   Number         0  entry9a.o ABSOLUTE
    ../clib/microlib/init/entry.s            0x00000000   Number         0  entry9b.o ABSOLUTE
    ../clib/microlib/init/entry.s            0x00000000   Number         0  entry10a.o ABSOLUTE
    ../clib/microlib/init/entry.s            0x00000000   Number         0  entry10b.o ABSOLUTE
    ../clib/microlib/init/entry.s            0x00000000   Number         0  entry11a.o ABSOLUTE
    ../clib/microlib/init/entry.s            0x00000000   Number         0  entry11b.o ABSOLUTE
    ../clib/microlib/string/memcpy.c         0x00000000   Number         0  memcpya.o ABSOLUTE
    ../clib/microlib/string/memcpy.c         0x00000000   Number         0  memcpyb.o ABSOLUTE
    ../clib/microlib/string/memset.c         0x00000000   Number         0  memseta.o ABSOLUTE
    ..\..\..\Source\ARM\irq_cm0.s            0x00000000   Number         0  irq_cm0.o ABSOLUTE
    RTE\Device\MKL25Z128xxx4\startup_MKL25Z4.s 0x00000000   Number         0  startup_mkl25z4.o ABSOLUTE
    RTX_Config.c                             0x00000000   Number         0  rtx_config.o ABSOLUTE
    audio.c                                  0x00000000   Number         0  audio.o ABSOLUTE
    dc.s                                     0x00000000   Number         0  dc.o ABSOLUTE
    handlers.s                               0x00000000   Number         0  handlers.o ABSOLUTE
    init.s                                   0x00000000   Number         0  init.o ABSOLUTE
    led.c                                    0x00000000   Number         0  led.o ABSOLUTE
    main.c                                   0x00000000   Number         0  main.o ABSOLUTE
    motor.c                                  0x00000000   Number         0  motor.o ABSOLUTE
    os_systick.c                             0x00000000   Number         0  os_systick.o ABSOLUTE
    rtx_delay.c                              0x00000000   Number         0  rtx_delay.o ABSOLUTE
    rtx_kernel.c                             0x00000000   Number         0  rtx_kernel.o ABSOLUTE
    rtx_lib.c                                0x00000000   Number         0  rtx_lib.o ABSOLUTE
    rtx_memory.c                             0x00000000   Number         0  rtx_memory.o ABSOLUTE
    rtx_mempool.c                            0x00000000   Number         0  rtx_mempool.o ABSOLUTE
    rtx_msgqueue.c                           0x00000000   Number         0  rtx_msgqueue.o ABSOLUTE
    rtx_mutex.c                              0x00000000   Number         0  rtx_mutex.o ABSOLUTE
    rtx_system.c                             0x00000000   Number         0  rtx_system.o ABSOLUTE
    rtx_thread.c                             0x00000000   Number         0  rtx_thread.o ABSOLUTE
    rtx_timer.c                              0x00000000   Number         0  rtx_timer.o ABSOLUTE
    system_MKL25Z4.c                         0x00000000   Number         0  system_mkl25z4.o ABSOLUTE
    uart.c                                   0x00000000   Number         0  uart.o ABSOLUTE
    RESET                                    0x00000000   Section      192  startup_mkl25z4.o(RESET)
    .ARM.Collect$$$$00000000                 0x000000c0   Section        0  entry.o(.ARM.Collect$$$$00000000)
    .ARM.Collect$$$$00000001                 0x000000c0   Section        4  entry2.o(.ARM.Collect$$$$00000001)
    .ARM.Collect$$$$00000004                 0x000000c4   Section        4  entry5.o(.ARM.Collect$$$$00000004)
    .ARM.Collect$$$$00000008                 0x000000c8   Section        0  entry7b.o(.ARM.Collect$$$$00000008)
    .ARM.Collect$$$$0000000A                 0x000000c8   Section        0  entry8b.o(.ARM.Collect$$$$0000000A)
    .ARM.Collect$$$$0000000B                 0x000000c8   Section        8  entry9a.o(.ARM.Collect$$$$0000000B)
    __lit__00000000                          0x000000d0   Data           4  entry2.o(.ARM.Collect$$$$00002712)
    .ARM.Collect$$$$0000000D                 0x000000d0   Section        0  entry10a.o(.ARM.Collect$$$$0000000D)
    .ARM.Collect$$$$0000000F                 0x000000d0   Section        0  entry11a.o(.ARM.Collect$$$$0000000F)
    .ARM.Collect$$$$00002712                 0x000000d0   Section        4  entry2.o(.ARM.Collect$$$$00002712)
    .text                                    0x000000d4   Section       40  startup_mkl25z4.o(.text)
    .text                                    0x000000fc   Section      164  irq_cm0.o(.text)
    .text                                    0x000001a0   Section        0  uidiv.o(.text)
    .text                                    0x000001cc   Section        0  memcpya.o(.text)
    .text                                    0x000001f0   Section        0  memseta.o(.text)
    .text                                    0x00000214   Section       36  init.o(.text)
    MessageQueueGet                          0x00000239   Thumb Code    76  rtx_msgqueue.o(.text.MessageQueueGet)
    [Anonymous Symbol]                       0x00000238   Section        0  rtx_msgqueue.o(.text.MessageQueueGet)
    MessageQueuePut                          0x00000285   Thumb Code    98  rtx_msgqueue.o(.text.MessageQueuePut)
    [Anonymous Symbol]                       0x00000284   Section        0  rtx_msgqueue.o(.text.MessageQueuePut)
    MessageQueueRemove                       0x000002e7   Thumb Code    30  rtx_msgqueue.o(.text.MessageQueueRemove)
    [Anonymous Symbol]                       0x000002e6   Section        0  rtx_msgqueue.o(.text.MessageQueueRemove)
    [Anonymous Symbol]                       0x00000304   Section        0  os_systick.o(.text.OS_Tick_AcknowledgeIRQ)
    [Anonymous Symbol]                       0x0000030c   Section        0  os_systick.o(.text.OS_Tick_Enable)
    __arm_cp.1_1                             0x0000032c   Number         4  os_systick.o(.text.OS_Tick_Enable)
    [Anonymous Symbol]                       0x00000330   Section        0  os_systick.o(.text.OS_Tick_GetIRQn)
    [Anonymous Symbol]                       0x00000338   Section        0  os_systick.o(.text.OS_Tick_Setup)
    __arm_cp.0_1                             0x00000374   Number         4  os_systick.o(.text.OS_Tick_Setup)
    __arm_cp.0_2                             0x00000378   Number         4  os_systick.o(.text.OS_Tick_Setup)
    __arm_cp.0_3                             0x0000037c   Number         4  os_systick.o(.text.OS_Tick_Setup)
    ThreadFlagsCheck                         0x00000381   Thumb Code    78  rtx_thread.o(.text.ThreadFlagsCheck)
    [Anonymous Symbol]                       0x00000380   Section        0  rtx_thread.o(.text.ThreadFlagsCheck)
    [Anonymous Symbol]                       0x000003d0   Section        0  uart.o(.text.UART2_IRQHandler)
    __arm_cp.4_0                             0x000003e8   Number         4  uart.o(.text.UART2_IRQHandler)
    __arm_cp.4_1                             0x000003ec   Number         4  uart.o(.text.UART2_IRQHandler)
    __NVIC_ClearPendingIRQ                   0x000003f1   Thumb Code    16  uart.o(.text.__NVIC_ClearPendingIRQ)
    [Anonymous Symbol]                       0x000003f0   Section        0  uart.o(.text.__NVIC_ClearPendingIRQ)
    __arm_cp.2_0                             0x000003fc   Number         4  uart.o(.text.__NVIC_ClearPendingIRQ)
    .ARM.__at_0x400                          0x00000400   Section       16  startup_mkl25z4.o(.ARM.__at_0x400)
    [Anonymous Symbol]                       0x00000410   Section        0  system_mkl25z4.o(.text.SystemCoreClockUpdate)
    __arm_cp.1_0                             0x00000500   Number         4  system_mkl25z4.o(.text.SystemCoreClockUpdate)
    __arm_cp.1_1                             0x00000504   Number         4  system_mkl25z4.o(.text.SystemCoreClockUpdate)
    __arm_cp.1_2                             0x00000508   Number         4  system_mkl25z4.o(.text.SystemCoreClockUpdate)
    __arm_cp.1_3                             0x0000050c   Number         4  system_mkl25z4.o(.text.SystemCoreClockUpdate)
    __arm_cp.1_4                             0x00000510   Number         4  system_mkl25z4.o(.text.SystemCoreClockUpdate)
    __arm_cp.1_5                             0x00000514   Number         4  system_mkl25z4.o(.text.SystemCoreClockUpdate)
    __arm_cp.1_6                             0x00000518   Number         4  system_mkl25z4.o(.text.SystemCoreClockUpdate)
    [Anonymous Symbol]                       0x0000051c   Section        0  system_mkl25z4.o(.text.SystemInit)
    __arm_cp.0_0                             0x000005d8   Number         4  system_mkl25z4.o(.text.SystemInit)
    __arm_cp.0_1                             0x000005dc   Number         4  system_mkl25z4.o(.text.SystemInit)
    __arm_cp.0_2                             0x000005e0   Number         4  system_mkl25z4.o(.text.SystemInit)
    __arm_cp.0_3                             0x000005e4   Number         4  system_mkl25z4.o(.text.SystemInit)
    __arm_cp.0_5                             0x000005e8   Number         4  system_mkl25z4.o(.text.SystemInit)
    __arm_cp.0_6                             0x000005ec   Number         4  system_mkl25z4.o(.text.SystemInit)
    __arm_cp.0_7                             0x000005f0   Number         4  system_mkl25z4.o(.text.SystemInit)
    __arm_cp.0_8                             0x000005f4   Number         4  system_mkl25z4.o(.text.SystemInit)
    __arm_cp.0_9                             0x000005f8   Number         4  system_mkl25z4.o(.text.SystemInit)
    __arm_cp.0_10                            0x000005fc   Number         4  system_mkl25z4.o(.text.SystemInit)
    TimerInsert                              0x00000601   Thumb Code    76  rtx_timer.o(.text.TimerInsert)
    [Anonymous Symbol]                       0x00000600   Section        0  rtx_timer.o(.text.TimerInsert)
    __arm_cp.8_0                             0x00000648   Number         4  rtx_timer.o(.text.TimerInsert)
    __NVIC_EnableIRQ                         0x0000064d   Thumb Code    16  uart.o(.text.__NVIC_EnableIRQ)
    [Anonymous Symbol]                       0x0000064c   Section        0  uart.o(.text.__NVIC_EnableIRQ)
    __arm_cp.3_0                             0x00000658   Number         4  uart.o(.text.__NVIC_EnableIRQ)
    __NVIC_SetPriority                       0x0000065d   Thumb Code    20  uart.o(.text.__NVIC_SetPriority)
    [Anonymous Symbol]                       0x0000065c   Section        0  uart.o(.text.__NVIC_SetPriority)
    __arm_cp.1_0                             0x0000066c   Number         4  uart.o(.text.__NVIC_SetPriority)
    [Anonymous Symbol]                       0x00000670   Section        0  motor.o(.text.calculateSpeed)
    __arm_cp.7_0                             0x000007c0   Number         4  motor.o(.text.calculateSpeed)
    __arm_cp.7_1                             0x000007c4   Number         4  motor.o(.text.calculateSpeed)
    __arm_cp.7_2                             0x000007c8   Number         4  motor.o(.text.calculateSpeed)
    __arm_cp.7_4                             0x000007cc   Number         4  motor.o(.text.calculateSpeed)
    __arm_cp.7_5                             0x000007d0   Number         4  motor.o(.text.calculateSpeed)
    __arm_cp.7_6                             0x000007d4   Number         4  motor.o(.text.calculateSpeed)
    __arm_cp.7_7                             0x000007d8   Number         4  motor.o(.text.calculateSpeed)
    __arm_cp.7_8                             0x000007dc   Number         4  motor.o(.text.calculateSpeed)
    __arm_cp.7_9                             0x000007e0   Number         4  motor.o(.text.calculateSpeed)
    __arm_cp.7_10                            0x000007e4   Number         4  motor.o(.text.calculateSpeed)
    delay                                    0x000007e9   Thumb Code    34  audio.o(.text.delay)
    [Anonymous Symbol]                       0x000007e8   Section        0  audio.o(.text.delay)
    [Anonymous Symbol]                       0x0000080c   Section        0  uart.o(.text.extractUartValues)
    __arm_cp.5_0                             0x00000828   Number         4  uart.o(.text.extractUartValues)
    __arm_cp.5_1                             0x0000082c   Number         4  uart.o(.text.extractUartValues)
    [Anonymous Symbol]                       0x00000830   Section        0  audio.o(.text.initAudioPWM)
    __arm_cp.1_0                             0x000008a0   Number         4  audio.o(.text.initAudioPWM)
    __arm_cp.1_1                             0x000008a4   Number         4  audio.o(.text.initAudioPWM)
    __arm_cp.1_2                             0x000008a8   Number         4  audio.o(.text.initAudioPWM)
    __arm_cp.1_3                             0x000008ac   Number         4  audio.o(.text.initAudioPWM)
    [Anonymous Symbol]                       0x000008b0   Section        0  led.o(.text.initLEDs)
    [Anonymous Symbol]                       0x000008cc   Section        0  led.o(.text.initLEDsGPIO)
    __arm_cp.0_0                             0x00000928   Number         4  led.o(.text.initLEDsGPIO)
    __arm_cp.0_1                             0x0000092c   Number         4  led.o(.text.initLEDsGPIO)
    __arm_cp.0_3                             0x00000930   Number         4  led.o(.text.initLEDsGPIO)
    __arm_cp.0_5                             0x00000934   Number         4  led.o(.text.initLEDsGPIO)
    [Anonymous Symbol]                       0x00000938   Section        0  motor.o(.text.initPWM)
    __arm_cp.0_0                             0x00000a10   Number         4  motor.o(.text.initPWM)
    __arm_cp.0_1                             0x00000a14   Number         4  motor.o(.text.initPWM)
    __arm_cp.0_2                             0x00000a18   Number         4  motor.o(.text.initPWM)
    __arm_cp.0_3                             0x00000a1c   Number         4  motor.o(.text.initPWM)
    __arm_cp.0_4                             0x00000a20   Number         4  motor.o(.text.initPWM)
    __arm_cp.0_5                             0x00000a24   Number         4  motor.o(.text.initPWM)
    [Anonymous Symbol]                       0x00000a28   Section        0  uart.o(.text.initUART2)
    __arm_cp.0_0                             0x00000a90   Number         4  uart.o(.text.initUART2)
    __arm_cp.0_1                             0x00000a94   Number         4  uart.o(.text.initUART2)
    __arm_cp.0_2                             0x00000a98   Number         4  uart.o(.text.initUART2)
    __arm_cp.0_3                             0x00000a9c   Number         4  uart.o(.text.initUART2)
    [Anonymous Symbol]                       0x00000aa0   Section        0  led.o(.text.ledControl)
    __arm_cp.2_0                             0x00000af4   Number         4  led.o(.text.ledControl)
    __arm_cp.2_1                             0x00000af8   Number         4  led.o(.text.ledControl)
    [Anonymous Symbol]                       0x00000afc   Section        0  main.o(.text.main)
    __arm_cp.6_0                             0x00000b4c   Number         4  main.o(.text.main)
    __arm_cp.6_1                             0x00000b50   Number         4  main.o(.text.main)
    __arm_cp.6_2                             0x00000b54   Number         4  main.o(.text.main)
    __arm_cp.6_3                             0x00000b58   Number         4  main.o(.text.main)
    [Anonymous Symbol]                       0x00000b5c   Section        0  motor.o(.text.moveAll)
    __arm_cp.6_0                             0x00000b94   Number         4  motor.o(.text.moveAll)
    __arm_cp.6_1                             0x00000b98   Number         4  motor.o(.text.moveAll)
    [Anonymous Symbol]                       0x00000b9c   Section        0  main.o(.text.movingLEDThread)
    __arm_cp.2_0                             0x00000bf8   Number         4  main.o(.text.movingLEDThread)
    __arm_cp.2_1                             0x00000bfc   Number         4  main.o(.text.movingLEDThread)
    [Anonymous Symbol]                       0x00000c00   Section        0  rtx_delay.o(.text.osDelay)
    __arm_cp.0_0                             0x00000c24   Number         4  rtx_delay.o(.text.osDelay)
    [Anonymous Symbol]                       0x00000c28   Section        0  rtx_kernel.o(.text.osKernelInitialize)
    __arm_cp.1_0                             0x00000c4c   Number         4  rtx_kernel.o(.text.osKernelInitialize)
    [Anonymous Symbol]                       0x00000c50   Section        0  rtx_kernel.o(.text.osKernelStart)
    __arm_cp.6_0                             0x00000c70   Number         4  rtx_kernel.o(.text.osKernelStart)
    [Anonymous Symbol]                       0x00000c74   Section        0  rtx_msgqueue.o(.text.osMessageQueueGet)
    __arm_cp.3_0                             0x00000ce4   Number         4  rtx_msgqueue.o(.text.osMessageQueueGet)
    [Anonymous Symbol]                       0x00000ce8   Section        0  rtx_msgqueue.o(.text.osMessageQueueNew)
    __arm_cp.0_0                             0x00000d08   Number         4  rtx_msgqueue.o(.text.osMessageQueueNew)
    [Anonymous Symbol]                       0x00000d0c   Section        0  rtx_msgqueue.o(.text.osMessageQueuePut)
    __arm_cp.2_0                             0x00000d80   Number         4  rtx_msgqueue.o(.text.osMessageQueuePut)
    [Anonymous Symbol]                       0x00000d84   Section        0  rtx_config.o(.text.osRtxErrorNotify)
    [Anonymous Symbol]                       0x00000d86   Section        0  rtx_config.o(.text.osRtxIdleThread)
    [Anonymous Symbol]                       0x00000d88   Section        0  rtx_kernel.o(.text.osRtxKernelPreInit)
    [Anonymous Symbol]                       0x00000d8a   Section        0  rtx_memory.o(.text.osRtxMemoryAlloc)
    [Anonymous Symbol]                       0x00000e06   Section        0  rtx_memory.o(.text.osRtxMemoryFree)
    [Anonymous Symbol]                       0x00000e54   Section        0  rtx_memory.o(.text.osRtxMemoryInit)
    [Anonymous Symbol]                       0x00000e86   Section        0  rtx_mempool.o(.text.osRtxMemoryPoolAlloc)
    [Anonymous Symbol]                       0x00000eb4   Section        0  rtx_mempool.o(.text.osRtxMemoryPoolFree)
    [Anonymous Symbol]                       0x00000eee   Section        0  rtx_mempool.o(.text.osRtxMemoryPoolInit)
    osRtxMessageQueuePostProcess             0x00000f2d   Thumb Code   188  rtx_msgqueue.o(.text.osRtxMessageQueuePostProcess)
    [Anonymous Symbol]                       0x00000f2c   Section        0  rtx_msgqueue.o(.text.osRtxMessageQueuePostProcess)
    [Anonymous Symbol]                       0x00000fe8   Section        0  rtx_mutex.o(.text.osRtxMutexOwnerRelease)
    [Anonymous Symbol]                       0x0000102c   Section        0  rtx_system.o(.text.osRtxPendSV_Handler)
    [Anonymous Symbol]                       0x000010a8   Section        0  rtx_system.o(.text.osRtxPostProcess)
    __arm_cp.2_1                             0x0000110c   Number         4  rtx_system.o(.text.osRtxPostProcess)
    osRtxThreadBlock                         0x00001111   Thumb Code    52  rtx_thread.o(.text.osRtxThreadBlock)
    [Anonymous Symbol]                       0x00001110   Section        0  rtx_thread.o(.text.osRtxThreadBlock)
    osRtxThreadDelayInsert                   0x00001145   Thumb Code   124  rtx_thread.o(.text.osRtxThreadDelayInsert)
    [Anonymous Symbol]                       0x00001144   Section        0  rtx_thread.o(.text.osRtxThreadDelayInsert)
    osRtxThreadDelayRemove                   0x000011c1   Thumb Code    64  rtx_thread.o(.text.osRtxThreadDelayRemove)
    [Anonymous Symbol]                       0x000011c0   Section        0  rtx_thread.o(.text.osRtxThreadDelayRemove)
    [Anonymous Symbol]                       0x00001200   Section        0  rtx_thread.o(.text.osRtxThreadDelayTick)
    [Anonymous Symbol]                       0x00001234   Section        0  rtx_thread.o(.text.osRtxThreadDispatch)
    osRtxThreadFree                          0x00001281   Thumb Code    80  rtx_thread.o(.text.osRtxThreadFree)
    [Anonymous Symbol]                       0x00001280   Section        0  rtx_thread.o(.text.osRtxThreadFree)
    [Anonymous Symbol]                       0x000012d0   Section        0  rtx_thread.o(.text.osRtxThreadListGet)
    [Anonymous Symbol]                       0x000012e4   Section        0  rtx_thread.o(.text.osRtxThreadListPut)
    [Anonymous Symbol]                       0x00001310   Section        0  rtx_thread.o(.text.osRtxThreadListRemove)
    osRtxThreadPostProcess                   0x00001329   Thumb Code    38  rtx_thread.o(.text.osRtxThreadPostProcess)
    [Anonymous Symbol]                       0x00001328   Section        0  rtx_thread.o(.text.osRtxThreadPostProcess)
    [Anonymous Symbol]                       0x00001350   Section        0  rtx_thread.o(.text.osRtxThreadReadyPut)
    [Anonymous Symbol]                       0x00001364   Section        0  rtx_thread.o(.text.osRtxThreadRegPtr)
    [Anonymous Symbol]                       0x0000136c   Section        0  rtx_thread.o(.text.osRtxThreadStackCheck)
    __arm_cp.8_1                             0x00001390   Number         4  rtx_thread.o(.text.osRtxThreadStackCheck)
    [Anonymous Symbol]                       0x00001394   Section        0  rtx_thread.o(.text.osRtxThreadStartup)
    __arm_cp.15_1                            0x000013c4   Number         4  rtx_thread.o(.text.osRtxThreadStartup)
    __arm_cp.15_3                            0x000013c8   Number         4  rtx_thread.o(.text.osRtxThreadStartup)
    [Anonymous Symbol]                       0x000013cc   Section        0  rtx_thread.o(.text.osRtxThreadSwitch)
    __arm_cp.7_0                             0x000013dc   Number         4  rtx_thread.o(.text.osRtxThreadSwitch)
    [Anonymous Symbol]                       0x000013e0   Section        0  rtx_thread.o(.text.osRtxThreadWaitEnter)
    __arm_cp.13_0                            0x00001418   Number         4  rtx_thread.o(.text.osRtxThreadWaitEnter)
    [Anonymous Symbol]                       0x0000141c   Section        0  rtx_thread.o(.text.osRtxThreadWaitExit)
    [Anonymous Symbol]                       0x00001440   Section        0  rtx_system.o(.text.osRtxTick_Handler)
    [Anonymous Symbol]                       0x000014b0   Section        0  rtx_timer.o(.text.osRtxTimerThread)
    __arm_cp.0_0                             0x000014e0   Number         4  rtx_timer.o(.text.osRtxTimerThread)
    __arm_cp.0_1                             0x000014e4   Number         4  rtx_timer.o(.text.osRtxTimerThread)
    __arm_cp.0_2                             0x000014e8   Number         4  rtx_timer.o(.text.osRtxTimerThread)
    osRtxTimerTick                           0x000014ed   Thumb Code    96  rtx_timer.o(.text.osRtxTimerTick)
    [Anonymous Symbol]                       0x000014ec   Section        0  rtx_timer.o(.text.osRtxTimerTick)
    __arm_cp.1_0                             0x00001548   Number         4  rtx_timer.o(.text.osRtxTimerTick)
    [Anonymous Symbol]                       0x0000154c   Section        0  rtx_thread.o(.text.osThreadExit)
    __arm_cp.31_0                            0x00001554   Number         4  rtx_thread.o(.text.osThreadExit)
    [Anonymous Symbol]                       0x00001558   Section        0  rtx_thread.o(.text.osThreadFlagsSet)
    __arm_cp.35_0                            0x000015ac   Number         4  rtx_thread.o(.text.osThreadFlagsSet)
    [Anonymous Symbol]                       0x000015b0   Section        0  rtx_thread.o(.text.osThreadFlagsWait)
    __arm_cp.38_0                            0x000015d4   Number         4  rtx_thread.o(.text.osThreadFlagsWait)
    [Anonymous Symbol]                       0x000015d8   Section        0  rtx_thread.o(.text.osThreadNew)
    __arm_cp.17_0                            0x000015f8   Number         4  rtx_thread.o(.text.osThreadNew)
    [Anonymous Symbol]                       0x000015fc   Section        0  audio.o(.text.playBeginningTheme)
    __arm_cp.5_1                             0x00001640   Number         4  audio.o(.text.playBeginningTheme)
    __arm_cp.5_2                             0x00001644   Number         4  audio.o(.text.playBeginningTheme)
    [Anonymous Symbol]                       0x00001648   Section        0  audio.o(.text.playEndingTheme)
    __arm_cp.3_0                             0x00001668   Number         4  audio.o(.text.playEndingTheme)
    __arm_cp.3_1                             0x0000166c   Number         4  audio.o(.text.playEndingTheme)
    [Anonymous Symbol]                       0x00001670   Section        0  audio.o(.text.setCourseEnded)
    __arm_cp.0_0                             0x00001678   Number         4  audio.o(.text.setCourseEnded)
    [Anonymous Symbol]                       0x0000167c   Section        0  audio.o(.text.setNote)
    __arm_cp.2_0                             0x0000169c   Number         4  audio.o(.text.setNote)
    __arm_cp.2_1                             0x000016a0   Number         4  audio.o(.text.setNote)
    [Anonymous Symbol]                       0x000016a4   Section        0  main.o(.text.stationaryLEDThread)
    __arm_cp.3_0                             0x000016dc   Number         4  main.o(.text.stationaryLEDThread)
    svcRtxDelay                              0x000016e1   Thumb Code    18  rtx_delay.o(.text.svcRtxDelay)
    [Anonymous Symbol]                       0x000016e0   Section        0  rtx_delay.o(.text.svcRtxDelay)
    svcRtxKernelInitialize                   0x000016f5   Thumb Code   328  rtx_kernel.o(.text.svcRtxKernelInitialize)
    [Anonymous Symbol]                       0x000016f4   Section        0  rtx_kernel.o(.text.svcRtxKernelInitialize)
    __arm_cp.20_0                            0x00001830   Number         4  rtx_kernel.o(.text.svcRtxKernelInitialize)
    __arm_cp.20_1                            0x00001834   Number         4  rtx_kernel.o(.text.svcRtxKernelInitialize)
    __arm_cp.20_2                            0x00001838   Number         4  rtx_kernel.o(.text.svcRtxKernelInitialize)
    svcRtxKernelStart                        0x0000183d   Thumb Code   132  rtx_kernel.o(.text.svcRtxKernelStart)
    [Anonymous Symbol]                       0x0000183c   Section        0  rtx_kernel.o(.text.svcRtxKernelStart)
    __arm_cp.21_0                            0x000018b0   Number         4  rtx_kernel.o(.text.svcRtxKernelStart)
    __arm_cp.21_1                            0x000018b4   Number         4  rtx_kernel.o(.text.svcRtxKernelStart)
    __arm_cp.21_2                            0x000018b8   Number         4  rtx_kernel.o(.text.svcRtxKernelStart)
    __arm_cp.21_3                            0x000018bc   Number         4  rtx_kernel.o(.text.svcRtxKernelStart)
    svcRtxMessageQueueGet                    0x000018c1   Thumb Code   232  rtx_msgqueue.o(.text.svcRtxMessageQueueGet)
    [Anonymous Symbol]                       0x000018c0   Section        0  rtx_msgqueue.o(.text.svcRtxMessageQueueGet)
    __arm_cp.21_0                            0x000019a4   Number         4  rtx_msgqueue.o(.text.svcRtxMessageQueueGet)
    svcRtxMessageQueueNew                    0x000019a9   Thumb Code   484  rtx_msgqueue.o(.text.svcRtxMessageQueueNew)
    [Anonymous Symbol]                       0x000019a8   Section        0  rtx_msgqueue.o(.text.svcRtxMessageQueueNew)
    __arm_cp.14_0                            0x00001b74   Number         4  rtx_msgqueue.o(.text.svcRtxMessageQueueNew)
    __arm_cp.14_1                            0x00001b78   Number         4  rtx_msgqueue.o(.text.svcRtxMessageQueueNew)
    __arm_cp.14_2                            0x00001b7c   Number         4  rtx_msgqueue.o(.text.svcRtxMessageQueueNew)
    __arm_cp.14_3                            0x00001b80   Number         4  rtx_msgqueue.o(.text.svcRtxMessageQueueNew)
    __arm_cp.14_4                            0x00001b84   Number         4  rtx_msgqueue.o(.text.svcRtxMessageQueueNew)
    __arm_cp.14_5                            0x00001b88   Number         4  rtx_msgqueue.o(.text.svcRtxMessageQueueNew)
    svcRtxMessageQueuePut                    0x00001b8d   Thumb Code   184  rtx_msgqueue.o(.text.svcRtxMessageQueuePut)
    [Anonymous Symbol]                       0x00001b8c   Section        0  rtx_msgqueue.o(.text.svcRtxMessageQueuePut)
    svcRtxThreadExit                         0x00001c45   Thumb Code   104  rtx_thread.o(.text.svcRtxThreadExit)
    [Anonymous Symbol]                       0x00001c44   Section        0  rtx_thread.o(.text.svcRtxThreadExit)
    svcRtxThreadFlagsSet                     0x00001cad   Thumb Code   108  rtx_thread.o(.text.svcRtxThreadFlagsSet)
    [Anonymous Symbol]                       0x00001cac   Section        0  rtx_thread.o(.text.svcRtxThreadFlagsSet)
    svcRtxThreadFlagsWait                    0x00001d19   Thumb Code    80  rtx_thread.o(.text.svcRtxThreadFlagsWait)
    [Anonymous Symbol]                       0x00001d18   Section        0  rtx_thread.o(.text.svcRtxThreadFlagsWait)
    __arm_cp.61_0                            0x00001d64   Number         4  rtx_thread.o(.text.svcRtxThreadFlagsWait)
    svcRtxThreadNew                          0x00001d69   Thumb Code   492  rtx_thread.o(.text.svcRtxThreadNew)
    [Anonymous Symbol]                       0x00001d68   Section        0  rtx_thread.o(.text.svcRtxThreadNew)
    __arm_cp.16_0                            0x00001f3c   Number         4  rtx_thread.o(.text.svcRtxThreadNew)
    __arm_cp.16_1                            0x00001f40   Number         4  rtx_thread.o(.text.svcRtxThreadNew)
    __arm_cp.16_2                            0x00001f44   Number         4  rtx_thread.o(.text.svcRtxThreadNew)
    __arm_cp.16_3                            0x00001f48   Number         4  rtx_thread.o(.text.svcRtxThreadNew)
    __arm_cp.16_4                            0x00001f4c   Number         4  rtx_thread.o(.text.svcRtxThreadNew)
    __arm_cp.16_5                            0x00001f50   Number         4  rtx_thread.o(.text.svcRtxThreadNew)
    [Anonymous Symbol]                       0x00001f54   Section        0  main.o(.text.tAudio)
    [Anonymous Symbol]                       0x00001f5c   Section        0  main.o(.text.tBrain)
    __arm_cp.0_0                             0x00001f94   Number         4  main.o(.text.tBrain)
    __arm_cp.0_1                             0x00001f98   Number         4  main.o(.text.tBrain)
    [Anonymous Symbol]                       0x00001f9c   Section        0  main.o(.text.tLED)
    __arm_cp.4_0                             0x00001fd4   Number         4  main.o(.text.tLED)
    __arm_cp.4_1                             0x00001fd8   Number         4  main.o(.text.tLED)
    __arm_cp.4_2                             0x00001fdc   Number         4  main.o(.text.tLED)
    __arm_cp.4_3                             0x00001fe0   Number         4  main.o(.text.tLED)
    __arm_cp.4_4                             0x00001fe4   Number         4  main.o(.text.tLED)
    [Anonymous Symbol]                       0x00001fe8   Section        0  main.o(.text.tMotorControl)
    i.__scatterload_copy                     0x00001fea   Section       14  handlers.o(i.__scatterload_copy)
    i.__scatterload_null                     0x00001ff8   Section        2  handlers.o(i.__scatterload_null)
    i.__scatterload_zeroinit                 0x00001ffa   Section       14  handlers.o(i.__scatterload_zeroinit)
    __tagsym$$used.0                         0x00002008   Number         0  rtx_lib.o(.rodata)
    __tagsym$$used.1                         0x00002070   Number         0  rtx_lib.o(.rodata)
    [Anonymous Symbol]                       0x000020a8   Section        0  audio.o(.rodata..L__const.playBeginningTheme.beginningMelody)
    [Anonymous Symbol]                       0x000021dc   Section        0  audio.o(.rodata..L__const.playBeginningTheme.beginningNoteDurations)
    [Anonymous Symbol]                       0x00002308   Section        0  audio.o(.rodata..L__const.playEndingTheme.endingMelody)
    [Anonymous Symbol]                       0x00002374   Section        0  audio.o(.rodata..L__const.playEndingTheme.endingNoteDurations)
    os_idle_thread_attr                      0x00002404   Data          36  rtx_lib.o(.rodata.os_idle_thread_attr)
    [Anonymous Symbol]                       0x00002404   Section        0  rtx_lib.o(.rodata.os_idle_thread_attr)
    os_timer_mq_attr                         0x00002428   Data          24  rtx_lib.o(.rodata.os_timer_mq_attr)
    [Anonymous Symbol]                       0x00002428   Section        0  rtx_lib.o(.rodata.os_timer_mq_attr)
    os_timer_thread_attr                     0x00002440   Data          36  rtx_lib.o(.rodata.os_timer_thread_attr)
    [Anonymous Symbol]                       0x00002440   Section        0  rtx_lib.o(.rodata.os_timer_thread_attr)
    .L.str                                   0x00002464   Data          11  rtx_kernel.o(.rodata.str1.4)
    [Anonymous Symbol]                       0x00002464   Section        0  rtx_kernel.o(.rodata.str1.4)
    PendST                                   0x1ffff0b0   Data           1  os_systick.o(.bss.PendST)
    [Anonymous Symbol]                       0x1ffff0b0   Section        0  os_systick.o(.bss.PendST)
    os_isr_queue                             0x1ffff0b8   Data          64  rtx_lib.o(.bss.os)
    [Anonymous Symbol]                       0x1ffff0b8   Section        0  rtx_lib.o(.bss.os)
    os_mem                                   0x1ffff0f8   Data        4096  rtx_lib.o(.bss.os)
    os_timer_mq_cb                           0x200000f8   Data          52  rtx_lib.o(.bss.os.msgqueue.cb)
    [Anonymous Symbol]                       0x200000f8   Section        0  rtx_lib.o(.bss.os.msgqueue.cb)
    os_timer_mq_data                         0x2000012c   Data          80  rtx_lib.o(.bss.os.msgqueue.mem)
    [Anonymous Symbol]                       0x2000012c   Section        0  rtx_lib.o(.bss.os.msgqueue.mem)
    os_idle_thread_cb                        0x2000017c   Data          68  rtx_lib.o(.bss.os.thread.cb)
    [Anonymous Symbol]                       0x2000017c   Section        0  rtx_lib.o(.bss.os.thread.cb)
    os_timer_thread_cb                       0x200001c0   Data          68  rtx_lib.o(.bss.os.thread.cb)
    os_idle_thread_stack                     0x20000208   Data         256  rtx_lib.o(.bss.os.thread.stack)
    [Anonymous Symbol]                       0x20000208   Section        0  rtx_lib.o(.bss.os.thread.stack)
    os_timer_thread_stack                    0x20000308   Data         256  rtx_lib.o(.bss.os.thread.stack)
    STACK                                    0x20000420   Section      256  startup_mkl25z4.o(STACK)

    Global Symbols

    Symbol Name                              Value     Ov Type        Size  Object(Section)

    BuildAttributes$$THM_ISAv3M$S$PE$A:L22$X:L11$S22$IEEE1$IW$~IW$USESV6$~STKCKD$USESV7$~SHL$OTIME$EBA8$MICROLIB$REQ8$PRES8$EABIv2 0x00000000   Number         0  anon$$obj.o ABSOLUTE
    __Vectors                                0x00000000   Data           4  startup_mkl25z4.o(RESET)
    .bss.os.evflags.cb$$Base                  - Undefined Weak Reference
    .bss.os.evflags.cb$$Limit                 - Undefined Weak Reference
    .bss.os.mempool.cb$$Base                  - Undefined Weak Reference
    .bss.os.mempool.cb$$Limit                 - Undefined Weak Reference
    .bss.os.mutex.cb$$Base                    - Undefined Weak Reference
    .bss.os.mutex.cb$$Limit                   - Undefined Weak Reference
    .bss.os.semaphore.cb$$Base                - Undefined Weak Reference
    .bss.os.semaphore.cb$$Limit               - Undefined Weak Reference
    .bss.os.timer.cb$$Base                    - Undefined Weak Reference
    .bss.os.timer.cb$$Limit                   - Undefined Weak Reference
    __cpp_initialize__aeabi_                  - Undefined Weak Reference
    __cxa_finalize                            - Undefined Weak Reference
    __decompress                              - Undefined Weak Reference
    _clock_init                               - Undefined Weak Reference
    _microlib_exit                            - Undefined Weak Reference
    __Vectors_End                            0x000000c0   Data           0  startup_mkl25z4.o(RESET)
    __Vectors_Size                           0x000000c0   Number         0  startup_mkl25z4.o ABSOLUTE
    __main                                   0x000000c1   Thumb Code     0  entry.o(.ARM.Collect$$$$00000000)
    _main_stk                                0x000000c1   Thumb Code     0  entry2.o(.ARM.Collect$$$$00000001)
    _main_scatterload                        0x000000c5   Thumb Code     0  entry5.o(.ARM.Collect$$$$00000004)
    __main_after_scatterload                 0x000000c9   Thumb Code     0  entry5.o(.ARM.Collect$$$$00000004)
    _main_clock                              0x000000c9   Thumb Code     0  entry7b.o(.ARM.Collect$$$$00000008)
    _main_cpp_init                           0x000000c9   Thumb Code     0  entry8b.o(.ARM.Collect$$$$0000000A)
    _main_init                               0x000000c9   Thumb Code     0  entry9a.o(.ARM.Collect$$$$0000000B)
    __rt_final_cpp                           0x000000d1   Thumb Code     0  entry10a.o(.ARM.Collect$$$$0000000D)
    __rt_final_exit                          0x000000d1   Thumb Code     0  entry11a.o(.ARM.Collect$$$$0000000F)
    Reset_Handler                            0x000000d5   Thumb Code    12  startup_mkl25z4.o(.text)
    NMI_Handler                              0x000000e1   Thumb Code     2  startup_mkl25z4.o(.text)
    HardFault_Handler                        0x000000e3   Thumb Code     2  startup_mkl25z4.o(.text)
    ADC0_IRQHandler                          0x000000eb   Thumb Code     0  startup_mkl25z4.o(.text)
    CMP0_IRQHandler                          0x000000eb   Thumb Code     0  startup_mkl25z4.o(.text)
    DAC0_IRQHandler                          0x000000eb   Thumb Code     0  startup_mkl25z4.o(.text)
    DMA0_IRQHandler                          0x000000eb   Thumb Code     0  startup_mkl25z4.o(.text)
    DMA1_IRQHandler                          0x000000eb   Thumb Code     0  startup_mkl25z4.o(.text)
    DMA2_IRQHandler                          0x000000eb   Thumb Code     0  startup_mkl25z4.o(.text)
    DMA3_IRQHandler                          0x000000eb   Thumb Code     0  startup_mkl25z4.o(.text)
    DefaultISR                               0x000000eb   Thumb Code     0  startup_mkl25z4.o(.text)
    FTFA_IRQHandler                          0x000000eb   Thumb Code     0  startup_mkl25z4.o(.text)
    I2C0_IRQHandler                          0x000000eb   Thumb Code     0  startup_mkl25z4.o(.text)
    I2C1_IRQHandler                          0x000000eb   Thumb Code     0  startup_mkl25z4.o(.text)
    LLWU_IRQHandler                          0x000000eb   Thumb Code     0  startup_mkl25z4.o(.text)
    LPTMR0_IRQHandler                        0x000000eb   Thumb Code     0  startup_mkl25z4.o(.text)
    LVD_LVW_IRQHandler                       0x000000eb   Thumb Code     0  startup_mkl25z4.o(.text)
    MCG_IRQHandler                           0x000000eb   Thumb Code     0  startup_mkl25z4.o(.text)
    PIT_IRQHandler                           0x000000eb   Thumb Code     0  startup_mkl25z4.o(.text)
    PORTA_IRQHandler                         0x000000eb   Thumb Code     0  startup_mkl25z4.o(.text)
    PORTD_IRQHandler                         0x000000eb   Thumb Code     0  startup_mkl25z4.o(.text)
    RTC_IRQHandler                           0x000000eb   Thumb Code     0  startup_mkl25z4.o(.text)
    RTC_Seconds_IRQHandler                   0x000000eb   Thumb Code     0  startup_mkl25z4.o(.text)
    Reserved20_IRQHandler                    0x000000eb   Thumb Code     0  startup_mkl25z4.o(.text)
    Reserved39_IRQHandler                    0x000000eb   Thumb Code     0  startup_mkl25z4.o(.text)
    Reserved45_IRQHandler                    0x000000eb   Thumb Code     0  startup_mkl25z4.o(.text)
    SPI0_IRQHandler                          0x000000eb   Thumb Code     0  startup_mkl25z4.o(.text)
    SPI1_IRQHandler                          0x000000eb   Thumb Code     0  startup_mkl25z4.o(.text)
    TPM0_IRQHandler                          0x000000eb   Thumb Code     0  startup_mkl25z4.o(.text)
    TPM1_IRQHandler                          0x000000eb   Thumb Code     0  startup_mkl25z4.o(.text)
    TPM2_IRQHandler                          0x000000eb   Thumb Code     0  startup_mkl25z4.o(.text)
    TSI0_IRQHandler                          0x000000eb   Thumb Code     0  startup_mkl25z4.o(.text)
    UART0_IRQHandler                         0x000000eb   Thumb Code     0  startup_mkl25z4.o(.text)
    UART1_IRQHandler                         0x000000eb   Thumb Code     0  startup_mkl25z4.o(.text)
    USB0_IRQHandler                          0x000000eb   Thumb Code     0  startup_mkl25z4.o(.text)
    SVC_Handler                              0x000000fd   Thumb Code   132  irq_cm0.o(.text)
    PendSV_Handler                           0x00000181   Thumb Code    12  irq_cm0.o(.text)
    SysTick_Handler                          0x0000018d   Thumb Code    12  irq_cm0.o(.text)
    __aeabi_uidiv                            0x000001a1   Thumb Code     0  uidiv.o(.text)
    __aeabi_uidivmod                         0x000001a1   Thumb Code    44  uidiv.o(.text)
    __aeabi_memcpy                           0x000001cd   Thumb Code    36  memcpya.o(.text)
    __aeabi_memcpy4                          0x000001cd   Thumb Code     0  memcpya.o(.text)
    __aeabi_memcpy8                          0x000001cd   Thumb Code     0  memcpya.o(.text)
    __aeabi_memset                           0x000001f1   Thumb Code    14  memseta.o(.text)
    __aeabi_memset4                          0x000001f1   Thumb Code     0  memseta.o(.text)
    __aeabi_memset8                          0x000001f1   Thumb Code     0  memseta.o(.text)
    __aeabi_memclr                           0x000001ff   Thumb Code     4  memseta.o(.text)
    __aeabi_memclr4                          0x000001ff   Thumb Code     0  memseta.o(.text)
    __aeabi_memclr8                          0x000001ff   Thumb Code     0  memseta.o(.text)
    _memset$wrapper                          0x00000203   Thumb Code    18  memseta.o(.text)
    __scatterload                            0x00000215   Thumb Code    28  init.o(.text)
    __scatterload_rt2                        0x00000215   Thumb Code     0  init.o(.text)
    OS_Tick_AcknowledgeIRQ                   0x00000305   Thumb Code     8  os_systick.o(.text.OS_Tick_AcknowledgeIRQ)
    OS_Tick_Enable                           0x0000030d   Thumb Code    36  os_systick.o(.text.OS_Tick_Enable)
    OS_Tick_GetIRQn                          0x00000331   Thumb Code     6  os_systick.o(.text.OS_Tick_GetIRQn)
    OS_Tick_Setup                            0x00000339   Thumb Code    72  os_systick.o(.text.OS_Tick_Setup)
    UART2_IRQHandler                         0x000003d1   Thumb Code    32  uart.o(.text.UART2_IRQHandler)
    SystemCoreClockUpdate                    0x00000411   Thumb Code   268  system_mkl25z4.o(.text.SystemCoreClockUpdate)
    SystemInit                               0x0000051d   Thumb Code   228  system_mkl25z4.o(.text.SystemInit)
    calculateSpeed                           0x00000671   Thumb Code   376  motor.o(.text.calculateSpeed)
    extractUartValues                        0x0000080d   Thumb Code    36  uart.o(.text.extractUartValues)
    initAudioPWM                             0x00000831   Thumb Code   128  audio.o(.text.initAudioPWM)
    initLEDs                                 0x000008b1   Thumb Code    26  led.o(.text.initLEDs)
    initLEDsGPIO                             0x000008cd   Thumb Code   108  led.o(.text.initLEDsGPIO)
    initPWM                                  0x00000939   Thumb Code   240  motor.o(.text.initPWM)
    initUART2                                0x00000a29   Thumb Code   120  uart.o(.text.initUART2)
    ledControl                               0x00000aa1   Thumb Code    92  led.o(.text.ledControl)
    main                                     0x00000afd   Thumb Code    96  main.o(.text.main)
    moveAll                                  0x00000b5d   Thumb Code    64  motor.o(.text.moveAll)
    movingLEDThread                          0x00000b9d   Thumb Code   100  main.o(.text.movingLEDThread)
    osDelay                                  0x00000c01   Thumb Code    40  rtx_delay.o(.text.osDelay)
    osKernelInitialize                       0x00000c29   Thumb Code    40  rtx_kernel.o(.text.osKernelInitialize)
    osKernelStart                            0x00000c51   Thumb Code    36  rtx_kernel.o(.text.osKernelStart)
    osMessageQueueGet                        0x00000c75   Thumb Code   116  rtx_msgqueue.o(.text.osMessageQueueGet)
    osMessageQueueNew                        0x00000ce9   Thumb Code    36  rtx_msgqueue.o(.text.osMessageQueueNew)
    osMessageQueuePut                        0x00000d0d   Thumb Code   120  rtx_msgqueue.o(.text.osMessageQueuePut)
    osRtxErrorNotify                         0x00000d85   Thumb Code     2  rtx_config.o(.text.osRtxErrorNotify)
    osRtxIdleThread                          0x00000d87   Thumb Code     2  rtx_config.o(.text.osRtxIdleThread)
    osRtxKernelPreInit                       0x00000d89   Thumb Code     2  rtx_kernel.o(.text.osRtxKernelPreInit)
    osRtxMemoryAlloc                         0x00000d8b   Thumb Code   124  rtx_memory.o(.text.osRtxMemoryAlloc)
    osRtxMemoryFree                          0x00000e07   Thumb Code    78  rtx_memory.o(.text.osRtxMemoryFree)
    osRtxMemoryInit                          0x00000e55   Thumb Code    50  rtx_memory.o(.text.osRtxMemoryInit)
    osRtxMemoryPoolAlloc                     0x00000e87   Thumb Code    46  rtx_mempool.o(.text.osRtxMemoryPoolAlloc)
    osRtxMemoryPoolFree                      0x00000eb5   Thumb Code    58  rtx_mempool.o(.text.osRtxMemoryPoolFree)
    osRtxMemoryPoolInit                      0x00000eef   Thumb Code    62  rtx_mempool.o(.text.osRtxMemoryPoolInit)
    osRtxMutexOwnerRelease                   0x00000fe9   Thumb Code    68  rtx_mutex.o(.text.osRtxMutexOwnerRelease)
    osRtxPendSV_Handler                      0x0000102d   Thumb Code   124  rtx_system.o(.text.osRtxPendSV_Handler)
    osRtxPostProcess                         0x000010a9   Thumb Code   104  rtx_system.o(.text.osRtxPostProcess)
    osRtxThreadDelayTick                     0x00001201   Thumb Code    52  rtx_thread.o(.text.osRtxThreadDelayTick)
    osRtxThreadDispatch                      0x00001235   Thumb Code    76  rtx_thread.o(.text.osRtxThreadDispatch)
    osRtxThreadListGet                       0x000012d1   Thumb Code    20  rtx_thread.o(.text.osRtxThreadListGet)
    osRtxThreadListPut                       0x000012e5   Thumb Code    44  rtx_thread.o(.text.osRtxThreadListPut)
    osRtxThreadListRemove                    0x00001311   Thumb Code    24  rtx_thread.o(.text.osRtxThreadListRemove)
    osRtxThreadReadyPut                      0x00001351   Thumb Code    20  rtx_thread.o(.text.osRtxThreadReadyPut)
    osRtxThreadRegPtr                        0x00001365   Thumb Code     6  rtx_thread.o(.text.osRtxThreadRegPtr)
    osRtxThreadStackCheck                    0x0000136d   Thumb Code    40  rtx_thread.o(.text.osRtxThreadStackCheck)
    osRtxThreadStartup                       0x00001395   Thumb Code    56  rtx_thread.o(.text.osRtxThreadStartup)
    osRtxThreadSwitch                        0x000013cd   Thumb Code    20  rtx_thread.o(.text.osRtxThreadSwitch)
    osRtxThreadWaitEnter                     0x000013e1   Thumb Code    60  rtx_thread.o(.text.osRtxThreadWaitEnter)
    osRtxThreadWaitExit                      0x0000141d   Thumb Code    34  rtx_thread.o(.text.osRtxThreadWaitExit)
    osRtxTick_Handler                        0x00001441   Thumb Code   112  rtx_system.o(.text.osRtxTick_Handler)
    osRtxTimerThread                         0x000014b1   Thumb Code    60  rtx_timer.o(.text.osRtxTimerThread)
    osThreadExit                             0x0000154d   Thumb Code    12  rtx_thread.o(.text.osThreadExit)
    osThreadFlagsSet                         0x00001559   Thumb Code    88  rtx_thread.o(.text.osThreadFlagsSet)
    osThreadFlagsWait                        0x000015b1   Thumb Code    40  rtx_thread.o(.text.osThreadFlagsWait)
    osThreadNew                              0x000015d9   Thumb Code    36  rtx_thread.o(.text.osThreadNew)
    playBeginningTheme                       0x000015fd   Thumb Code    76  audio.o(.text.playBeginningTheme)
    playEndingTheme                          0x00001649   Thumb Code    40  audio.o(.text.playEndingTheme)
    setCourseEnded                           0x00001671   Thumb Code    12  audio.o(.text.setCourseEnded)
    setNote                                  0x0000167d   Thumb Code    40  audio.o(.text.setNote)
    stationaryLEDThread                      0x000016a5   Thumb Code    60  main.o(.text.stationaryLEDThread)
    tAudio                                   0x00001f55   Thumb Code     8  main.o(.text.tAudio)
    tBrain                                   0x00001f5d   Thumb Code    64  main.o(.text.tBrain)
    tLED                                     0x00001f9d   Thumb Code    76  main.o(.text.tLED)
    tMotorControl                            0x00001fe9   Thumb Code     2  main.o(.text.tMotorControl)
    __scatterload_copy                       0x00001feb   Thumb Code    14  handlers.o(i.__scatterload_copy)
    __scatterload_null                       0x00001ff9   Thumb Code     2  handlers.o(i.__scatterload_null)
    __scatterload_zeroinit                   0x00001ffb   Thumb Code    14  handlers.o(i.__scatterload_zeroinit)
    osRtxConfig                              0x00002008   Data         104  rtx_lib.o(.rodata)
    os_cb_sections                           0x00002070   Data          56  rtx_lib.o(.rodata)
    greenLEDs                                0x000023e0   Data          32  led.o(.rodata.greenLEDs)
    osRtxUserSVC                             0x00002400   Data           4  rtx_lib.o(.rodata.osRtxUserSVC)
    Region$$Table$$Base                      0x00002470   Number         0  anon$$obj.o(Region$$Table)
    Region$$Table$$Limit                     0x00002490   Number         0  anon$$obj.o(Region$$Table)
    SystemCoreClock                          0x1ffff000   Data           4  system_mkl25z4.o(.data.SystemCoreClock)
    osRtxInfo                                0x1ffff004   Data         164  rtx_kernel.o(.data.os)
    turnOn                                   0x1ffff0a8   Data           4  main.o(.data.turnOn)
    button                                   0x1ffff0b1   Data           1  main.o(.bss.button)
    courseEnded                              0x1ffff0b2   Data           1  audio.o(.bss.courseEnded)
    motorSpeed                               0x1ffff0b4   Data           4  main.o(.bss.motorSpeed)
    .bss.os.msgqueue.cb$$Base                0x200000f8   Number         0  rtx_lib.o(.bss.os.msgqueue.cb)
    .bss.os.msgqueue.cb$$Limit               0x2000012c   Number         0  rtx_lib.o(.bss.os.msgqueue.cb)
    .bss.os.thread.cb$$Base                  0x2000017c   Number         0  rtx_lib.o(.bss.os.thread.cb)
    .bss.os.thread.cb$$Limit                 0x20000204   Number         0  rtx_lib.o(.bss.os.thread.cb)
    rx_data                                  0x20000408   Data           1  uart.o(.bss.rx_data)
    tid_movingLEDThread                      0x2000040c   Data           4  main.o(.bss.tid_movingLEDThread)
    tid_stationaryLEDThread                  0x20000410   Data           4  main.o(.bss.tid_stationaryLEDThread)
    turnOff                                  0x20000414   Data           4  main.o(.bss.turnOff)
    uartValues                               0x20000418   Data           3  main.o(.bss.uartValues)
    __initial_sp                             0x20000520   Data           0  startup_mkl25z4.o(STACK)



==============================================================================

Memory Map of the image

  Image Entry point : 0x000000d5

  Load Region LR_1 (Base: 0x00000000, Size: 0x0000253c, Max: 0xffffffff, ABSOLUTE)

    Execution Region ER_RO (Exec base: 0x00000000, Load base: 0x00000000, Size: 0x00002490, Max: 0xffffffff, ABSOLUTE)

    Exec Addr    Load Addr    Size         Type   Attr      Idx    E Section Name        Object

    0x00000000   0x00000000   0x000000c0   Data   RO          154    RESET               startup_mkl25z4.o
    0x000000c0   0x000000c0   0x00000000   Code   RO          642  * .ARM.Collect$$$$00000000  mc_p.l(entry.o)
    0x000000c0   0x000000c0   0x00000004   Code   RO          653    .ARM.Collect$$$$00000001  mc_p.l(entry2.o)
    0x000000c4   0x000000c4   0x00000004   Code   RO          656    .ARM.Collect$$$$00000004  mc_p.l(entry5.o)
    0x000000c8   0x000000c8   0x00000000   Code   RO          658    .ARM.Collect$$$$00000008  mc_p.l(entry7b.o)
    0x000000c8   0x000000c8   0x00000000   Code   RO          660    .ARM.Collect$$$$0000000A  mc_p.l(entry8b.o)
    0x000000c8   0x000000c8   0x00000008   Code   RO          661    .ARM.Collect$$$$0000000B  mc_p.l(entry9a.o)
    0x000000d0   0x000000d0   0x00000000   Code   RO          663    .ARM.Collect$$$$0000000D  mc_p.l(entry10a.o)
    0x000000d0   0x000000d0   0x00000000   Code   RO          665    .ARM.Collect$$$$0000000F  mc_p.l(entry11a.o)
    0x000000d0   0x000000d0   0x00000004   Code   RO          654    .ARM.Collect$$$$00002712  mc_p.l(entry2.o)
    0x000000d4   0x000000d4   0x00000028   Code   RO          156  * .text               startup_mkl25z4.o
    0x000000fc   0x000000fc   0x000000a4   Code   RO          394    .text               RTX_CM0.lib(irq_cm0.o)
    0x000001a0   0x000001a0   0x0000002c   Code   RO          645    .text               mc_p.l(uidiv.o)
    0x000001cc   0x000001cc   0x00000024   Code   RO          647    .text               mc_p.l(memcpya.o)
    0x000001f0   0x000001f0   0x00000024   Code   RO          649    .text               mc_p.l(memseta.o)
    0x00000214   0x00000214   0x00000024   Code   RO          667    .text               mc_p.l(init.o)
    0x00000238   0x00000238   0x0000004c   Code   RO          626    .text.MessageQueueGet  RTX_CM0.lib(rtx_msgqueue.o)
    0x00000284   0x00000284   0x00000062   Code   RO          620    .text.MessageQueuePut  RTX_CM0.lib(rtx_msgqueue.o)
    0x000002e6   0x000002e6   0x0000001e   Code   RO          618    .text.MessageQueueRemove  RTX_CM0.lib(rtx_msgqueue.o)
    0x00000304   0x00000304   0x00000008   Code   RO          564    .text.OS_Tick_AcknowledgeIRQ  RTX_CM0.lib(os_systick.o)
    0x0000030c   0x0000030c   0x00000024   Code   RO          560    .text.OS_Tick_Enable  RTX_CM0.lib(os_systick.o)
    0x00000330   0x00000330   0x00000006   Code   RO          566    .text.OS_Tick_GetIRQn  RTX_CM0.lib(os_systick.o)
    0x00000336   0x00000336   0x00000002   PAD
    0x00000338   0x00000338   0x00000048   Code   RO          558    .text.OS_Tick_Setup  RTX_CM0.lib(os_systick.o)
    0x00000380   0x00000380   0x0000004e   Code   RO          324    .text.ThreadFlagsCheck  RTX_CM0.lib(rtx_thread.o)
    0x000003ce   0x000003ce   0x00000002   PAD
    0x000003d0   0x000003d0   0x00000020   Code   RO           67    .text.UART2_IRQHandler  uart.o
    0x000003f0   0x000003f0   0x00000010   Code   RO           63    .text.__NVIC_ClearPendingIRQ  uart.o
    0x00000400   0x00000400   0x00000010   Code   RO          155    .ARM.__at_0x400     startup_mkl25z4.o
    0x00000410   0x00000410   0x0000010c   Code   RO          167    .text.SystemCoreClockUpdate  system_mkl25z4.o
    0x0000051c   0x0000051c   0x000000e4   Code   RO          165    .text.SystemInit    system_mkl25z4.o
    0x00000600   0x00000600   0x0000004c   Code   RO          415    .text.TimerInsert   RTX_CM0.lib(rtx_timer.o)
    0x0000064c   0x0000064c   0x00000010   Code   RO           65    .text.__NVIC_EnableIRQ  uart.o
    0x0000065c   0x0000065c   0x00000014   Code   RO           61    .text.__NVIC_SetPriority  uart.o
    0x00000670   0x00000670   0x00000178   Code   RO           48    .text.calculateSpeed  motor.o
    0x000007e8   0x000007e8   0x00000022   Code   RO          105    .text.delay         audio.o
    0x0000080a   0x0000080a   0x00000002   PAD
    0x0000080c   0x0000080c   0x00000024   Code   RO           69    .text.extractUartValues  uart.o
    0x00000830   0x00000830   0x00000080   Code   RO           99    .text.initAudioPWM  audio.o
    0x000008b0   0x000008b0   0x0000001a   Code   RO           83    .text.initLEDs      led.o
    0x000008ca   0x000008ca   0x00000002   PAD
    0x000008cc   0x000008cc   0x0000006c   Code   RO           81    .text.initLEDsGPIO  led.o
    0x00000938   0x00000938   0x000000f0   Code   RO           34    .text.initPWM       motor.o
    0x00000a28   0x00000a28   0x00000078   Code   RO           59    .text.initUART2     uart.o
    0x00000aa0   0x00000aa0   0x0000005c   Code   RO           85    .text.ledControl    led.o
    0x00000afc   0x00000afc   0x00000060   Code   RO           14    .text.main          main.o
    0x00000b5c   0x00000b5c   0x00000040   Code   RO           46    .text.moveAll       motor.o
    0x00000b9c   0x00000b9c   0x00000064   Code   RO            6    .text.movingLEDThread  main.o
    0x00000c00   0x00000c00   0x00000028   Code   RO          377    .text.osDelay       RTX_CM0.lib(rtx_delay.o)
    0x00000c28   0x00000c28   0x00000028   Code   RO          181    .text.osKernelInitialize  RTX_CM0.lib(rtx_kernel.o)
    0x00000c50   0x00000c50   0x00000024   Code   RO          191    .text.osKernelStart  RTX_CM0.lib(rtx_kernel.o)
    0x00000c74   0x00000c74   0x00000074   Code   RO          592    .text.osMessageQueueGet  RTX_CM0.lib(rtx_msgqueue.o)
    0x00000ce8   0x00000ce8   0x00000024   Code   RO          586    .text.osMessageQueueNew  RTX_CM0.lib(rtx_msgqueue.o)
    0x00000d0c   0x00000d0c   0x00000078   Code   RO          590    .text.osMessageQueuePut  RTX_CM0.lib(rtx_msgqueue.o)
    0x00000d84   0x00000d84   0x00000002   Code   RO          142    .text.osRtxErrorNotify  rtx_config.o
    0x00000d86   0x00000d86   0x00000002   Code   RO          140    .text.osRtxIdleThread  rtx_config.o
    0x00000d88   0x00000d88   0x00000002   Code   RO          179    .text.osRtxKernelPreInit  RTX_CM0.lib(rtx_kernel.o)
    0x00000d8a   0x00000d8a   0x0000007c   Code   RO          477    .text.osRtxMemoryAlloc  RTX_CM0.lib(rtx_memory.o)
    0x00000e06   0x00000e06   0x0000004e   Code   RO          479    .text.osRtxMemoryFree  RTX_CM0.lib(rtx_memory.o)
    0x00000e54   0x00000e54   0x00000032   Code   RO          475    .text.osRtxMemoryInit  RTX_CM0.lib(rtx_memory.o)
    0x00000e86   0x00000e86   0x0000002e   Code   RO          492    .text.osRtxMemoryPoolAlloc  RTX_CM0.lib(rtx_mempool.o)
    0x00000eb4   0x00000eb4   0x0000003a   Code   RO          494    .text.osRtxMemoryPoolFree  RTX_CM0.lib(rtx_mempool.o)
    0x00000eee   0x00000eee   0x0000003e   Code   RO          490    .text.osRtxMemoryPoolInit  RTX_CM0.lib(rtx_mempool.o)
    0x00000f2c   0x00000f2c   0x000000bc   Code   RO          616    .text.osRtxMessageQueuePostProcess  RTX_CM0.lib(rtx_msgqueue.o)
    0x00000fe8   0x00000fe8   0x00000044   Code   RO          440    .text.osRtxMutexOwnerRelease  RTX_CM0.lib(rtx_mutex.o)
    0x0000102c   0x0000102c   0x0000007c   Code   RO          545    .text.osRtxPendSV_Handler  RTX_CM0.lib(rtx_system.o)
    0x000010a8   0x000010a8   0x00000068   Code   RO          547    .text.osRtxPostProcess  RTX_CM0.lib(rtx_system.o)
    0x00001110   0x00001110   0x00000034   Code   RO          264    .text.osRtxThreadBlock  RTX_CM0.lib(rtx_thread.o)
    0x00001144   0x00001144   0x0000007c   Code   RO          272    .text.osRtxThreadDelayInsert  RTX_CM0.lib(rtx_thread.o)
    0x000011c0   0x000011c0   0x00000040   Code   RO          268    .text.osRtxThreadDelayRemove  RTX_CM0.lib(rtx_thread.o)
    0x00001200   0x00001200   0x00000034   Code   RO          254    .text.osRtxThreadDelayTick  RTX_CM0.lib(rtx_thread.o)
    0x00001234   0x00001234   0x0000004c   Code   RO          262    .text.osRtxThreadDispatch  RTX_CM0.lib(rtx_thread.o)
    0x00001280   0x00001280   0x00000050   Code   RO          348    .text.osRtxThreadFree  RTX_CM0.lib(rtx_thread.o)
    0x000012d0   0x000012d0   0x00000014   Code   RO          246    .text.osRtxThreadListGet  RTX_CM0.lib(rtx_thread.o)
    0x000012e4   0x000012e4   0x0000002c   Code   RO          244    .text.osRtxThreadListPut  RTX_CM0.lib(rtx_thread.o)
    0x00001310   0x00001310   0x00000018   Code   RO          250    .text.osRtxThreadListRemove  RTX_CM0.lib(rtx_thread.o)
    0x00001328   0x00001328   0x00000026   Code   RO          322    .text.osRtxThreadPostProcess  RTX_CM0.lib(rtx_thread.o)
    0x0000134e   0x0000134e   0x00000002   PAD
    0x00001350   0x00001350   0x00000014   Code   RO          252    .text.osRtxThreadReadyPut  RTX_CM0.lib(rtx_thread.o)
    0x00001364   0x00001364   0x00000006   Code   RO          256    .text.osRtxThreadRegPtr  RTX_CM0.lib(rtx_thread.o)
    0x0000136a   0x0000136a   0x00000002   PAD
    0x0000136c   0x0000136c   0x00000028   Code   RO          260    .text.osRtxThreadStackCheck  RTX_CM0.lib(rtx_thread.o)
    0x00001394   0x00001394   0x00000038   Code   RO          274    .text.osRtxThreadStartup  RTX_CM0.lib(rtx_thread.o)
    0x000013cc   0x000013cc   0x00000014   Code   RO          258    .text.osRtxThreadSwitch  RTX_CM0.lib(rtx_thread.o)
    0x000013e0   0x000013e0   0x0000003c   Code   RO          270    .text.osRtxThreadWaitEnter  RTX_CM0.lib(rtx_thread.o)
    0x0000141c   0x0000141c   0x00000022   Code   RO          266    .text.osRtxThreadWaitExit  RTX_CM0.lib(rtx_thread.o)
    0x0000143e   0x0000143e   0x00000002   PAD
    0x00001440   0x00001440   0x00000070   Code   RO          543    .text.osRtxTick_Handler  RTX_CM0.lib(rtx_system.o)
    0x000014b0   0x000014b0   0x0000003c   Code   RO          399    .text.osRtxTimerThread  RTX_CM0.lib(rtx_timer.o)
    0x000014ec   0x000014ec   0x00000060   Code   RO          401    .text.osRtxTimerTick  RTX_CM0.lib(rtx_timer.o)
    0x0000154c   0x0000154c   0x0000000c   Code   RO          306    .text.osThreadExit  RTX_CM0.lib(rtx_thread.o)
    0x00001558   0x00001558   0x00000058   Code   RO          314    .text.osThreadFlagsSet  RTX_CM0.lib(rtx_thread.o)
    0x000015b0   0x000015b0   0x00000028   Code   RO          320    .text.osThreadFlagsWait  RTX_CM0.lib(rtx_thread.o)
    0x000015d8   0x000015d8   0x00000024   Code   RO          278    .text.osThreadNew   RTX_CM0.lib(rtx_thread.o)
    0x000015fc   0x000015fc   0x0000004c   Code   RO          107    .text.playBeginningTheme  audio.o
    0x00001648   0x00001648   0x00000028   Code   RO          103    .text.playEndingTheme  audio.o
    0x00001670   0x00001670   0x0000000c   Code   RO           97    .text.setCourseEnded  audio.o
    0x0000167c   0x0000167c   0x00000028   Code   RO          101    .text.setNote       audio.o
    0x000016a4   0x000016a4   0x0000003c   Code   RO            8    .text.stationaryLEDThread  main.o
    0x000016e0   0x000016e0   0x00000012   Code   RO          381    .text.svcRtxDelay   RTX_CM0.lib(rtx_delay.o)
    0x000016f2   0x000016f2   0x00000002   PAD
    0x000016f4   0x000016f4   0x00000148   Code   RO          219    .text.svcRtxKernelInitialize  RTX_CM0.lib(rtx_kernel.o)
    0x0000183c   0x0000183c   0x00000084   Code   RO          221    .text.svcRtxKernelStart  RTX_CM0.lib(rtx_kernel.o)
    0x000018c0   0x000018c0   0x000000e8   Code   RO          628    .text.svcRtxMessageQueueGet  RTX_CM0.lib(rtx_msgqueue.o)
    0x000019a8   0x000019a8   0x000001e4   Code   RO          614    .text.svcRtxMessageQueueNew  RTX_CM0.lib(rtx_msgqueue.o)
    0x00001b8c   0x00001b8c   0x000000b8   Code   RO          624    .text.svcRtxMessageQueuePut  RTX_CM0.lib(rtx_msgqueue.o)
    0x00001c44   0x00001c44   0x00000068   Code   RO          352    .text.svcRtxThreadExit  RTX_CM0.lib(rtx_thread.o)
    0x00001cac   0x00001cac   0x0000006c   Code   RO          360    .text.svcRtxThreadFlagsSet  RTX_CM0.lib(rtx_thread.o)
    0x00001d18   0x00001d18   0x00000050   Code   RO          366    .text.svcRtxThreadFlagsWait  RTX_CM0.lib(rtx_thread.o)
    0x00001d68   0x00001d68   0x000001ec   Code   RO          276    .text.svcRtxThreadNew  RTX_CM0.lib(rtx_thread.o)
    0x00001f54   0x00001f54   0x00000008   Code   RO           12    .text.tAudio        main.o
    0x00001f5c   0x00001f5c   0x00000040   Code   RO            2    .text.tBrain        main.o
    0x00001f9c   0x00001f9c   0x0000004c   Code   RO           10    .text.tLED          main.o
    0x00001fe8   0x00001fe8   0x00000002   Code   RO            4    .text.tMotorControl  main.o
    0x00001fea   0x00001fea   0x0000000e   Code   RO          671    i.__scatterload_copy  mc_p.l(handlers.o)
    0x00001ff8   0x00001ff8   0x00000002   Code   RO          672    i.__scatterload_null  mc_p.l(handlers.o)
    0x00001ffa   0x00001ffa   0x0000000e   Code   RO          673    i.__scatterload_zeroinit  mc_p.l(handlers.o)
    0x00002008   0x00002008   0x000000a0   Data   RO          127    .rodata             rtx_lib.o
    0x000020a8   0x000020a8   0x00000134   Data   RO          112    .rodata..L__const.playBeginningTheme.beginningMelody  audio.o
    0x000021dc   0x000021dc   0x0000012c   Data   RO          113    .rodata..L__const.playBeginningTheme.beginningNoteDurations  audio.o
    0x00002308   0x00002308   0x0000006c   Data   RO          110    .rodata..L__const.playEndingTheme.endingMelody  audio.o
    0x00002374   0x00002374   0x0000006c   Data   RO          111    .rodata..L__const.playEndingTheme.endingNoteDurations  audio.o
    0x000023e0   0x000023e0   0x00000020   Data   RO           87    .rodata.greenLEDs   led.o
    0x00002400   0x00002400   0x00000004   Data   RO          129    .rodata.osRtxUserSVC  rtx_lib.o
    0x00002404   0x00002404   0x00000024   Data   RO          124    .rodata.os_idle_thread_attr  rtx_lib.o
    0x00002428   0x00002428   0x00000018   Data   RO          126    .rodata.os_timer_mq_attr  rtx_lib.o
    0x00002440   0x00002440   0x00000024   Data   RO          125    .rodata.os_timer_thread_attr  rtx_lib.o
    0x00002464   0x00002464   0x0000000b   Data   RO          233    .rodata.str1.4      RTX_CM0.lib(rtx_kernel.o)
    0x0000246f   0x0000246f   0x00000001   PAD
    0x00002470   0x00002470   0x00000020   Data   RO          670    Region$$Table       anon$$obj.o


    Execution Region ER_RW (Exec base: 0x1ffff000, Load base: 0x00002490, Size: 0x000000ac, Max: 0xffffffff, ABSOLUTE)

    Exec Addr    Load Addr    Size         Type   Attr      Idx    E Section Name        Object

    0x1ffff000   0x00002490   0x00000004   Data   RW          169    .data.SystemCoreClock  system_mkl25z4.o
    0x1ffff004   0x00002494   0x000000a4   Data   RW          234    .data.os            RTX_CM0.lib(rtx_kernel.o)
    0x1ffff0a8   0x00002538   0x00000004   Data   RW           21    .data.turnOn        main.o


    Execution Region ER_ZI (Exec base: 0x1ffff0b0, Load base: 0x0000253c, Size: 0x00001470, Max: 0xffffffff, ABSOLUTE)

    Exec Addr    Load Addr    Size         Type   Attr      Idx    E Section Name        Object

    0x1ffff0b0        -       0x00000001   Zero   RW          576    .bss.PendST         RTX_CM0.lib(os_systick.o)
    0x1ffff0b1        -       0x00000001   Zero   RW           18    .bss.button         main.o
    0x1ffff0b2        -       0x00000001   Zero   RW          109    .bss.courseEnded    audio.o
    0x1ffff0b3   0x0000253c   0x00000001   PAD
    0x1ffff0b4        -       0x00000004   Zero   RW           19    .bss.motorSpeed     main.o
    0x1ffff0b8        -       0x00001040   Zero   RW          123    .bss.os             rtx_lib.o
    0x200000f8        -       0x00000034   Zero   RW          132    .bss.os.msgqueue.cb  rtx_lib.o
    0x2000012c        -       0x00000050   Zero   RW          133    .bss.os.msgqueue.mem  rtx_lib.o
    0x2000017c        -       0x00000088   Zero   RW          130    .bss.os.thread.cb   rtx_lib.o
    0x20000204   0x0000253c   0x00000004   PAD
    0x20000208        -       0x00000200   Zero   RW          131    .bss.os.thread.stack  rtx_lib.o
    0x20000408        -       0x00000001   Zero   RW           71    .bss.rx_data        uart.o
    0x20000409   0x0000253c   0x00000003   PAD
    0x2000040c        -       0x00000004   Zero   RW           22    .bss.tid_movingLEDThread  main.o
    0x20000410        -       0x00000004   Zero   RW           23    .bss.tid_stationaryLEDThread  main.o
    0x20000414        -       0x00000004   Zero   RW           20    .bss.turnOff        main.o
    0x20000418        -       0x00000003   Zero   RW           17    .bss.uartValues     main.o
    0x2000041b   0x0000253c   0x00000005   PAD
    0x20000420        -       0x00000100   Zero   RW          152    STACK               startup_mkl25z4.o


==============================================================================

Image component sizes


      Code (inc. data)   RO Data    RW Data    ZI Data      Debug   Object Name

       330         44        824          0          1       3228   audio.o
       226         24         32          0          0       2559   led.o
       406         56          0          4         20       2206   main.o
       680        164          0          0          0       4389   motor.o
         4          0          0          0          0        751   rtx_config.o
         0          0        260          0       4940       5472   rtx_lib.o
        56         30        192          0        256        868   startup_mkl25z4.o
       496         76          0          4          0       3180   system_mkl25z4.o
       240         44          0          0          1       4197   uart.o

    ----------------------------------------------------------------------
      2442        438       1340          8       5231      26850   Object Totals
         0          0         32          0          0          0   (incl. Generated)
         4          0          0          0         13          0   (incl. Padding)

    ----------------------------------------------------------------------

      Code (inc. data)   RO Data    RW Data    ZI Data      Debug   Library Member Name

       164          8          0          0          0        496   irq_cm0.o
       122         16          0          0          1       2766   os_systick.o
        58          4          0          0          0       2753   rtx_delay.o
       538         36         11        164          0      16105   rtx_kernel.o
       252          0          0          0          0       2564   rtx_memory.o
       166          0          0          0          0      14282   rtx_mempool.o
      1564         40          0          0          0      17889   rtx_msgqueue.o
        68          0          0          0          0       9201   rtx_mutex.o
       340         14          0          0          0       4635   rtx_system.o
      1848         64          0          0          0      30867   rtx_thread.o
       232         20          0          0          0      10018   rtx_timer.o
         0          0          0          0          0          0   entry.o
         0          0          0          0          0          0   entry10a.o
         0          0          0          0          0          0   entry11a.o
         8          4          0          0          0          0   entry2.o
         4          0          0          0          0          0   entry5.o
         0          0          0          0          0          0   entry7b.o
         0          0          0          0          0          0   entry8b.o
         8          4          0          0          0          0   entry9a.o
        30          0          0          0          0          0   handlers.o
        36          8          0          0          0         68   init.o
        36          0          0          0          0         60   memcpya.o
        36          0          0          0          0        100   memseta.o
        44          0          0          0          0         72   uidiv.o

    ----------------------------------------------------------------------
      5566        218         12        164          1     111876   Library Totals
        12          0          1          0          0          0   (incl. Padding)

    ----------------------------------------------------------------------

      Code (inc. data)   RO Data    RW Data    ZI Data      Debug   Library Name

      5352        202         11        164          1     111576   RTX_CM0.lib
       202         16          0          0          0        300   mc_p.l

    ----------------------------------------------------------------------
      5566        218         12        164          1     111876   Library Totals

    ----------------------------------------------------------------------

==============================================================================


      Code (inc. data)   RO Data    RW Data    ZI Data      Debug   

      8008        656       1352        172       5232     138482   Grand Totals
      8008        656       1352        172       5232     138482   ELF Image Totals
      8008        656       1352        172          0          0   ROM Totals

==============================================================================

    Total RO  Size (Code + RO Data)                 9360 (   9.14kB)
    Total RW  Size (RW Data + ZI Data)              5404 (   5.28kB)
    Total ROM Size (Code + RO Data + RW Data)       9532 (   9.31kB)

==============================================================================

