Component: ARM Compiler 6.13.1 Tool: armlink [5d895400]

==============================================================================

Section Cross References

    main.o(.text.tBrain) refers to motor.o(.text.move) for move
    main.o(.text.tBrain) refers to uart.o(.text.extractAxisValues) for extractAxisValues
    main.o(.text.tBrain) refers to motor.o(.text.calculateSpeed) for calculateSpeed
    main.o(.text.tBrain) refers to motor.o(.text.moveAll) for moveAll
    main.o(.text.tBrain) refers to main.o(.bss.axisValues) for axisValues
    main.o(.text.tBrain) refers to main.o(.bss.motorSpeed) for motorSpeed
    main.o(.ARM.exidx.text.tBrain) refers to main.o(.text.tBrain) for [Anonymous Symbol]
    main.o(.ARM.exidx.text.tMotorControl) refers to main.o(.text.tMotorControl) for [Anonymous Symbol]
    main.o(.text.movingLEDThread) refers to led.o(.text.ledControl) for ledControl
    main.o(.text.movingLEDThread) refers to rtx_delay.o(.text.osDelay) for osDelay
    main.o(.text.movingLEDThread) refers to rtx_thread.o(.text.osThreadFlagsWait) for osThreadFlagsWait
    main.o(.text.movingLEDThread) refers to main.o(.bss.turnOff) for turnOff
    main.o(.text.movingLEDThread) refers to main.o(.bss.greenCounter) for greenCounter
    main.o(.text.movingLEDThread) refers to main.o(.data.turnOn) for turnOn
    main.o(.ARM.exidx.text.movingLEDThread) refers to main.o(.text.movingLEDThread) for [Anonymous Symbol]
    main.o(.text.stationaryLEDThread) refers to rtx_thread.o(.text.osThreadFlagsWait) for osThreadFlagsWait
    main.o(.text.stationaryLEDThread) refers to led.o(.text.ledControl) for ledControl
    main.o(.text.stationaryLEDThread) refers to rtx_delay.o(.text.osDelay) for osDelay
    main.o(.text.stationaryLEDThread) refers to main.o(.data.turnOn) for turnOn
    main.o(.ARM.exidx.text.stationaryLEDThread) refers to main.o(.text.stationaryLEDThread) for [Anonymous Symbol]
    main.o(.text.tLED) refers to rtx_thread.o(.text.osThreadNew) for osThreadNew
    main.o(.text.tLED) refers to led.o(.text.ledControl) for ledControl
    main.o(.text.tLED) refers to rtx_thread.o(.text.osThreadFlagsSet) for osThreadFlagsSet
    main.o(.text.tLED) refers to main.o(.text.movingLEDThread) for movingLEDThread
    main.o(.text.tLED) refers to main.o(.bss.tid_movingLEDThread) for tid_movingLEDThread
    main.o(.text.tLED) refers to main.o(.text.stationaryLEDThread) for stationaryLEDThread
    main.o(.text.tLED) refers to main.o(.bss.tid_stationaryLEDThread) for tid_stationaryLEDThread
    main.o(.text.tLED) refers to main.o(.bss.count) for count
    main.o(.text.tLED) refers to main.o(.bss.turnOff) for turnOff
    main.o(.text.tLED) refers to main.o(.bss.isMoving) for isMoving
    main.o(.ARM.exidx.text.tLED) refers to main.o(.text.tLED) for [Anonymous Symbol]
    main.o(.ARM.exidx.text.tAudio) refers to main.o(.text.tAudio) for [Anonymous Symbol]
    main.o(.text.main) refers to system_mkl25z4.o(.text.SystemCoreClockUpdate) for SystemCoreClockUpdate
    main.o(.text.main) refers to motor.o(.text.initPWM) for initPWM
    main.o(.text.main) refers to led.o(.text.initLEDs) for initLEDs
    main.o(.text.main) refers to uart.o(.text.initUART2) for initUART2
    main.o(.text.main) refers to rtx_kernel.o(.text.osKernelInitialize) for osKernelInitialize
    main.o(.text.main) refers to rtx_thread.o(.text.osThreadNew) for osThreadNew
    main.o(.text.main) refers to rtx_kernel.o(.text.osKernelStart) for osKernelStart
    main.o(.text.main) refers to main.o(.text.tBrain) for tBrain
    main.o(.text.main) refers to main.o(.text.tMotorControl) for tMotorControl
    main.o(.text.main) refers to main.o(.text.tLED) for tLED
    main.o(.text.main) refers to main.o(.text.tAudio) for tAudio
    main.o(.ARM.exidx.text.main) refers to main.o(.text.main) for [Anonymous Symbol]
    motor.o(.ARM.exidx.text.initPWM) refers to motor.o(.text.initPWM) for [Anonymous Symbol]
    motor.o(.ARM.exidx.text.stopMotor) refers to motor.o(.text.stopMotor) for [Anonymous Symbol]
    motor.o(.ARM.exidx.text.move) refers to motor.o(.text.move) for [Anonymous Symbol]
    motor.o(.ARM.exidx.text.reverse) refers to motor.o(.text.reverse) for [Anonymous Symbol]
    motor.o(.ARM.exidx.text.goLeft) refers to motor.o(.text.goLeft) for [Anonymous Symbol]
    motor.o(.ARM.exidx.text.goRight) refers to motor.o(.text.goRight) for [Anonymous Symbol]
    motor.o(.ARM.exidx.text.moveAll) refers to motor.o(.text.moveAll) for [Anonymous Symbol]
    motor.o(.text.calculateSpeed) refers to motor.o(.rodata..Lswitch.table.calculateSpeed.1) for [Anonymous Symbol]
    motor.o(.text.calculateSpeed) refers to motor.o(.rodata..Lswitch.table.calculateSpeed) for [Anonymous Symbol]
    motor.o(.ARM.exidx.text.calculateSpeed) refers to motor.o(.text.calculateSpeed) for [Anonymous Symbol]
    uart.o(.text.initUART2) refers to uidiv_div0.o(.text) for __aeabi_uidiv
    uart.o(.ARM.exidx.text.initUART2) refers to uart.o(.text.initUART2) for [Anonymous Symbol]
[...]
    rtx_msgqueue.o(.ARM.exidx.text.svcRtxMessageQueueGetName) refers to rtx_msgqueue.o(.text.svcRtxMessageQueueGetName) for [Anonymous Symbol]
    rtx_msgqueue.o(.text.svcRtxMessageQueuePut) refers to rtx_thread.o(.text.osRtxThreadListGet) for osRtxThreadListGet
    rtx_msgqueue.o(.text.svcRtxMessageQueuePut) refers to rtx_thread.o(.text.osRtxThreadWaitExit) for osRtxThreadWaitExit
    rtx_msgqueue.o(.text.svcRtxMessageQueuePut) refers to rtx_thread.o(.text.osRtxThreadRegPtr) for osRtxThreadRegPtr
    rtx_msgqueue.o(.text.svcRtxMessageQueuePut) refers to memcpya.o(.text) for __aeabi_memcpy
    rtx_msgqueue.o(.text.svcRtxMessageQueuePut) refers to rtx_mempool.o(.text.osRtxMemoryPoolAlloc) for osRtxMemoryPoolAlloc
    rtx_msgqueue.o(.text.svcRtxMessageQueuePut) refers to rtx_msgqueue.o(.text.MessageQueuePut) for MessageQueuePut
    rtx_msgqueue.o(.text.svcRtxMessageQueuePut) refers to rtx_thread.o(.text.osRtxThreadWaitEnter) for osRtxThreadWaitEnter
    rtx_msgqueue.o(.text.svcRtxMessageQueuePut) refers to rtx_thread.o(.text.osRtxThreadListPut) for osRtxThreadListPut
    rtx_msgqueue.o(.text.svcRtxMessageQueuePut) refers to rtx_kernel.o(.data.os) for osRtxInfo
    rtx_msgqueue.o(.ARM.exidx.text.svcRtxMessageQueuePut) refers to rtx_msgqueue.o(.text.svcRtxMessageQueuePut) for [Anonymous Symbol]
    rtx_msgqueue.o(.ARM.exidx.text.MessageQueueGet) refers to rtx_msgqueue.o(.text.MessageQueueGet) for [Anonymous Symbol]
    rtx_msgqueue.o(.text.svcRtxMessageQueueGet) refers to rtx_msgqueue.o(.text.MessageQueueGet) for MessageQueueGet
    rtx_msgqueue.o(.text.svcRtxMessageQueueGet) refers to rtx_msgqueue.o(.text.MessageQueueRemove) for MessageQueueRemove
    rtx_msgqueue.o(.text.svcRtxMessageQueueGet) refers to memcpya.o(.text) for __aeabi_memcpy
    rtx_msgqueue.o(.text.svcRtxMessageQueueGet) refers to rtx_mempool.o(.text.osRtxMemoryPoolFree) for osRtxMemoryPoolFree
    rtx_msgqueue.o(.text.svcRtxMessageQueueGet) refers to rtx_mempool.o(.text.osRtxMemoryPoolAlloc) for osRtxMemoryPoolAlloc
    rtx_msgqueue.o(.text.svcRtxMessageQueueGet) refers to rtx_thread.o(.text.osRtxThreadListGet) for osRtxThreadListGet
    rtx_msgqueue.o(.text.svcRtxMessageQueueGet) refers to rtx_thread.o(.text.osRtxThreadWaitExit) for osRtxThreadWaitExit
    rtx_msgqueue.o(.text.svcRtxMessageQueueGet) refers to rtx_thread.o(.text.osRtxThreadRegPtr) for osRtxThreadRegPtr
    rtx_msgqueue.o(.text.svcRtxMessageQueueGet) refers to rtx_msgqueue.o(.text.MessageQueuePut) for MessageQueuePut
    rtx_msgqueue.o(.text.svcRtxMessageQueueGet) refers to rtx_thread.o(.text.osRtxThreadWaitEnter) for osRtxThreadWaitEnter
    rtx_msgqueue.o(.text.svcRtxMessageQueueGet) refers to rtx_thread.o(.text.osRtxThreadListPut) for osRtxThreadListPut
    rtx_msgqueue.o(.text.svcRtxMessageQueueGet) refers to rtx_kernel.o(.data.os) for osRtxInfo
    rtx_msgqueue.o(.ARM.exidx.text.svcRtxMessageQueueGet) refers to rtx_msgqueue.o(.text.svcRtxMessageQueueGet) for [Anonymous Symbol]
    rtx_msgqueue.o(.text.svcRtxMessageQueueReset) refers to rtx_msgqueue.o(.text.MessageQueueRemove) for MessageQueueRemove
    rtx_msgqueue.o(.text.svcRtxMessageQueueReset) refers to rtx_mempool.o(.text.osRtxMemoryPoolFree) for osRtxMemoryPoolFree
    rtx_msgqueue.o(.text.svcRtxMessageQueueReset) refers to rtx_msgqueue.o(.text.MessageQueueGet) for MessageQueueGet
    rtx_msgqueue.o(.text.svcRtxMessageQueueReset) refers to rtx_mempool.o(.text.osRtxMemoryPoolAlloc) for osRtxMemoryPoolAlloc
    rtx_msgqueue.o(.text.svcRtxMessageQueueReset) refers to rtx_thread.o(.text.osRtxThreadListGet) for osRtxThreadListGet
    rtx_msgqueue.o(.text.svcRtxMessageQueueReset) refers to rtx_thread.o(.text.osRtxThreadWaitExit) for osRtxThreadWaitExit
    rtx_msgqueue.o(.text.svcRtxMessageQueueReset) refers to rtx_thread.o(.text.osRtxThreadRegPtr) for osRtxThreadRegPtr
    rtx_msgqueue.o(.text.svcRtxMessageQueueReset) refers to memcpya.o(.text) for __aeabi_memcpy
    rtx_msgqueue.o(.text.svcRtxMessageQueueReset) refers to rtx_msgqueue.o(.text.MessageQueuePut) for MessageQueuePut
    rtx_msgqueue.o(.text.svcRtxMessageQueueReset) refers to rtx_thread.o(.text.osRtxThreadDispatch) for osRtxThreadDispatch
    rtx_msgqueue.o(.ARM.exidx.text.svcRtxMessageQueueReset) refers to rtx_msgqueue.o(.text.svcRtxMessageQueueReset) for [Anonymous Symbol]
    rtx_msgqueue.o(.text.svcRtxMessageQueueDelete) refers to rtx_thread.o(.text.osRtxThreadListGet) for osRtxThreadListGet
    rtx_msgqueue.o(.text.svcRtxMessageQueueDelete) refers to rtx_thread.o(.text.osRtxThreadWaitExit) for osRtxThreadWaitExit
    rtx_msgqueue.o(.text.svcRtxMessageQueueDelete) refers to rtx_thread.o(.text.osRtxThreadDispatch) for osRtxThreadDispatch
    rtx_msgqueue.o(.text.svcRtxMessageQueueDelete) refers to rtx_memory.o(.text.osRtxMemoryFree) for osRtxMemoryFree
    rtx_msgqueue.o(.text.svcRtxMessageQueueDelete) refers to rtx_mempool.o(.text.osRtxMemoryPoolFree) for osRtxMemoryPoolFree
    rtx_msgqueue.o(.text.svcRtxMessageQueueDelete) refers to rtx_kernel.o(.data.os) for osRtxInfo
    rtx_msgqueue.o(.ARM.exidx.text.svcRtxMessageQueueDelete) refers to rtx_msgqueue.o(.text.svcRtxMessageQueueDelete) for [Anonymous Symbol]
    entry.o(.ARM.Collect$$$$00000000) refers (Special) to entry10a.o(.ARM.Collect$$$$0000000D) for __rt_final_cpp
    entry.o(.ARM.Collect$$$$00000000) refers (Special) to entry11a.o(.ARM.Collect$$$$0000000F) for __rt_final_exit
    entry.o(.ARM.Collect$$$$00000000) refers (Special) to entry7b.o(.ARM.Collect$$$$00000008) for _main_clock
    entry.o(.ARM.Collect$$$$00000000) refers (Special) to entry8b.o(.ARM.Collect$$$$0000000A) for _main_cpp_init
    entry.o(.ARM.Collect$$$$00000000) refers (Special) to entry9a.o(.ARM.Collect$$$$0000000B) for _main_init
    entry.o(.ARM.Collect$$$$00000000) refers (Special) to entry5.o(.ARM.Collect$$$$00000004) for _main_scatterload
    entry.o(.ARM.Collect$$$$00000000) refers (Special) to entry2.o(.ARM.Collect$$$$00000001) for _main_stk
    entry2.o(.ARM.Collect$$$$00000001) refers to entry2.o(.ARM.Collect$$$$00002712) for __lit__00000000
    entry2.o(.ARM.Collect$$$$00002712) refers to startup_mkl25z4.o(STACK) for __initial_sp
    entry2.o(__vectab_stack_and_reset_area) refers to startup_mkl25z4.o(STACK) for __initial_sp
    entry2.o(__vectab_stack_and_reset_area) refers to entry.o(.ARM.Collect$$$$00000000) for __main
    entry5.o(.ARM.Collect$$$$00000004) refers to init.o(.text) for __scatterload
    entry9a.o(.ARM.Collect$$$$0000000B) refers to main.o(.text.main) for main
    entry9b.o(.ARM.Collect$$$$0000000C) refers to main.o(.text.main) for main
    init.o(.text) refers to entry5.o(.ARM.Collect$$$$00000004) for __main_after_scatterload


==============================================================================

Removing Unused input sections from the image.

    Removing main.o(.text), (0 bytes).
    Removing main.o(.ARM.exidx.text.tBrain), (8 bytes).
    Removing main.o(.ARM.exidx.text.tMotorControl), (8 bytes).
    Removing main.o(.ARM.exidx.text.movingLEDThread), (8 bytes).
    Removing main.o(.ARM.exidx.text.stationaryLEDThread), (8 bytes).
    Removing main.o(.ARM.exidx.text.tLED), (8 bytes).
    Removing main.o(.ARM.exidx.text.tAudio), (8 bytes).
    Removing main.o(.ARM.exidx.text.main), (8 bytes).
    Removing main.o(.ARM.use_no_argv), (4 bytes).
    Removing motor.o(.text), (0 bytes).
    Removing motor.o(.ARM.exidx.text.initPWM), (8 bytes).
    Removing motor.o(.text.stopMotor), (24 bytes).
    Removing motor.o(.ARM.exidx.text.stopMotor), (8 bytes).
    Removing motor.o(.text.move), (20 bytes).
    Removing motor.o(.ARM.exidx.text.move), (8 bytes).
    Removing motor.o(.text.reverse), (20 bytes).
    Removing motor.o(.ARM.exidx.text.reverse), (8 bytes).
    Removing motor.o(.text.goLeft), (12 bytes).
    Removing motor.o(.ARM.exidx.text.goLeft), (8 bytes).
    Removing motor.o(.text.goRight), (12 bytes).
    Removing motor.o(.ARM.exidx.text.goRight), (8 bytes).
    Removing motor.o(.ARM.exidx.text.moveAll), (8 bytes).
    Removing motor.o(.ARM.exidx.text.calculateSpeed), (8 bytes).
    Removing uart.o(.text), (0 bytes).
    Removing uart.o(.ARM.exidx.text.initUART2), (8 bytes).
    Removing uart.o(.ARM.exidx.text.__NVIC_SetPriority), (8 bytes).
    Removing uart.o(.ARM.exidx.text.__NVIC_ClearPendingIRQ), (8 bytes).
    Removing uart.o(.ARM.exidx.text.__NVIC_EnableIRQ), (8 bytes).
    Removing uart.o(.ARM.exidx.text.UART2_IRQHandler), (8 bytes).
    Removing uart.o(.ARM.exidx.text.extractAxisValues), (8 bytes).
    Removing led.o(.text), (0 bytes).
    Removing led.o(.text.initPIT), (84 bytes).
    Removing led.o(.ARM.exidx.text.initPIT), (8 bytes).
    Removing led.o(.text.__NVIC_SetPriority), (20 bytes).
    Removing led.o(.ARM.exidx.text.__NVIC_SetPriority), (8 bytes).
    Removing led.o(.text.__NVIC_ClearPendingIRQ), (16 bytes).
    Removing led.o(.ARM.exidx.text.__NVIC_ClearPendingIRQ), (8 bytes).
    Removing led.o(.text.__NVIC_EnableIRQ), (16 bytes).
    Removing led.o(.ARM.exidx.text.__NVIC_EnableIRQ), (8 bytes).
    Removing led.o(.text.startPIT), (16 bytes).
    Removing led.o(.ARM.exidx.text.startPIT), (8 bytes).
    Removing led.o(.text.stopPIT), (16 bytes).
    Removing led.o(.ARM.exidx.text.stopPIT), (8 bytes).
    Removing led.o(.text.getRedPeriod), (12 bytes).
    Removing led.o(.ARM.exidx.text.getRedPeriod), (8 bytes).
    Removing led.o(.ARM.exidx.text.initLEDsGPIO), (8 bytes).
    Removing led.o(.ARM.exidx.text.initLEDs), (8 bytes).
    Removing led.o(.ARM.exidx.text.ledControl), (8 bytes).
    Removing led.o(.bss.redPeriod), (4 bytes).
    Removing rtx_lib.o(.text), (0 bytes).
    Removing rtx_lib.o(.data.irqRtxLibRef), (4 bytes).
    Removing rtx_config.o(.text), (0 bytes).
    Removing rtx_config.o(.ARM.exidx.text.osRtxIdleThread), (8 bytes).
    Removing rtx_config.o(.ARM.exidx.text.osRtxErrorNotify), (8 bytes).
    Removing startup_mkl25z4.o(HEAP), (0 bytes).
    Removing system_mkl25z4.o(.text), (0 bytes).
    Removing system_mkl25z4.o(.ARM.exidx.text.SystemInit), (8 bytes).
    Removing system_mkl25z4.o(.ARM.exidx.text.SystemCoreClockUpdate), (8 bytes).
    Removing rtx_kernel.o(.text), (0 bytes).
    Removing rtx_kernel.o(.ARM.exidx.text.osRtxKernelPreInit), (8 bytes).
    Removing rtx_kernel.o(.ARM.exidx.text.osKernelInitialize), (8 bytes).
    Removing rtx_kernel.o(.text.osKernelGetInfo), (44 bytes).
    Removing rtx_kernel.o(.ARM.exidx.text.osKernelGetInfo), (8 bytes).
    Removing rtx_kernel.o(.text.svcRtxKernelGetInfo), (56 bytes).
    Removing rtx_kernel.o(.ARM.exidx.text.svcRtxKernelGetInfo), (8 bytes).
    Removing rtx_kernel.o(.text.osKernelGetState), (48 bytes).
    Removing rtx_kernel.o(.ARM.exidx.text.osKernelGetState), (8 bytes).
    Removing rtx_kernel.o(.text.svcRtxKernelGetState), (12 bytes).
    Removing rtx_kernel.o(.ARM.exidx.text.svcRtxKernelGetState), (8 bytes).
    Removing rtx_kernel.o(.ARM.exidx.text.osKernelStart), (8 bytes).
    Removing rtx_kernel.o(.text.osKernelLock), (36 bytes).
    Removing rtx_kernel.o(.ARM.exidx.text.osKernelLock), (8 bytes).
    Removing rtx_kernel.o(.text.osKernelUnlock), (36 bytes).
    Removing rtx_kernel.o(.ARM.exidx.text.osKernelUnlock), (8 bytes).
    Removing rtx_kernel.o(.text.osKernelRestoreLock), (40 bytes).
    Removing rtx_kernel.o(.ARM.exidx.text.osKernelRestoreLock), (8 bytes).
    Removing rtx_kernel.o(.text.osKernelSuspend), (32 bytes).
    Removing rtx_kernel.o(.ARM.exidx.text.osKernelSuspend), (8 bytes).
    Removing rtx_kernel.o(.text.osKernelResume), (32 bytes).
    Removing rtx_kernel.o(.ARM.exidx.text.osKernelResume), (8 bytes).
    Removing rtx_kernel.o(.text.osKernelGetTickCount), (40 bytes).
    Removing rtx_kernel.o(.ARM.exidx.text.osKernelGetTickCount), (8 bytes).
    Removing rtx_kernel.o(.text.svcRtxKernelGetTickCount), (12 bytes).
    Removing rtx_kernel.o(.ARM.exidx.text.svcRtxKernelGetTickCount), (8 bytes).
    Removing rtx_kernel.o(.text.osKernelGetTickFreq), (40 bytes).
    Removing rtx_kernel.o(.ARM.exidx.text.osKernelGetTickFreq), (8 bytes).
    Removing rtx_kernel.o(.text.svcRtxKernelGetTickFreq), (12 bytes).
    Removing rtx_kernel.o(.ARM.exidx.text.svcRtxKernelGetTickFreq), (8 bytes).
    Removing rtx_kernel.o(.text.osKernelGetSysTimerCount), (36 bytes).
    Removing rtx_kernel.o(.ARM.exidx.text.osKernelGetSysTimerCount), (8 bytes).
    Removing rtx_kernel.o(.text.svcRtxKernelGetSysTimerCount), (44 bytes).
    Removing rtx_kernel.o(.ARM.exidx.text.svcRtxKernelGetSysTimerCount), (8 bytes).
    Removing rtx_kernel.o(.text.osKernelGetSysTimerFreq), (36 bytes).
    Removing rtx_kernel.o(.ARM.exidx.text.osKernelGetSysTimerFreq), (8 bytes).
    Removing rtx_kernel.o(.text.svcRtxKernelGetSysTimerFreq), (8 bytes).
    Removing rtx_kernel.o(.ARM.exidx.text.svcRtxKernelGetSysTimerFreq), (8 bytes).
    Removing rtx_kernel.o(.ARM.exidx.text.svcRtxKernelInitialize), (8 bytes).
    Removing rtx_kernel.o(.ARM.exidx.text.svcRtxKernelStart), (8 bytes).
    Removing rtx_kernel.o(.text.svcRtxKernelLock), (36 bytes).
    Removing rtx_kernel.o(.ARM.exidx.text.svcRtxKernelLock), (8 bytes).
    Removing rtx_kernel.o(.text.svcRtxKernelUnlock), (36 bytes).
    Removing rtx_kernel.o(.ARM.exidx.text.svcRtxKernelUnlock), (8 bytes).
    Removing rtx_kernel.o(.text.svcRtxKernelRestoreLock), (48 bytes).
    Removing rtx_kernel.o(.ARM.exidx.text.svcRtxKernelRestoreLock), (8 bytes).
    Removing rtx_kernel.o(.text.svcRtxKernelSuspend), (84 bytes).
    Removing rtx_kernel.o(.ARM.exidx.text.svcRtxKernelSuspend), (8 bytes).
    Removing rtx_kernel.o(.text.svcRtxKernelResume), (136 bytes).
    Removing rtx_kernel.o(.ARM.exidx.text.svcRtxKernelResume), (8 bytes).
    Removing rtx_thread.o(.text), (0 bytes).
    Removing rtx_thread.o(.ARM.exidx.text.osRtxThreadListPut), (8 bytes).
    Removing rtx_thread.o(.ARM.exidx.text.osRtxThreadListGet), (8 bytes).
    Removing rtx_thread.o(.text.osRtxThreadListSort), (38 bytes).
    Removing rtx_thread.o(.ARM.exidx.text.osRtxThreadListSort), (8 bytes).
    Removing rtx_thread.o(.ARM.exidx.text.osRtxThreadListRemove), (8 bytes).
    Removing rtx_thread.o(.ARM.exidx.text.osRtxThreadReadyPut), (8 bytes).
    Removing rtx_thread.o(.ARM.exidx.text.osRtxThreadDelayTick), (8 bytes).
    Removing rtx_thread.o(.ARM.exidx.text.osRtxThreadRegPtr), (8 bytes).
    Removing rtx_thread.o(.ARM.exidx.text.osRtxThreadSwitch), (8 bytes).
    Removing rtx_thread.o(.ARM.exidx.text.osRtxThreadStackCheck), (8 bytes).
    Removing rtx_thread.o(.ARM.exidx.text.osRtxThreadDispatch), (8 bytes).
    Removing rtx_thread.o(.ARM.exidx.text.osRtxThreadBlock), (8 bytes).
    Removing rtx_thread.o(.ARM.exidx.text.osRtxThreadWaitExit), (8 bytes).
    Removing rtx_thread.o(.ARM.exidx.text.osRtxThreadDelayRemove), (8 bytes).
    Removing rtx_thread.o(.ARM.exidx.text.osRtxThreadWaitEnter), (8 bytes).
    Removing rtx_thread.o(.ARM.exidx.text.osRtxThreadDelayInsert), (8 bytes).
    Removing rtx_thread.o(.ARM.exidx.text.osRtxThreadStartup), (8 bytes).
    Removing rtx_thread.o(.ARM.exidx.text.svcRtxThreadNew), (8 bytes).
    Removing rtx_thread.o(.ARM.exidx.text.osThreadNew), (8 bytes).
    Removing rtx_thread.o(.text.osThreadGetName), (36 bytes).
    Removing rtx_thread.o(.ARM.exidx.text.osThreadGetName), (8 bytes).
    Removing rtx_thread.o(.text.osThreadGetId), (40 bytes).
    Removing rtx_thread.o(.ARM.exidx.text.osThreadGetId), (8 bytes).
    Removing rtx_thread.o(.text.svcRtxThreadGetId), (12 bytes).
    Removing rtx_thread.o(.ARM.exidx.text.svcRtxThreadGetId), (8 bytes).
    Removing rtx_thread.o(.text.osThreadGetState), (40 bytes).
    Removing rtx_thread.o(.ARM.exidx.text.osThreadGetState), (8 bytes).
    Removing rtx_thread.o(.text.osThreadGetStackSize), (36 bytes).
    Removing rtx_thread.o(.ARM.exidx.text.osThreadGetStackSize), (8 bytes).
    Removing rtx_thread.o(.text.osThreadGetStackSpace), (36 bytes).
    Removing rtx_thread.o(.ARM.exidx.text.osThreadGetStackSpace), (8 bytes).
    Removing rtx_thread.o(.text.osThreadSetPriority), (40 bytes).
    Removing rtx_thread.o(.ARM.exidx.text.osThreadSetPriority), (8 bytes).
    Removing rtx_thread.o(.text.osThreadGetPriority), (40 bytes).
    Removing rtx_thread.o(.ARM.exidx.text.osThreadGetPriority), (8 bytes).
    Removing rtx_thread.o(.text.osThreadYield), (36 bytes).
    Removing rtx_thread.o(.ARM.exidx.text.osThreadYield), (8 bytes).
    Removing rtx_thread.o(.text.osThreadSuspend), (40 bytes).
    Removing rtx_thread.o(.ARM.exidx.text.osThreadSuspend), (8 bytes).
    Removing rtx_thread.o(.text.osThreadResume), (40 bytes).
    Removing rtx_thread.o(.ARM.exidx.text.osThreadResume), (8 bytes).
    Removing rtx_thread.o(.text.osThreadDetach), (40 bytes).
    Removing rtx_thread.o(.ARM.exidx.text.osThreadDetach), (8 bytes).
    Removing rtx_thread.o(.text.osThreadJoin), (40 bytes).
    Removing rtx_thread.o(.ARM.exidx.text.osThreadJoin), (8 bytes).
    Removing rtx_thread.o(.ARM.exidx.text.osThreadExit), (8 bytes).
    Removing rtx_thread.o(.text.osThreadTerminate), (40 bytes).
    Removing rtx_thread.o(.ARM.exidx.text.osThreadTerminate), (8 bytes).
    Removing rtx_thread.o(.text.osThreadGetCount), (32 bytes).
    Removing rtx_thread.o(.ARM.exidx.text.osThreadGetCount), (8 bytes).
    Removing rtx_thread.o(.text.osThreadEnumerate), (36 bytes).
    Removing rtx_thread.o(.ARM.exidx.text.osThreadEnumerate), (8 bytes).
    Removing rtx_thread.o(.ARM.exidx.text.osThreadFlagsSet), (8 bytes).
    Removing rtx_thread.o(.text.osThreadFlagsClear), (40 bytes).
    Removing rtx_thread.o(.ARM.exidx.text.osThreadFlagsClear), (8 bytes).
    Removing rtx_thread.o(.text.osThreadFlagsGet), (32 bytes).
    Removing rtx_thread.o(.ARM.exidx.text.osThreadFlagsGet), (8 bytes).
    Removing rtx_thread.o(.ARM.exidx.text.osThreadFlagsWait), (8 bytes).
    Removing rtx_thread.o(.ARM.exidx.text.osRtxThreadPostProcess), (8 bytes).
    Removing rtx_thread.o(.ARM.exidx.text.ThreadFlagsCheck), (8 bytes).
    Removing rtx_thread.o(.text.svcRtxThreadGetName), (18 bytes).
    Removing rtx_thread.o(.ARM.exidx.text.svcRtxThreadGetName), (8 bytes).
    Removing rtx_thread.o(.text.svcRtxThreadGetState), (24 bytes).
    Removing rtx_thread.o(.ARM.exidx.text.svcRtxThreadGetState), (8 bytes).
    Removing rtx_thread.o(.text.svcRtxThreadGetStackSize), (18 bytes).
    Removing rtx_thread.o(.ARM.exidx.text.svcRtxThreadGetStackSize), (8 bytes).
    Removing rtx_thread.o(.text.svcRtxThreadGetStackSpace), (68 bytes).
    Removing rtx_thread.o(.ARM.exidx.text.svcRtxThreadGetStackSpace), (8 bytes).
    Removing rtx_thread.o(.text.svcRtxThreadSetPriority), (72 bytes).
    Removing rtx_thread.o(.ARM.exidx.text.svcRtxThreadSetPriority), (8 bytes).
    Removing rtx_thread.o(.text.svcRtxThreadGetPriority), (28 bytes).
    Removing rtx_thread.o(.ARM.exidx.text.svcRtxThreadGetPriority), (8 bytes).
    Removing rtx_thread.o(.text.svcRtxThreadYield), (56 bytes).
    Removing rtx_thread.o(.ARM.exidx.text.svcRtxThreadYield), (8 bytes).
    Removing rtx_thread.o(.text.svcRtxThreadSuspend), (136 bytes).
    Removing rtx_thread.o(.ARM.exidx.text.svcRtxThreadSuspend), (8 bytes).
    Removing rtx_thread.o(.text.svcRtxThreadResume), (54 bytes).
    Removing rtx_thread.o(.ARM.exidx.text.svcRtxThreadResume), (8 bytes).
    Removing rtx_thread.o(.text.svcRtxThreadDetach), (58 bytes).
    Removing rtx_thread.o(.ARM.exidx.text.svcRtxThreadDetach), (8 bytes).
    Removing rtx_thread.o(.text.osRtxThreadListUnlink), (36 bytes).
    Removing rtx_thread.o(.ARM.exidx.text.osRtxThreadListUnlink), (8 bytes).
    Removing rtx_thread.o(.ARM.exidx.text.osRtxThreadFree), (8 bytes).
    Removing rtx_thread.o(.text.svcRtxThreadJoin), (92 bytes).
    Removing rtx_thread.o(.ARM.exidx.text.svcRtxThreadJoin), (8 bytes).
    Removing rtx_thread.o(.ARM.exidx.text.svcRtxThreadExit), (8 bytes).
    Removing rtx_thread.o(.text.svcRtxThreadTerminate), (188 bytes).
    Removing rtx_thread.o(.ARM.exidx.text.svcRtxThreadTerminate), (8 bytes).
    Removing rtx_thread.o(.text.svcRtxThreadGetCount), (56 bytes).
    Removing rtx_thread.o(.ARM.exidx.text.svcRtxThreadGetCount), (8 bytes).
    Removing rtx_thread.o(.text.svcRtxThreadEnumerate), (96 bytes).
    Removing rtx_thread.o(.ARM.exidx.text.svcRtxThreadEnumerate), (8 bytes).
    Removing rtx_thread.o(.ARM.exidx.text.svcRtxThreadFlagsSet), (8 bytes).
    Removing rtx_thread.o(.text.svcRtxThreadFlagsClear), (56 bytes).
    Removing rtx_thread.o(.ARM.exidx.text.svcRtxThreadFlagsClear), (8 bytes).
    Removing rtx_thread.o(.text.svcRtxThreadFlagsGet), (20 bytes).
    Removing rtx_thread.o(.ARM.exidx.text.svcRtxThreadFlagsGet), (8 bytes).
    Removing rtx_thread.o(.ARM.exidx.text.svcRtxThreadFlagsWait), (8 bytes).
    Removing irq_cm0.o(.constdata), (1 bytes).
    Removing rtx_timer.o(.text), (0 bytes).
    Removing rtx_timer.o(.ARM.exidx.text.osRtxTimerThread), (8 bytes).
    Removing rtx_timer.o(.ARM.exidx.text.osRtxTimerTick), (8 bytes).
    Removing rtx_timer.o(.text.osTimerNew), (36 bytes).
    Removing rtx_timer.o(.ARM.exidx.text.osTimerNew), (8 bytes).
    Removing rtx_timer.o(.text.osTimerGetName), (36 bytes).
    Removing rtx_timer.o(.ARM.exidx.text.osTimerGetName), (8 bytes).
    Removing rtx_timer.o(.text.osTimerStart), (40 bytes).
    Removing rtx_timer.o(.ARM.exidx.text.osTimerStart), (8 bytes).
    Removing rtx_timer.o(.text.osTimerStop), (40 bytes).
    Removing rtx_timer.o(.ARM.exidx.text.osTimerStop), (8 bytes).
    Removing rtx_timer.o(.text.osTimerIsRunning), (36 bytes).
    Removing rtx_timer.o(.ARM.exidx.text.osTimerIsRunning), (8 bytes).
    Removing rtx_timer.o(.text.osTimerDelete), (40 bytes).
    Removing rtx_timer.o(.ARM.exidx.text.osTimerDelete), (8 bytes).
    Removing rtx_timer.o(.ARM.exidx.text.TimerInsert), (8 bytes).
    Removing rtx_timer.o(.text.svcRtxTimerNew), (132 bytes).
    Removing rtx_timer.o(.ARM.exidx.text.svcRtxTimerNew), (8 bytes).
    Removing rtx_timer.o(.text.svcRtxTimerGetName), (18 bytes).
    Removing rtx_timer.o(.ARM.exidx.text.svcRtxTimerGetName), (8 bytes).
    Removing rtx_timer.o(.text.svcRtxTimerStart), (72 bytes).
    Removing rtx_timer.o(.ARM.exidx.text.svcRtxTimerStart), (8 bytes).
    Removing rtx_timer.o(.text.TimerRemove), (40 bytes).
    Removing rtx_timer.o(.ARM.exidx.text.TimerRemove), (8 bytes).
    Removing rtx_timer.o(.text.svcRtxTimerStop), (42 bytes).
    Removing rtx_timer.o(.ARM.exidx.text.svcRtxTimerStop), (8 bytes).
    Removing rtx_timer.o(.text.svcRtxTimerIsRunning), (24 bytes).
    Removing rtx_timer.o(.ARM.exidx.text.svcRtxTimerIsRunning), (8 bytes).
    Removing rtx_timer.o(.text.svcRtxTimerDelete), (76 bytes).
    Removing rtx_timer.o(.ARM.exidx.text.svcRtxTimerDelete), (8 bytes).
    Removing rtx_mutex.o(.text), (0 bytes).
    Removing rtx_mutex.o(.ARM.exidx.text.osRtxMutexOwnerRelease), (8 bytes).
    Removing rtx_mutex.o(.text.osMutexNew), (36 bytes).
    Removing rtx_mutex.o(.ARM.exidx.text.osMutexNew), (8 bytes).
    Removing rtx_mutex.o(.text.osMutexGetName), (36 bytes).
    Removing rtx_mutex.o(.ARM.exidx.text.osMutexGetName), (8 bytes).
    Removing rtx_mutex.o(.text.osMutexAcquire), (40 bytes).
    Removing rtx_mutex.o(.ARM.exidx.text.osMutexAcquire), (8 bytes).
    Removing rtx_mutex.o(.text.osMutexRelease), (40 bytes).
    Removing rtx_mutex.o(.ARM.exidx.text.osMutexRelease), (8 bytes).
    Removing rtx_mutex.o(.text.osMutexGetOwner), (36 bytes).
    Removing rtx_mutex.o(.ARM.exidx.text.osMutexGetOwner), (8 bytes).
    Removing rtx_mutex.o(.text.osMutexDelete), (40 bytes).
    Removing rtx_mutex.o(.ARM.exidx.text.osMutexDelete), (8 bytes).
    Removing rtx_mutex.o(.text.svcRtxMutexNew), (112 bytes).
    Removing rtx_mutex.o(.ARM.exidx.text.svcRtxMutexNew), (8 bytes).
    Removing rtx_mutex.o(.text.svcRtxMutexGetName), (18 bytes).
    Removing rtx_mutex.o(.ARM.exidx.text.svcRtxMutexGetName), (8 bytes).
    Removing rtx_mutex.o(.text.svcRtxMutexAcquire), (152 bytes).
    Removing rtx_mutex.o(.ARM.exidx.text.svcRtxMutexAcquire), (8 bytes).
    Removing rtx_mutex.o(.text.svcRtxMutexRelease), (192 bytes).
    Removing rtx_mutex.o(.ARM.exidx.text.svcRtxMutexRelease), (8 bytes).
    Removing rtx_mutex.o(.text.svcRtxMutexGetOwner), (24 bytes).
    Removing rtx_mutex.o(.ARM.exidx.text.svcRtxMutexGetOwner), (8 bytes).
    Removing rtx_mutex.o(.text.svcRtxMutexDelete), (188 bytes).
    Removing rtx_mutex.o(.ARM.exidx.text.svcRtxMutexDelete), (8 bytes).
    Removing rtx_memory.o(.text), (0 bytes).
    Removing rtx_memory.o(.ARM.exidx.text.osRtxMemoryInit), (8 bytes).
    Removing rtx_memory.o(.ARM.exidx.text.osRtxMemoryAlloc), (8 bytes).
    Removing rtx_memory.o(.ARM.exidx.text.osRtxMemoryFree), (8 bytes).
    Removing rtx_mempool.o(.text), (0 bytes).
    Removing rtx_mempool.o(.ARM.exidx.text.osRtxMemoryPoolInit), (8 bytes).
    Removing rtx_mempool.o(.ARM.exidx.text.osRtxMemoryPoolAlloc), (8 bytes).
    Removing rtx_mempool.o(.ARM.exidx.text.osRtxMemoryPoolFree), (8 bytes).
    Removing rtx_mempool.o(.text.osMemoryPoolNew), (36 bytes).
    Removing rtx_mempool.o(.ARM.exidx.text.osMemoryPoolNew), (8 bytes).
    Removing rtx_mempool.o(.text.osMemoryPoolGetName), (36 bytes).
    Removing rtx_mempool.o(.ARM.exidx.text.osMemoryPoolGetName), (8 bytes).
    Removing rtx_mempool.o(.text.osMemoryPoolAlloc), (56 bytes).
    Removing rtx_mempool.o(.ARM.exidx.text.osMemoryPoolAlloc), (8 bytes).
    Removing rtx_mempool.o(.text.osMemoryPoolFree), (72 bytes).
    Removing rtx_mempool.o(.ARM.exidx.text.osMemoryPoolFree), (8 bytes).
    Removing rtx_mempool.o(.text.osMemoryPoolGetCapacity), (48 bytes).
    Removing rtx_mempool.o(.ARM.exidx.text.osMemoryPoolGetCapacity), (8 bytes).
    Removing rtx_mempool.o(.text.svcRtxMemoryPoolGetCapacity), (18 bytes).
    Removing rtx_mempool.o(.ARM.exidx.text.svcRtxMemoryPoolGetCapacity), (8 bytes).
    Removing rtx_mempool.o(.text.osMemoryPoolGetBlockSize), (48 bytes).
    Removing rtx_mempool.o(.ARM.exidx.text.osMemoryPoolGetBlockSize), (8 bytes).
    Removing rtx_mempool.o(.text.svcRtxMemoryPoolGetBlockSize), (18 bytes).
    Removing rtx_mempool.o(.ARM.exidx.text.svcRtxMemoryPoolGetBlockSize), (8 bytes).
    Removing rtx_mempool.o(.text.osMemoryPoolGetCount), (48 bytes).
    Removing rtx_mempool.o(.ARM.exidx.text.osMemoryPoolGetCount), (8 bytes).
    Removing rtx_mempool.o(.text.svcRtxMemoryPoolGetCount), (18 bytes).
    Removing rtx_mempool.o(.ARM.exidx.text.svcRtxMemoryPoolGetCount), (8 bytes).
    Removing rtx_mempool.o(.text.osMemoryPoolGetSpace), (36 bytes).
    Removing rtx_mempool.o(.ARM.exidx.text.osMemoryPoolGetSpace), (8 bytes).
    Removing rtx_mempool.o(.text.svcRtxMemoryPoolGetSpace), (22 bytes).
    Removing rtx_mempool.o(.ARM.exidx.text.svcRtxMemoryPoolGetSpace), (8 bytes).
    Removing rtx_mempool.o(.text.osMemoryPoolDelete), (40 bytes).
    Removing rtx_mempool.o(.ARM.exidx.text.osMemoryPoolDelete), (8 bytes).
    Removing rtx_mempool.o(.text.svcRtxMemoryPoolNew), (444 bytes).
    Removing rtx_mempool.o(.ARM.exidx.text.svcRtxMemoryPoolNew), (8 bytes).
    Removing rtx_mempool.o(.text.osRtxMemoryPoolPostProcess), (40 bytes).
    Removing rtx_mempool.o(.ARM.exidx.text.osRtxMemoryPoolPostProcess), (8 bytes).
    Removing rtx_mempool.o(.text.svcRtxMemoryPoolGetName), (18 bytes).
    Removing rtx_mempool.o(.ARM.exidx.text.svcRtxMemoryPoolGetName), (8 bytes).
    Removing rtx_mempool.o(.text.svcRtxMemoryPoolAlloc), (64 bytes).
    Removing rtx_mempool.o(.ARM.exidx.text.svcRtxMemoryPoolAlloc), (8 bytes).
    Removing rtx_mempool.o(.text.svcRtxMemoryPoolFree), (72 bytes).
    Removing rtx_mempool.o(.ARM.exidx.text.svcRtxMemoryPoolFree), (8 bytes).
    Removing rtx_mempool.o(.text.svcRtxMemoryPoolDelete), (112 bytes).
    Removing rtx_mempool.o(.ARM.exidx.text.svcRtxMemoryPoolDelete), (8 bytes).
    Removing rtx_system.o(.text), (0 bytes).
    Removing rtx_system.o(.ARM.exidx.text.osRtxTick_Handler), (8 bytes).
    Removing rtx_system.o(.ARM.exidx.text.osRtxPendSV_Handler), (8 bytes).
    Removing rtx_system.o(.ARM.exidx.text.osRtxPostProcess), (8 bytes).
    Removing os_systick.o(.text), (0 bytes).
    Removing os_systick.o(.ARM.exidx.text.OS_Tick_Setup), (8 bytes).
    Removing os_systick.o(.ARM.exidx.text.OS_Tick_Enable), (8 bytes).
    Removing os_systick.o(.text.OS_Tick_Disable), (40 bytes).
    Removing os_systick.o(.ARM.exidx.text.OS_Tick_Disable), (8 bytes).
    Removing os_systick.o(.ARM.exidx.text.OS_Tick_AcknowledgeIRQ), (8 bytes).
    Removing os_systick.o(.ARM.exidx.text.OS_Tick_GetIRQn), (8 bytes).
    Removing os_systick.o(.text.OS_Tick_GetClock), (12 bytes).
    Removing os_systick.o(.ARM.exidx.text.OS_Tick_GetClock), (8 bytes).
    Removing os_systick.o(.text.OS_Tick_GetInterval), (12 bytes).
    Removing os_systick.o(.ARM.exidx.text.OS_Tick_GetInterval), (8 bytes).
    Removing os_systick.o(.text.OS_Tick_GetCount), (16 bytes).
    Removing os_systick.o(.ARM.exidx.text.OS_Tick_GetCount), (8 bytes).
    Removing os_systick.o(.text.OS_Tick_GetOverflow), (16 bytes).
    Removing os_systick.o(.ARM.exidx.text.OS_Tick_GetOverflow), (8 bytes).
    Removing rtx_msgqueue.o(.text), (0 bytes).
    Removing rtx_msgqueue.o(.ARM.exidx.text.osMessageQueueNew), (8 bytes).
    Removing rtx_msgqueue.o(.text.osMessageQueueGetName), (36 bytes).
    Removing rtx_msgqueue.o(.ARM.exidx.text.osMessageQueueGetName), (8 bytes).
    Removing rtx_msgqueue.o(.ARM.exidx.text.osMessageQueuePut), (8 bytes).
    Removing rtx_msgqueue.o(.ARM.exidx.text.osMessageQueueGet), (8 bytes).
    Removing rtx_msgqueue.o(.text.osMessageQueueGetCapacity), (48 bytes).
    Removing rtx_msgqueue.o(.ARM.exidx.text.osMessageQueueGetCapacity), (8 bytes).
    Removing rtx_msgqueue.o(.text.svcRtxMessageQueueGetCapacity), (18 bytes).
    Removing rtx_msgqueue.o(.ARM.exidx.text.svcRtxMessageQueueGetCapacity), (8 bytes).
    Removing rtx_msgqueue.o(.text.osMessageQueueGetMsgSize), (48 bytes).
    Removing rtx_msgqueue.o(.ARM.exidx.text.osMessageQueueGetMsgSize), (8 bytes).
    Removing rtx_msgqueue.o(.text.svcRtxMessageQueueGetMsgSize), (18 bytes).
    Removing rtx_msgqueue.o(.ARM.exidx.text.svcRtxMessageQueueGetMsgSize), (8 bytes).
    Removing rtx_msgqueue.o(.text.osMessageQueueGetCount), (48 bytes).
    Removing rtx_msgqueue.o(.ARM.exidx.text.osMessageQueueGetCount), (8 bytes).
    Removing rtx_msgqueue.o(.text.svcRtxMessageQueueGetCount), (18 bytes).
    Removing rtx_msgqueue.o(.ARM.exidx.text.svcRtxMessageQueueGetCount), (8 bytes).
    Removing rtx_msgqueue.o(.text.osMessageQueueGetSpace), (36 bytes).
    Removing rtx_msgqueue.o(.ARM.exidx.text.osMessageQueueGetSpace), (8 bytes).
    Removing rtx_msgqueue.o(.text.svcRtxMessageQueueGetSpace), (22 bytes).
    Removing rtx_msgqueue.o(.ARM.exidx.text.svcRtxMessageQueueGetSpace), (8 bytes).
    Removing rtx_msgqueue.o(.text.osMessageQueueReset), (40 bytes).
    Removing rtx_msgqueue.o(.ARM.exidx.text.osMessageQueueReset), (8 bytes).
    Removing rtx_msgqueue.o(.text.osMessageQueueDelete), (40 bytes).
    Removing rtx_msgqueue.o(.ARM.exidx.text.osMessageQueueDelete), (8 bytes).
    Removing rtx_msgqueue.o(.ARM.exidx.text.svcRtxMessageQueueNew), (8 bytes).
    Removing rtx_msgqueue.o(.ARM.exidx.text.osRtxMessageQueuePostProcess), (8 bytes).
    Removing rtx_msgqueue.o(.ARM.exidx.text.MessageQueueRemove), (8 bytes).
    Removing rtx_msgqueue.o(.ARM.exidx.text.MessageQueuePut), (8 bytes).
    Removing rtx_msgqueue.o(.text.svcRtxMessageQueueGetName), (18 bytes).
    Removing rtx_msgqueue.o(.ARM.exidx.text.svcRtxMessageQueueGetName), (8 bytes).
    Removing rtx_msgqueue.o(.ARM.exidx.text.svcRtxMessageQueuePut), (8 bytes).
    Removing rtx_msgqueue.o(.ARM.exidx.text.MessageQueueGet), (8 bytes).
    Removing rtx_msgqueue.o(.ARM.exidx.text.svcRtxMessageQueueGet), (8 bytes).
    Removing rtx_msgqueue.o(.text.svcRtxMessageQueueReset), (162 bytes).
    Removing rtx_msgqueue.o(.ARM.exidx.text.svcRtxMessageQueueReset), (8 bytes).
    Removing rtx_msgqueue.o(.text.svcRtxMessageQueueDelete), (112 bytes).
    Removing rtx_msgqueue.o(.ARM.exidx.text.svcRtxMessageQueueDelete), (8 bytes).

348 unused section(s) (total 8231 bytes) removed from the image.

==============================================================================

Image Symbol Table

    Local Symbols

    Symbol Name                              Value     Ov Type        Size  Object(Section)

    ../clib/microlib/division.c              0x00000000   Number         0  uidiv.o ABSOLUTE
    ../clib/microlib/init/entry.s            0x00000000   Number         0  entry.o ABSOLUTE
    ../clib/microlib/init/entry.s            0x00000000   Number         0  entry2.o ABSOLUTE
    ../clib/microlib/init/entry.s            0x00000000   Number         0  entry5.o ABSOLUTE
    ../clib/microlib/init/entry.s            0x00000000   Number         0  entry7a.o ABSOLUTE
    ../clib/microlib/init/entry.s            0x00000000   Number         0  entry7b.o ABSOLUTE
    ../clib/microlib/init/entry.s            0x00000000   Number         0  entry8a.o ABSOLUTE
    ../clib/microlib/init/entry.s            0x00000000   Number         0  entry8b.o ABSOLUTE
    ../clib/microlib/init/entry.s            0x00000000   Number         0  entry9a.o ABSOLUTE
    ../clib/microlib/init/entry.s            0x00000000   Number         0  entry9b.o ABSOLUTE
    ../clib/microlib/init/entry.s            0x00000000   Number         0  entry10a.o ABSOLUTE
    ../clib/microlib/init/entry.s            0x00000000   Number         0  entry10b.o ABSOLUTE
    ../clib/microlib/init/entry.s            0x00000000   Number         0  entry11a.o ABSOLUTE
    ../clib/microlib/init/entry.s            0x00000000   Number         0  entry11b.o ABSOLUTE
    ../clib/microlib/string/memcpy.c         0x00000000   Number         0  memcpya.o ABSOLUTE
    ../clib/microlib/string/memcpy.c         0x00000000   Number         0  memcpyb.o ABSOLUTE
    ../clib/microlib/string/memset.c         0x00000000   Number         0  memseta.o ABSOLUTE
    ..\..\..\Source\ARM\irq_cm0.s            0x00000000   Number         0  irq_cm0.o ABSOLUTE
    RTE\Device\MKL25Z128xxx4\startup_MKL25Z4.s 0x00000000   Number         0  startup_mkl25z4.o ABSOLUTE
    RTX_Config.c                             0x00000000   Number         0  rtx_config.o ABSOLUTE
    dc.s                                     0x00000000   Number         0  dc.o ABSOLUTE
    handlers.s                               0x00000000   Number         0  handlers.o ABSOLUTE
    init.s                                   0x00000000   Number         0  init.o ABSOLUTE
    led.c                                    0x00000000   Number         0  led.o ABSOLUTE
    main.c                                   0x00000000   Number         0  main.o ABSOLUTE
    motor.c                                  0x00000000   Number         0  motor.o ABSOLUTE
    os_systick.c                             0x00000000   Number         0  os_systick.o ABSOLUTE
    rtx_delay.c                              0x00000000   Number         0  rtx_delay.o ABSOLUTE
    rtx_kernel.c                             0x00000000   Number         0  rtx_kernel.o ABSOLUTE
    rtx_lib.c                                0x00000000   Number         0  rtx_lib.o ABSOLUTE
    rtx_memory.c                             0x00000000   Number         0  rtx_memory.o ABSOLUTE
    rtx_mempool.c                            0x00000000   Number         0  rtx_mempool.o ABSOLUTE
    rtx_msgqueue.c                           0x00000000   Number         0  rtx_msgqueue.o ABSOLUTE
    rtx_mutex.c                              0x00000000   Number         0  rtx_mutex.o ABSOLUTE
    rtx_system.c                             0x00000000   Number         0  rtx_system.o ABSOLUTE
    rtx_thread.c                             0x00000000   Number         0  rtx_thread.o ABSOLUTE
    rtx_timer.c                              0x00000000   Number         0  rtx_timer.o ABSOLUTE
    system_MKL25Z4.c                         0x00000000   Number         0  system_mkl25z4.o ABSOLUTE
    uart.c                                   0x00000000   Number         0  uart.o ABSOLUTE
    RESET                                    0x00000000   Section      192  startup_mkl25z4.o(RESET)
    .ARM.Collect$$$$00000000                 0x000000c0   Section        0  entry.o(.ARM.Collect$$$$00000000)
    .ARM.Collect$$$$00000001                 0x000000c0   Section        4  entry2.o(.ARM.Collect$$$$00000001)
    .ARM.Collect$$$$00000004                 0x000000c4   Section        4  entry5.o(.ARM.Collect$$$$00000004)
    .ARM.Collect$$$$00000008                 0x000000c8   Section        0  entry7b.o(.ARM.Collect$$$$00000008)
    .ARM.Collect$$$$0000000A                 0x000000c8   Section        0  entry8b.o(.ARM.Collect$$$$0000000A)
    .ARM.Collect$$$$0000000B                 0x000000c8   Section        8  entry9a.o(.ARM.Collect$$$$0000000B)
    __lit__00000000                          0x000000d0   Data           4  entry2.o(.ARM.Collect$$$$00002712)
    .ARM.Collect$$$$0000000D                 0x000000d0   Section        0  entry10a.o(.ARM.Collect$$$$0000000D)
    .ARM.Collect$$$$0000000F                 0x000000d0   Section        0  entry11a.o(.ARM.Collect$$$$0000000F)
    .ARM.Collect$$$$00002712                 0x000000d0   Section        4  entry2.o(.ARM.Collect$$$$00002712)
    .text                                    0x000000d4   Section       40  startup_mkl25z4.o(.text)
    .text                                    0x000000fc   Section      164  irq_cm0.o(.text)
    .text                                    0x000001a0   Section        0  memcpya.o(.text)
    .text                                    0x000001c4   Section        0  memseta.o(.text)
    .text                                    0x000001e8   Section        0  uidiv_div0.o(.text)
    .text                                    0x00000228   Section       48  init.o(.text)
    MessageQueueGet                          0x00000259   Thumb Code    76  rtx_msgqueue.o(.text.MessageQueueGet)
    [Anonymous Symbol]                       0x00000258   Section        0  rtx_msgqueue.o(.text.MessageQueueGet)
    MessageQueuePut                          0x000002a5   Thumb Code    98  rtx_msgqueue.o(.text.MessageQueuePut)
    [Anonymous Symbol]                       0x000002a4   Section        0  rtx_msgqueue.o(.text.MessageQueuePut)
    MessageQueueRemove                       0x00000307   Thumb Code    30  rtx_msgqueue.o(.text.MessageQueueRemove)
    [Anonymous Symbol]                       0x00000306   Section        0  rtx_msgqueue.o(.text.MessageQueueRemove)
    [Anonymous Symbol]                       0x00000324   Section        0  os_systick.o(.text.OS_Tick_AcknowledgeIRQ)
    [Anonymous Symbol]                       0x0000032c   Section        0  os_systick.o(.text.OS_Tick_Enable)
    __arm_cp.1_1                             0x0000034c   Number         4  os_systick.o(.text.OS_Tick_Enable)
    [Anonymous Symbol]                       0x00000350   Section        0  os_systick.o(.text.OS_Tick_GetIRQn)
    [Anonymous Symbol]                       0x00000358   Section        0  os_systick.o(.text.OS_Tick_Setup)
    __arm_cp.0_1                             0x00000394   Number         4  os_systick.o(.text.OS_Tick_Setup)
    __arm_cp.0_2                             0x00000398   Number         4  os_systick.o(.text.OS_Tick_Setup)
    __arm_cp.0_3                             0x0000039c   Number         4  os_systick.o(.text.OS_Tick_Setup)
    ThreadFlagsCheck                         0x000003a1   Thumb Code    78  rtx_thread.o(.text.ThreadFlagsCheck)
    [Anonymous Symbol]                       0x000003a0   Section        0  rtx_thread.o(.text.ThreadFlagsCheck)
    [Anonymous Symbol]                       0x000003ee   Section        0  rtx_config.o(.text.osRtxErrorNotify)
    [Anonymous Symbol]                       0x000003f0   Section        0  rtx_config.o(.text.osRtxIdleThread)
    [Anonymous Symbol]                       0x000003f2   Section        0  rtx_kernel.o(.text.osRtxKernelPreInit)
    [Anonymous Symbol]                       0x000003f4   Section        0  rtx_thread.o(.text.osRtxThreadRegPtr)
    [Anonymous Symbol]                       0x000003fa   Section        0  main.o(.text.tAudio)
    [Anonymous Symbol]                       0x000003fc   Section        0  main.o(.text.tLED)
    [Anonymous Symbol]                       0x000003fe   Section        0  main.o(.text.tMotorControl)
    .ARM.__at_0x400                          0x00000400   Section       16  startup_mkl25z4.o(.ARM.__at_0x400)
    [Anonymous Symbol]                       0x00000410   Section        0  system_mkl25z4.o(.text.SystemCoreClockUpdate)
    __arm_cp.1_0                             0x00000500   Number         4  system_mkl25z4.o(.text.SystemCoreClockUpdate)
    __arm_cp.1_1                             0x00000504   Number         4  system_mkl25z4.o(.text.SystemCoreClockUpdate)
    __arm_cp.1_2                             0x00000508   Number         4  system_mkl25z4.o(.text.SystemCoreClockUpdate)
    __arm_cp.1_3                             0x0000050c   Number         4  system_mkl25z4.o(.text.SystemCoreClockUpdate)
    __arm_cp.1_4                             0x00000510   Number         4  system_mkl25z4.o(.text.SystemCoreClockUpdate)
    __arm_cp.1_5                             0x00000514   Number         4  system_mkl25z4.o(.text.SystemCoreClockUpdate)
    __arm_cp.1_6                             0x00000518   Number         4  system_mkl25z4.o(.text.SystemCoreClockUpdate)
    [Anonymous Symbol]                       0x0000051c   Section        0  system_mkl25z4.o(.text.SystemInit)
    __arm_cp.0_0                             0x000005d8   Number         4  system_mkl25z4.o(.text.SystemInit)
    __arm_cp.0_1                             0x000005dc   Number         4  system_mkl25z4.o(.text.SystemInit)
    __arm_cp.0_2                             0x000005e0   Number         4  system_mkl25z4.o(.text.SystemInit)
    __arm_cp.0_3                             0x000005e4   Number         4  system_mkl25z4.o(.text.SystemInit)
    __arm_cp.0_5                             0x000005e8   Number         4  system_mkl25z4.o(.text.SystemInit)
    __arm_cp.0_6                             0x000005ec   Number         4  system_mkl25z4.o(.text.SystemInit)
    __arm_cp.0_7                             0x000005f0   Number         4  system_mkl25z4.o(.text.SystemInit)
    __arm_cp.0_8                             0x000005f4   Number         4  system_mkl25z4.o(.text.SystemInit)
    __arm_cp.0_9                             0x000005f8   Number         4  system_mkl25z4.o(.text.SystemInit)
    __arm_cp.0_10                            0x000005fc   Number         4  system_mkl25z4.o(.text.SystemInit)
    TimerInsert                              0x00000601   Thumb Code    76  rtx_timer.o(.text.TimerInsert)
    [Anonymous Symbol]                       0x00000600   Section        0  rtx_timer.o(.text.TimerInsert)
    __arm_cp.8_0                             0x00000648   Number         4  rtx_timer.o(.text.TimerInsert)
    [Anonymous Symbol]                       0x0000064c   Section        0  uart.o(.text.UART2_IRQHandler)
    __arm_cp.1_1                             0x00000664   Number         4  uart.o(.text.UART2_IRQHandler)
    [Anonymous Symbol]                       0x00000668   Section        0  motor.o(.text.calculateSpeed)
    __arm_cp.7_0                             0x00000798   Number         4  motor.o(.text.calculateSpeed)
    __arm_cp.7_1                             0x0000079c   Number         4  motor.o(.text.calculateSpeed)
    __arm_cp.7_3                             0x000007a0   Number         4  motor.o(.text.calculateSpeed)
    __arm_cp.7_4                             0x000007a4   Number         4  motor.o(.text.calculateSpeed)
    __arm_cp.7_5                             0x000007a8   Number         4  motor.o(.text.calculateSpeed)
    __arm_cp.7_6                             0x000007ac   Number         4  motor.o(.text.calculateSpeed)
    __arm_cp.7_7                             0x000007b0   Number         4  motor.o(.text.calculateSpeed)
    __arm_cp.7_8                             0x000007b4   Number         4  motor.o(.text.calculateSpeed)
    __arm_cp.7_9                             0x000007b8   Number         4  motor.o(.text.calculateSpeed)
    __arm_cp.7_10                            0x000007bc   Number         4  motor.o(.text.calculateSpeed)
    __arm_cp.7_11                            0x000007c0   Number         4  motor.o(.text.calculateSpeed)
    [Anonymous Symbol]                       0x000007c4   Section        0  uart.o(.text.extractAxisValues)
    __arm_cp.2_0                             0x000007d4   Number         4  uart.o(.text.extractAxisValues)
    [Anonymous Symbol]                       0x000007d8   Section        0  motor.o(.text.initPWM)
    __arm_cp.0_0                             0x000008b0   Number         4  motor.o(.text.initPWM)
    __arm_cp.0_1                             0x000008b4   Number         4  motor.o(.text.initPWM)
    __arm_cp.0_2                             0x000008b8   Number         4  motor.o(.text.initPWM)
    __arm_cp.0_3                             0x000008bc   Number         4  motor.o(.text.initPWM)
    __arm_cp.0_4                             0x000008c0   Number         4  motor.o(.text.initPWM)
    __arm_cp.0_5                             0x000008c4   Number         4  motor.o(.text.initPWM)
    [Anonymous Symbol]                       0x000008c8   Section        0  uart.o(.text.initUART2)
    __arm_cp.0_0                             0x0000093c   Number         4  uart.o(.text.initUART2)
    __arm_cp.0_1                             0x00000940   Number         4  uart.o(.text.initUART2)
    __arm_cp.0_2                             0x00000944   Number         4  uart.o(.text.initUART2)
    __arm_cp.0_3                             0x00000948   Number         4  uart.o(.text.initUART2)
    __arm_cp.0_4                             0x0000094c   Number         4  uart.o(.text.initUART2)
    __arm_cp.0_5                             0x00000950   Number         4  uart.o(.text.initUART2)
    __arm_cp.0_6                             0x00000954   Number         4  uart.o(.text.initUART2)
    [Anonymous Symbol]                       0x00000958   Section        0  main.o(.text.main)
    __arm_cp.4_0                             0x000009a0   Number         4  main.o(.text.main)
    __arm_cp.4_1                             0x000009a4   Number         4  main.o(.text.main)
    __arm_cp.4_2                             0x000009a8   Number         4  main.o(.text.main)
    __arm_cp.4_3                             0x000009ac   Number         4  main.o(.text.main)
    [Anonymous Symbol]                       0x000009b0   Section        0  motor.o(.text.moveAll)
    __arm_cp.6_0                             0x000009e8   Number         4  motor.o(.text.moveAll)
    __arm_cp.6_1                             0x000009ec   Number         4  motor.o(.text.moveAll)
    [Anonymous Symbol]                       0x000009f0   Section        0  rtx_kernel.o(.text.osKernelInitialize)
    __arm_cp.1_0                             0x00000a14   Number         4  rtx_kernel.o(.text.osKernelInitialize)
    [Anonymous Symbol]                       0x00000a18   Section        0  rtx_kernel.o(.text.osKernelStart)
    __arm_cp.6_0                             0x00000a38   Number         4  rtx_kernel.o(.text.osKernelStart)
    [Anonymous Symbol]                       0x00000a3c   Section        0  rtx_msgqueue.o(.text.osMessageQueueGet)
    __arm_cp.3_0                             0x00000aac   Number         4  rtx_msgqueue.o(.text.osMessageQueueGet)
    [Anonymous Symbol]                       0x00000ab0   Section        0  rtx_msgqueue.o(.text.osMessageQueueNew)
    __arm_cp.0_0                             0x00000ad0   Number         4  rtx_msgqueue.o(.text.osMessageQueueNew)
    [Anonymous Symbol]                       0x00000ad4   Section        0  rtx_msgqueue.o(.text.osMessageQueuePut)
    __arm_cp.2_0                             0x00000b48   Number         4  rtx_msgqueue.o(.text.osMessageQueuePut)
    [Anonymous Symbol]                       0x00000b4c   Section        0  rtx_memory.o(.text.osRtxMemoryAlloc)
    [Anonymous Symbol]                       0x00000bc8   Section        0  rtx_memory.o(.text.osRtxMemoryFree)
    [Anonymous Symbol]                       0x00000c16   Section        0  rtx_memory.o(.text.osRtxMemoryInit)
    [Anonymous Symbol]                       0x00000c48   Section        0  rtx_mempool.o(.text.osRtxMemoryPoolAlloc)
    [Anonymous Symbol]                       0x00000c76   Section        0  rtx_mempool.o(.text.osRtxMemoryPoolFree)
    [Anonymous Symbol]                       0x00000cb0   Section        0  rtx_mempool.o(.text.osRtxMemoryPoolInit)
    osRtxMessageQueuePostProcess             0x00000cef   Thumb Code   188  rtx_msgqueue.o(.text.osRtxMessageQueuePostProcess)
    [Anonymous Symbol]                       0x00000cee   Section        0  rtx_msgqueue.o(.text.osRtxMessageQueuePostProcess)
    [Anonymous Symbol]                       0x00000daa   Section        0  rtx_mutex.o(.text.osRtxMutexOwnerRelease)
    [Anonymous Symbol]                       0x00000df0   Section        0  rtx_system.o(.text.osRtxPendSV_Handler)
    [Anonymous Symbol]                       0x00000e6c   Section        0  rtx_system.o(.text.osRtxPostProcess)
    __arm_cp.2_1                             0x00000ed0   Number         4  rtx_system.o(.text.osRtxPostProcess)
    osRtxThreadBlock                         0x00000ed5   Thumb Code    52  rtx_thread.o(.text.osRtxThreadBlock)
    [Anonymous Symbol]                       0x00000ed4   Section        0  rtx_thread.o(.text.osRtxThreadBlock)
    osRtxThreadDelayInsert                   0x00000f09   Thumb Code   124  rtx_thread.o(.text.osRtxThreadDelayInsert)
    [Anonymous Symbol]                       0x00000f08   Section        0  rtx_thread.o(.text.osRtxThreadDelayInsert)
    osRtxThreadDelayRemove                   0x00000f85   Thumb Code    64  rtx_thread.o(.text.osRtxThreadDelayRemove)
    [Anonymous Symbol]                       0x00000f84   Section        0  rtx_thread.o(.text.osRtxThreadDelayRemove)
    [Anonymous Symbol]                       0x00000fc4   Section        0  rtx_thread.o(.text.osRtxThreadDelayTick)
    [Anonymous Symbol]                       0x00000ff8   Section        0  rtx_thread.o(.text.osRtxThreadDispatch)
    osRtxThreadFree                          0x00001045   Thumb Code    80  rtx_thread.o(.text.osRtxThreadFree)
    [Anonymous Symbol]                       0x00001044   Section        0  rtx_thread.o(.text.osRtxThreadFree)
    [Anonymous Symbol]                       0x00001094   Section        0  rtx_thread.o(.text.osRtxThreadListGet)
    [Anonymous Symbol]                       0x000010a8   Section        0  rtx_thread.o(.text.osRtxThreadListPut)
    [Anonymous Symbol]                       0x000010d4   Section        0  rtx_thread.o(.text.osRtxThreadListRemove)
    osRtxThreadPostProcess                   0x000010ed   Thumb Code    38  rtx_thread.o(.text.osRtxThreadPostProcess)
    [Anonymous Symbol]                       0x000010ec   Section        0  rtx_thread.o(.text.osRtxThreadPostProcess)
    [Anonymous Symbol]                       0x00001114   Section        0  rtx_thread.o(.text.osRtxThreadReadyPut)
    [Anonymous Symbol]                       0x00001128   Section        0  rtx_thread.o(.text.osRtxThreadStackCheck)
    __arm_cp.8_1                             0x0000114c   Number         4  rtx_thread.o(.text.osRtxThreadStackCheck)
    [Anonymous Symbol]                       0x00001150   Section        0  rtx_thread.o(.text.osRtxThreadStartup)
    __arm_cp.15_1                            0x00001180   Number         4  rtx_thread.o(.text.osRtxThreadStartup)
    __arm_cp.15_3                            0x00001184   Number         4  rtx_thread.o(.text.osRtxThreadStartup)
    [Anonymous Symbol]                       0x00001188   Section        0  rtx_thread.o(.text.osRtxThreadSwitch)
    __arm_cp.7_0                             0x00001198   Number         4  rtx_thread.o(.text.osRtxThreadSwitch)
    [Anonymous Symbol]                       0x0000119c   Section        0  rtx_thread.o(.text.osRtxThreadWaitEnter)
    __arm_cp.13_0                            0x000011d4   Number         4  rtx_thread.o(.text.osRtxThreadWaitEnter)
    [Anonymous Symbol]                       0x000011d8   Section        0  rtx_thread.o(.text.osRtxThreadWaitExit)
    [Anonymous Symbol]                       0x000011fc   Section        0  rtx_system.o(.text.osRtxTick_Handler)
    [Anonymous Symbol]                       0x0000126c   Section        0  rtx_timer.o(.text.osRtxTimerThread)
    __arm_cp.0_1                             0x0000129c   Number         4  rtx_timer.o(.text.osRtxTimerThread)
    __arm_cp.0_2                             0x000012a0   Number         4  rtx_timer.o(.text.osRtxTimerThread)
    osRtxTimerTick                           0x000012a5   Thumb Code    96  rtx_timer.o(.text.osRtxTimerTick)
    [Anonymous Symbol]                       0x000012a4   Section        0  rtx_timer.o(.text.osRtxTimerTick)
    __arm_cp.1_0                             0x00001300   Number         4  rtx_timer.o(.text.osRtxTimerTick)
    [Anonymous Symbol]                       0x00001304   Section        0  rtx_thread.o(.text.osThreadExit)
    __arm_cp.31_0                            0x0000130c   Number         4  rtx_thread.o(.text.osThreadExit)
    [Anonymous Symbol]                       0x00001310   Section        0  rtx_thread.o(.text.osThreadNew)
    __arm_cp.17_0                            0x00001330   Number         4  rtx_thread.o(.text.osThreadNew)
    svcRtxKernelInitialize                   0x00001335   Thumb Code   320  rtx_kernel.o(.text.svcRtxKernelInitialize)
    [Anonymous Symbol]                       0x00001334   Section        0  rtx_kernel.o(.text.svcRtxKernelInitialize)
    __arm_cp.20_2                            0x00001470   Number         4  rtx_kernel.o(.text.svcRtxKernelInitialize)
    svcRtxKernelStart                        0x00001475   Thumb Code   132  rtx_kernel.o(.text.svcRtxKernelStart)
    [Anonymous Symbol]                       0x00001474   Section        0  rtx_kernel.o(.text.svcRtxKernelStart)
    __arm_cp.21_0                            0x000014e8   Number         4  rtx_kernel.o(.text.svcRtxKernelStart)
    __arm_cp.21_1                            0x000014ec   Number         4  rtx_kernel.o(.text.svcRtxKernelStart)
    __arm_cp.21_2                            0x000014f0   Number         4  rtx_kernel.o(.text.svcRtxKernelStart)
    __arm_cp.21_3                            0x000014f4   Number         4  rtx_kernel.o(.text.svcRtxKernelStart)
    svcRtxMessageQueueGet                    0x000014f9   Thumb Code   232  rtx_msgqueue.o(.text.svcRtxMessageQueueGet)
    [Anonymous Symbol]                       0x000014f8   Section        0  rtx_msgqueue.o(.text.svcRtxMessageQueueGet)
    __arm_cp.21_0                            0x000015dc   Number         4  rtx_msgqueue.o(.text.svcRtxMessageQueueGet)
    svcRtxMessageQueueNew                    0x000015e1   Thumb Code   484  rtx_msgqueue.o(.text.svcRtxMessageQueueNew)
    [Anonymous Symbol]                       0x000015e0   Section        0  rtx_msgqueue.o(.text.svcRtxMessageQueueNew)
    __arm_cp.14_0                            0x000017ac   Number         4  rtx_msgqueue.o(.text.svcRtxMessageQueueNew)
    __arm_cp.14_1                            0x000017b0   Number         4  rtx_msgqueue.o(.text.svcRtxMessageQueueNew)
    __arm_cp.14_2                            0x000017b4   Number         4  rtx_msgqueue.o(.text.svcRtxMessageQueueNew)
    __arm_cp.14_3                            0x000017b8   Number         4  rtx_msgqueue.o(.text.svcRtxMessageQueueNew)
    __arm_cp.14_4                            0x000017bc   Number         4  rtx_msgqueue.o(.text.svcRtxMessageQueueNew)
    __arm_cp.14_5                            0x000017c0   Number         4  rtx_msgqueue.o(.text.svcRtxMessageQueueNew)
    svcRtxMessageQueuePut                    0x000017c5   Thumb Code   184  rtx_msgqueue.o(.text.svcRtxMessageQueuePut)
    [Anonymous Symbol]                       0x000017c4   Section        0  rtx_msgqueue.o(.text.svcRtxMessageQueuePut)
    svcRtxThreadExit                         0x0000187d   Thumb Code   108  rtx_thread.o(.text.svcRtxThreadExit)
    [Anonymous Symbol]                       0x0000187c   Section        0  rtx_thread.o(.text.svcRtxThreadExit)
    __arm_cp.54_0                            0x000018e4   Number         4  rtx_thread.o(.text.svcRtxThreadExit)
    svcRtxThreadNew                          0x000018e9   Thumb Code   492  rtx_thread.o(.text.svcRtxThreadNew)
    [Anonymous Symbol]                       0x000018e8   Section        0  rtx_thread.o(.text.svcRtxThreadNew)
    __arm_cp.16_0                            0x00001abc   Number         4  rtx_thread.o(.text.svcRtxThreadNew)
    __arm_cp.16_1                            0x00001ac0   Number         4  rtx_thread.o(.text.svcRtxThreadNew)
    __arm_cp.16_2                            0x00001ac4   Number         4  rtx_thread.o(.text.svcRtxThreadNew)
    __arm_cp.16_3                            0x00001ac8   Number         4  rtx_thread.o(.text.svcRtxThreadNew)
    __arm_cp.16_4                            0x00001acc   Number         4  rtx_thread.o(.text.svcRtxThreadNew)
    __arm_cp.16_5                            0x00001ad0   Number         4  rtx_thread.o(.text.svcRtxThreadNew)
    [Anonymous Symbol]                       0x00001ad4   Section        0  main.o(.text.tBrain)
    __arm_cp.0_0                             0x00001af4   Number         4  main.o(.text.tBrain)
    __arm_cp.0_1                             0x00001af8   Number         4  main.o(.text.tBrain)
    i.__scatterload_copy                     0x00001afc   Section       14  handlers.o(i.__scatterload_copy)
    i.__scatterload_null                     0x00001b0a   Section        2  handlers.o(i.__scatterload_null)
    i.__scatterload_zeroinit                 0x00001b0c   Section       14  handlers.o(i.__scatterload_zeroinit)
    __tagsym$$used.0                         0x00001b1c   Number         0  rtx_lib.o(.rodata)
    __tagsym$$used.1                         0x00001b84   Number         0  rtx_lib.o(.rodata)
    [Anonymous Symbol]                       0x00001bbc   Section        0  motor.o(.rodata..Lswitch.table.calculateSpeed)
    [Anonymous Symbol]                       0x00001bca   Section        0  motor.o(.rodata..Lswitch.table.calculateSpeed.1)
    os_idle_thread_attr                      0x00001bdc   Data          36  rtx_lib.o(.rodata.os_idle_thread_attr)
    [Anonymous Symbol]                       0x00001bdc   Section        0  rtx_lib.o(.rodata.os_idle_thread_attr)
    os_timer_mq_attr                         0x00001c00   Data          24  rtx_lib.o(.rodata.os_timer_mq_attr)
    [Anonymous Symbol]                       0x00001c00   Section        0  rtx_lib.o(.rodata.os_timer_mq_attr)
    os_timer_thread_attr                     0x00001c18   Data          36  rtx_lib.o(.rodata.os_timer_thread_attr)
    [Anonymous Symbol]                       0x00001c18   Section        0  rtx_lib.o(.rodata.os_timer_thread_attr)
    .L.str                                   0x00001c3c   Data          11  rtx_kernel.o(.rodata.str1.4)
    [Anonymous Symbol]                       0x00001c3c   Section        0  rtx_kernel.o(.rodata.str1.4)
    PendST                                   0x1ffff0a8   Data           1  os_systick.o(.bss.PendST)
    [Anonymous Symbol]                       0x1ffff0a8   Section        0  os_systick.o(.bss.PendST)
    os_isr_queue                             0x1ffff0b0   Data          64  rtx_lib.o(.bss.os)
    [Anonymous Symbol]                       0x1ffff0b0   Section        0  rtx_lib.o(.bss.os)
    os_mem                                   0x1ffff0f0   Data        4096  rtx_lib.o(.bss.os)
    os_timer_mq_cb                           0x200000f0   Data          52  rtx_lib.o(.bss.os.msgqueue.cb)
    [Anonymous Symbol]                       0x200000f0   Section        0  rtx_lib.o(.bss.os.msgqueue.cb)
    os_timer_mq_data                         0x20000124   Data          80  rtx_lib.o(.bss.os.msgqueue.mem)
    [Anonymous Symbol]                       0x20000124   Section        0  rtx_lib.o(.bss.os.msgqueue.mem)
    os_idle_thread_cb                        0x20000174   Data          68  rtx_lib.o(.bss.os.thread.cb)
    [Anonymous Symbol]                       0x20000174   Section        0  rtx_lib.o(.bss.os.thread.cb)
    os_timer_thread_cb                       0x200001b8   Data          68  rtx_lib.o(.bss.os.thread.cb)
    os_idle_thread_stack                     0x20000200   Data         256  rtx_lib.o(.bss.os.thread.stack)
    [Anonymous Symbol]                       0x20000200   Section        0  rtx_lib.o(.bss.os.thread.stack)
    os_timer_thread_stack                    0x20000300   Data         256  rtx_lib.o(.bss.os.thread.stack)
    STACK                                    0x20000408   Section      256  startup_mkl25z4.o(STACK)

    Global Symbols

    Symbol Name                              Value     Ov Type        Size  Object(Section)

    BuildAttributes$$THM_ISAv3M$S$PE$A:L22$X:L11$S22$IEEE1$IW$~IW$USESV6$~STKCKD$USESV7$~SHL$OTIME$EBA8$MICROLIB$REQ8$PRES8$EABIv2 0x00000000   Number         0  anon$$obj.o ABSOLUTE
    __Vectors                                0x00000000   Data           4  startup_mkl25z4.o(RESET)
    .bss.os.evflags.cb$$Base                  - Undefined Weak Reference
    .bss.os.evflags.cb$$Limit                 - Undefined Weak Reference
    .bss.os.mempool.cb$$Base                  - Undefined Weak Reference
    .bss.os.mempool.cb$$Limit                 - Undefined Weak Reference
    .bss.os.mutex.cb$$Base                    - Undefined Weak Reference
    .bss.os.mutex.cb$$Limit                   - Undefined Weak Reference
    .bss.os.semaphore.cb$$Base                - Undefined Weak Reference
    .bss.os.semaphore.cb$$Limit               - Undefined Weak Reference
    .bss.os.timer.cb$$Base                    - Undefined Weak Reference
    .bss.os.timer.cb$$Limit                   - Undefined Weak Reference
    __cpp_initialize__aeabi_                  - Undefined Weak Reference
    __cxa_finalize                            - Undefined Weak Reference
    __decompress                              - Undefined Weak Reference
    _clock_init                               - Undefined Weak Reference
    _microlib_exit                            - Undefined Weak Reference
    __Vectors_End                            0x000000c0   Data           0  startup_mkl25z4.o(RESET)
    __Vectors_Size                           0x000000c0   Number         0  startup_mkl25z4.o ABSOLUTE
    __main                                   0x000000c1   Thumb Code     0  entry.o(.ARM.Collect$$$$00000000)
    _main_stk                                0x000000c1   Thumb Code     0  entry2.o(.ARM.Collect$$$$00000001)
    _main_scatterload                        0x000000c5   Thumb Code     0  entry5.o(.ARM.Collect$$$$00000004)
    __main_after_scatterload                 0x000000c9   Thumb Code     0  entry5.o(.ARM.Collect$$$$00000004)
    _main_clock                              0x000000c9   Thumb Code     0  entry7b.o(.ARM.Collect$$$$00000008)
    _main_cpp_init                           0x000000c9   Thumb Code     0  entry8b.o(.ARM.Collect$$$$0000000A)
    _main_init                               0x000000c9   Thumb Code     0  entry9a.o(.ARM.Collect$$$$0000000B)
    __rt_final_cpp                           0x000000d1   Thumb Code     0  entry10a.o(.ARM.Collect$$$$0000000D)
    __rt_final_exit                          0x000000d1   Thumb Code     0  entry11a.o(.ARM.Collect$$$$0000000F)
    Reset_Handler                            0x000000d5   Thumb Code    12  startup_mkl25z4.o(.text)
    NMI_Handler                              0x000000e1   Thumb Code     2  startup_mkl25z4.o(.text)
    HardFault_Handler                        0x000000e3   Thumb Code     2  startup_mkl25z4.o(.text)
    ADC0_IRQHandler                          0x000000eb   Thumb Code     0  startup_mkl25z4.o(.text)
    CMP0_IRQHandler                          0x000000eb   Thumb Code     0  startup_mkl25z4.o(.text)
    DAC0_IRQHandler                          0x000000eb   Thumb Code     0  startup_mkl25z4.o(.text)
    DMA0_IRQHandler                          0x000000eb   Thumb Code     0  startup_mkl25z4.o(.text)
    DMA1_IRQHandler                          0x000000eb   Thumb Code     0  startup_mkl25z4.o(.text)
    DMA2_IRQHandler                          0x000000eb   Thumb Code     0  startup_mkl25z4.o(.text)
    DMA3_IRQHandler                          0x000000eb   Thumb Code     0  startup_mkl25z4.o(.text)
    DefaultISR                               0x000000eb   Thumb Code     0  startup_mkl25z4.o(.text)
    FTFA_IRQHandler                          0x000000eb   Thumb Code     0  startup_mkl25z4.o(.text)
    I2C0_IRQHandler                          0x000000eb   Thumb Code     0  startup_mkl25z4.o(.text)
    I2C1_IRQHandler                          0x000000eb   Thumb Code     0  startup_mkl25z4.o(.text)
    LLWU_IRQHandler                          0x000000eb   Thumb Code     0  startup_mkl25z4.o(.text)
    LPTMR0_IRQHandler                        0x000000eb   Thumb Code     0  startup_mkl25z4.o(.text)
    LVD_LVW_IRQHandler                       0x000000eb   Thumb Code     0  startup_mkl25z4.o(.text)
    MCG_IRQHandler                           0x000000eb   Thumb Code     0  startup_mkl25z4.o(.text)
    PIT_IRQHandler                           0x000000eb   Thumb Code     0  startup_mkl25z4.o(.text)
    PORTA_IRQHandler                         0x000000eb   Thumb Code     0  startup_mkl25z4.o(.text)
    PORTD_IRQHandler                         0x000000eb   Thumb Code     0  startup_mkl25z4.o(.text)
    RTC_IRQHandler                           0x000000eb   Thumb Code     0  startup_mkl25z4.o(.text)
    RTC_Seconds_IRQHandler                   0x000000eb   Thumb Code     0  startup_mkl25z4.o(.text)
    Reserved20_IRQHandler                    0x000000eb   Thumb Code     0  startup_mkl25z4.o(.text)
    Reserved39_IRQHandler                    0x000000eb   Thumb Code     0  startup_mkl25z4.o(.text)
    Reserved45_IRQHandler                    0x000000eb   Thumb Code     0  startup_mkl25z4.o(.text)
    SPI0_IRQHandler                          0x000000eb   Thumb Code     0  startup_mkl25z4.o(.text)
    SPI1_IRQHandler                          0x000000eb   Thumb Code     0  startup_mkl25z4.o(.text)
    TPM0_IRQHandler                          0x000000eb   Thumb Code     0  startup_mkl25z4.o(.text)
    TPM1_IRQHandler                          0x000000eb   Thumb Code     0  startup_mkl25z4.o(.text)
    TPM2_IRQHandler                          0x000000eb   Thumb Code     0  startup_mkl25z4.o(.text)
    TSI0_IRQHandler                          0x000000eb   Thumb Code     0  startup_mkl25z4.o(.text)
    UART0_IRQHandler                         0x000000eb   Thumb Code     0  startup_mkl25z4.o(.text)
    UART1_IRQHandler                         0x000000eb   Thumb Code     0  startup_mkl25z4.o(.text)
    USB0_IRQHandler                          0x000000eb   Thumb Code     0  startup_mkl25z4.o(.text)
    SVC_Handler                              0x000000fd   Thumb Code   132  irq_cm0.o(.text)
    PendSV_Handler                           0x00000181   Thumb Code    12  irq_cm0.o(.text)
    SysTick_Handler                          0x0000018d   Thumb Code    12  irq_cm0.o(.text)
    __aeabi_memcpy                           0x000001a1   Thumb Code    36  memcpya.o(.text)
    __aeabi_memcpy4                          0x000001a1   Thumb Code     0  memcpya.o(.text)
    __aeabi_memcpy8                          0x000001a1   Thumb Code     0  memcpya.o(.text)
    __aeabi_memset                           0x000001c5   Thumb Code    14  memseta.o(.text)
    __aeabi_memset4                          0x000001c5   Thumb Code     0  memseta.o(.text)
    __aeabi_memset8                          0x000001c5   Thumb Code     0  memseta.o(.text)
    __aeabi_memclr                           0x000001d3   Thumb Code     4  memseta.o(.text)
    __aeabi_memclr4                          0x000001d3   Thumb Code     0  memseta.o(.text)
    __aeabi_memclr8                          0x000001d3   Thumb Code     0  memseta.o(.text)
    _memset$wrapper                          0x000001d7   Thumb Code    18  memseta.o(.text)
    __aeabi_uidiv                            0x000001e9   Thumb Code     0  uidiv_div0.o(.text)
    __aeabi_uidivmod                         0x000001e9   Thumb Code    62  uidiv_div0.o(.text)
    __scatterload                            0x00000229   Thumb Code    38  init.o(.text)
    __scatterload_rt2                        0x00000229   Thumb Code     0  init.o(.text)
    OS_Tick_AcknowledgeIRQ                   0x00000325   Thumb Code     8  os_systick.o(.text.OS_Tick_AcknowledgeIRQ)
    OS_Tick_Enable                           0x0000032d   Thumb Code    36  os_systick.o(.text.OS_Tick_Enable)
    OS_Tick_GetIRQn                          0x00000351   Thumb Code     6  os_systick.o(.text.OS_Tick_GetIRQn)
    OS_Tick_Setup                            0x00000359   Thumb Code    72  os_systick.o(.text.OS_Tick_Setup)
    osRtxErrorNotify                         0x000003ef   Thumb Code     2  rtx_config.o(.text.osRtxErrorNotify)
    osRtxIdleThread                          0x000003f1   Thumb Code     2  rtx_config.o(.text.osRtxIdleThread)
    osRtxKernelPreInit                       0x000003f3   Thumb Code     2  rtx_kernel.o(.text.osRtxKernelPreInit)
    osRtxThreadRegPtr                        0x000003f5   Thumb Code     6  rtx_thread.o(.text.osRtxThreadRegPtr)
    tAudio                                   0x000003fb   Thumb Code     2  main.o(.text.tAudio)
    tLED                                     0x000003fd   Thumb Code     2  main.o(.text.tLED)
    tMotorControl                            0x000003ff   Thumb Code     2  main.o(.text.tMotorControl)
    SystemCoreClockUpdate                    0x00000411   Thumb Code   240  system_mkl25z4.o(.text.SystemCoreClockUpdate)
    SystemInit                               0x0000051d   Thumb Code   188  system_mkl25z4.o(.text.SystemInit)
    UART2_IRQHandler                         0x0000064d   Thumb Code    24  uart.o(.text.UART2_IRQHandler)
    calculateSpeed                           0x00000669   Thumb Code   304  motor.o(.text.calculateSpeed)
    extractAxisValues                        0x000007c5   Thumb Code    16  uart.o(.text.extractAxisValues)
    initPWM                                  0x000007d9   Thumb Code   216  motor.o(.text.initPWM)
    initUART2                                0x000008c9   Thumb Code   116  uart.o(.text.initUART2)
    main                                     0x00000959   Thumb Code    72  main.o(.text.main)
    moveAll                                  0x000009b1   Thumb Code    56  motor.o(.text.moveAll)
    osKernelInitialize                       0x000009f1   Thumb Code    40  rtx_kernel.o(.text.osKernelInitialize)
    osKernelStart                            0x00000a19   Thumb Code    36  rtx_kernel.o(.text.osKernelStart)
    osMessageQueueGet                        0x00000a3d   Thumb Code   116  rtx_msgqueue.o(.text.osMessageQueueGet)
    osMessageQueueNew                        0x00000ab1   Thumb Code    36  rtx_msgqueue.o(.text.osMessageQueueNew)
    osMessageQueuePut                        0x00000ad5   Thumb Code   120  rtx_msgqueue.o(.text.osMessageQueuePut)
    osRtxMemoryAlloc                         0x00000b4d   Thumb Code   124  rtx_memory.o(.text.osRtxMemoryAlloc)
    osRtxMemoryFree                          0x00000bc9   Thumb Code    78  rtx_memory.o(.text.osRtxMemoryFree)
    osRtxMemoryInit                          0x00000c17   Thumb Code    50  rtx_memory.o(.text.osRtxMemoryInit)
    osRtxMemoryPoolAlloc                     0x00000c49   Thumb Code    46  rtx_mempool.o(.text.osRtxMemoryPoolAlloc)
    osRtxMemoryPoolFree                      0x00000c77   Thumb Code    58  rtx_mempool.o(.text.osRtxMemoryPoolFree)
    osRtxMemoryPoolInit                      0x00000cb1   Thumb Code    62  rtx_mempool.o(.text.osRtxMemoryPoolInit)
    osRtxMutexOwnerRelease                   0x00000dab   Thumb Code    68  rtx_mutex.o(.text.osRtxMutexOwnerRelease)
    osRtxPendSV_Handler                      0x00000df1   Thumb Code   124  rtx_system.o(.text.osRtxPendSV_Handler)
    osRtxPostProcess                         0x00000e6d   Thumb Code   104  rtx_system.o(.text.osRtxPostProcess)
    osRtxThreadDelayTick                     0x00000fc5   Thumb Code    52  rtx_thread.o(.text.osRtxThreadDelayTick)
    osRtxThreadDispatch                      0x00000ff9   Thumb Code    76  rtx_thread.o(.text.osRtxThreadDispatch)
    osRtxThreadListGet                       0x00001095   Thumb Code    20  rtx_thread.o(.text.osRtxThreadListGet)
    osRtxThreadListPut                       0x000010a9   Thumb Code    44  rtx_thread.o(.text.osRtxThreadListPut)
    osRtxThreadListRemove                    0x000010d5   Thumb Code    24  rtx_thread.o(.text.osRtxThreadListRemove)
    osRtxThreadReadyPut                      0x00001115   Thumb Code    20  rtx_thread.o(.text.osRtxThreadReadyPut)
    osRtxThreadStackCheck                    0x00001129   Thumb Code    40  rtx_thread.o(.text.osRtxThreadStackCheck)
    osRtxThreadStartup                       0x00001151   Thumb Code    56  rtx_thread.o(.text.osRtxThreadStartup)
    osRtxThreadSwitch                        0x00001189   Thumb Code    20  rtx_thread.o(.text.osRtxThreadSwitch)
    osRtxThreadWaitEnter                     0x0000119d   Thumb Code    60  rtx_thread.o(.text.osRtxThreadWaitEnter)
    osRtxThreadWaitExit                      0x000011d9   Thumb Code    34  rtx_thread.o(.text.osRtxThreadWaitExit)
    osRtxTick_Handler                        0x000011fd   Thumb Code   112  rtx_system.o(.text.osRtxTick_Handler)
    osRtxTimerThread                         0x0000126d   Thumb Code    56  rtx_timer.o(.text.osRtxTimerThread)
    osThreadExit                             0x00001305   Thumb Code    12  rtx_thread.o(.text.osThreadExit)
    osThreadNew                              0x00001311   Thumb Code    36  rtx_thread.o(.text.osThreadNew)
    tBrain                                   0x00001ad5   Thumb Code    32  main.o(.text.tBrain)
    __scatterload_copy                       0x00001afd   Thumb Code    14  handlers.o(i.__scatterload_copy)
    __scatterload_null                       0x00001b0b   Thumb Code     2  handlers.o(i.__scatterload_null)
    __scatterload_zeroinit                   0x00001b0d   Thumb Code    14  handlers.o(i.__scatterload_zeroinit)
    osRtxConfig                              0x00001b1c   Data         104  rtx_lib.o(.rodata)
    os_cb_sections                           0x00001b84   Data          56  rtx_lib.o(.rodata)
    osRtxUserSVC                             0x00001bd8   Data           4  rtx_lib.o(.rodata.osRtxUserSVC)
    Region$$Table$$Base                      0x00001c48   Number         0  anon$$obj.o(Region$$Table)
    Region$$Table$$Limit                     0x00001c68   Number         0  anon$$obj.o(Region$$Table)
    SystemCoreClock                          0x1ffff000   Data           4  system_mkl25z4.o(.data.SystemCoreClock)
    osRtxInfo                                0x1ffff004   Data         164  rtx_kernel.o(.data.os)
    axisValues                               0x1ffff0aa   Data           2  main.o(.bss.axisValues)
    motorSpeed                               0x1ffff0ac   Data           4  main.o(.bss.motorSpeed)
    .bss.os.msgqueue.cb$$Base                0x200000f0   Number         0  rtx_lib.o(.bss.os.msgqueue.cb)
    .bss.os.msgqueue.cb$$Limit               0x20000124   Number         0  rtx_lib.o(.bss.os.msgqueue.cb)
    .bss.os.thread.cb$$Base                  0x20000174   Number         0  rtx_lib.o(.bss.os.thread.cb)
    .bss.os.thread.cb$$Limit                 0x200001fc   Number         0  rtx_lib.o(.bss.os.thread.cb)
    rx_data                                  0x20000400   Data           1  uart.o(.bss.rx_data)
    __initial_sp                             0x20000508   Data           0  startup_mkl25z4.o(STACK)



==============================================================================

Memory Map of the image

  Image Entry point : 0x000000d5

  Load Region LR_1 (Base: 0x00000000, Size: 0x00001d10, Max: 0xffffffff, ABSOLUTE)

    Execution Region ER_RO (Exec base: 0x00000000, Load base: 0x00000000, Size: 0x00001c68, Max: 0xffffffff, ABSOLUTE)

    Exec Addr    Load Addr    Size         Type   Attr      Idx    E Section Name        Object

    0x00000000   0x00000000   0x000000c0   Data   RO           92    RESET               startup_mkl25z4.o
    0x000000c0   0x000000c0   0x00000000   Code   RO          562  * .ARM.Collect$$$$00000000  mc_p.l(entry.o)
    0x000000c0   0x000000c0   0x00000004   Code   RO          577    .ARM.Collect$$$$00000001  mc_p.l(entry2.o)
    0x000000c4   0x000000c4   0x00000004   Code   RO          580    .ARM.Collect$$$$00000004  mc_p.l(entry5.o)
    0x000000c8   0x000000c8   0x00000000   Code   RO          582    .ARM.Collect$$$$00000008  mc_p.l(entry7b.o)
    0x000000c8   0x000000c8   0x00000000   Code   RO          584    .ARM.Collect$$$$0000000A  mc_p.l(entry8b.o)
    0x000000c8   0x000000c8   0x00000008   Code   RO          585    .ARM.Collect$$$$0000000B  mc_p.l(entry9a.o)
    0x000000d0   0x000000d0   0x00000000   Code   RO          587    .ARM.Collect$$$$0000000D  mc_p.l(entry10a.o)
    0x000000d0   0x000000d0   0x00000000   Code   RO          589    .ARM.Collect$$$$0000000F  mc_p.l(entry11a.o)
    0x000000d0   0x000000d0   0x00000004   Code   RO          578    .ARM.Collect$$$$00002712  mc_p.l(entry2.o)
    0x000000d4   0x000000d4   0x00000028   Code   RO           94  * .text               startup_mkl25z4.o
    0x000000fc   0x000000fc   0x000000a4   Code   RO          314    .text               RTX_CM0.lib(irq_cm0.o)
    0x000001a0   0x000001a0   0x00000024   Code   RO          571    .text               mc_p.l(memcpya.o)
    0x000001c4   0x000001c4   0x00000024   Code   RO          573    .text               mc_p.l(memseta.o)
    0x000001e8   0x000001e8   0x0000003e   Code   RO          595    .text               mc_p.l(uidiv_div0.o)
    0x00000226   0x00000226   0x00000002   PAD
    0x00000228   0x00000228   0x00000030   Code   RO          601    .text               mc_p.l(init.o)
    0x00000258   0x00000258   0x0000004c   Code   RO          546    .text.MessageQueueGet  RTX_CM0.lib(rtx_msgqueue.o)
    0x000002a4   0x000002a4   0x00000062   Code   RO          540    .text.MessageQueuePut  RTX_CM0.lib(rtx_msgqueue.o)
    0x00000306   0x00000306   0x0000001e   Code   RO          538    .text.MessageQueueRemove  RTX_CM0.lib(rtx_msgqueue.o)
    0x00000324   0x00000324   0x00000008   Code   RO          484    .text.OS_Tick_AcknowledgeIRQ  RTX_CM0.lib(os_systick.o)
    0x0000032c   0x0000032c   0x00000024   Code   RO          480    .text.OS_Tick_Enable  RTX_CM0.lib(os_systick.o)
    0x00000350   0x00000350   0x00000006   Code   RO          486    .text.OS_Tick_GetIRQn  RTX_CM0.lib(os_systick.o)
    0x00000356   0x00000356   0x00000002   PAD
    0x00000358   0x00000358   0x00000048   Code   RO          478    .text.OS_Tick_Setup  RTX_CM0.lib(os_systick.o)
    0x000003a0   0x000003a0   0x0000004e   Code   RO          261    .text.ThreadFlagsCheck  RTX_CM0.lib(rtx_thread.o)
    0x000003ee   0x000003ee   0x00000002   Code   RO           82    .text.osRtxErrorNotify  rtx_config.o
    0x000003f0   0x000003f0   0x00000002   Code   RO           80    .text.osRtxIdleThread  rtx_config.o
    0x000003f2   0x000003f2   0x00000002   Code   RO          116    .text.osRtxKernelPreInit  RTX_CM0.lib(rtx_kernel.o)
    0x000003f4   0x000003f4   0x00000006   Code   RO          193    .text.osRtxThreadRegPtr  RTX_CM0.lib(rtx_thread.o)
    0x000003fa   0x000003fa   0x00000002   Code   RO            8    .text.tAudio        main.o
    0x000003fc   0x000003fc   0x00000002   Code   RO            6    .text.tLED          main.o
    0x000003fe   0x000003fe   0x00000002   Code   RO            4    .text.tMotorControl  main.o
    0x00000400   0x00000400   0x00000010   Code   RO           93    .ARM.__at_0x400     startup_mkl25z4.o
    0x00000410   0x00000410   0x0000010c   Code   RO          105    .text.SystemCoreClockUpdate  system_mkl25z4.o
    0x0000051c   0x0000051c   0x000000e4   Code   RO          103    .text.SystemInit    system_mkl25z4.o
    0x00000600   0x00000600   0x0000004c   Code   RO          335    .text.TimerInsert   RTX_CM0.lib(rtx_timer.o)
    0x0000064c   0x0000064c   0x0000001c   Code   RO           50    .text.UART2_IRQHandler  uart.o
    0x00000668   0x00000668   0x0000015c   Code   RO           36    .text.calculateSpeed  motor.o
    0x000007c4   0x000007c4   0x00000014   Code   RO           52    .text.extractAxisValues  uart.o
    0x000007d8   0x000007d8   0x000000f0   Code   RO           22    .text.initPWM       motor.o
    0x000008c8   0x000008c8   0x00000090   Code   RO           48    .text.initUART2     uart.o
    0x00000958   0x00000958   0x00000058   Code   RO           10    .text.main          main.o
    0x000009b0   0x000009b0   0x00000040   Code   RO           34    .text.moveAll       motor.o
    0x000009f0   0x000009f0   0x00000028   Code   RO          118    .text.osKernelInitialize  RTX_CM0.lib(rtx_kernel.o)
    0x00000a18   0x00000a18   0x00000024   Code   RO          128    .text.osKernelStart  RTX_CM0.lib(rtx_kernel.o)
    0x00000a3c   0x00000a3c   0x00000074   Code   RO          512    .text.osMessageQueueGet  RTX_CM0.lib(rtx_msgqueue.o)
    0x00000ab0   0x00000ab0   0x00000024   Code   RO          506    .text.osMessageQueueNew  RTX_CM0.lib(rtx_msgqueue.o)
    0x00000ad4   0x00000ad4   0x00000078   Code   RO          510    .text.osMessageQueuePut  RTX_CM0.lib(rtx_msgqueue.o)
    0x00000b4c   0x00000b4c   0x0000007c   Code   RO          397    .text.osRtxMemoryAlloc  RTX_CM0.lib(rtx_memory.o)
    0x00000bc8   0x00000bc8   0x0000004e   Code   RO          399    .text.osRtxMemoryFree  RTX_CM0.lib(rtx_memory.o)
    0x00000c16   0x00000c16   0x00000032   Code   RO          395    .text.osRtxMemoryInit  RTX_CM0.lib(rtx_memory.o)
    0x00000c48   0x00000c48   0x0000002e   Code   RO          412    .text.osRtxMemoryPoolAlloc  RTX_CM0.lib(rtx_mempool.o)
    0x00000c76   0x00000c76   0x0000003a   Code   RO          414    .text.osRtxMemoryPoolFree  RTX_CM0.lib(rtx_mempool.o)
    0x00000cb0   0x00000cb0   0x0000003e   Code   RO          410    .text.osRtxMemoryPoolInit  RTX_CM0.lib(rtx_mempool.o)
    0x00000cee   0x00000cee   0x000000bc   Code   RO          536    .text.osRtxMessageQueuePostProcess  RTX_CM0.lib(rtx_msgqueue.o)
    0x00000daa   0x00000daa   0x00000044   Code   RO          360    .text.osRtxMutexOwnerRelease  RTX_CM0.lib(rtx_mutex.o)
    0x00000dee   0x00000dee   0x00000002   PAD
    0x00000df0   0x00000df0   0x0000007c   Code   RO          465    .text.osRtxPendSV_Handler  RTX_CM0.lib(rtx_system.o)
    0x00000e6c   0x00000e6c   0x00000068   Code   RO          467    .text.osRtxPostProcess  RTX_CM0.lib(rtx_system.o)
    0x00000ed4   0x00000ed4   0x00000034   Code   RO          201    .text.osRtxThreadBlock  RTX_CM0.lib(rtx_thread.o)
    0x00000f08   0x00000f08   0x0000007c   Code   RO          209    .text.osRtxThreadDelayInsert  RTX_CM0.lib(rtx_thread.o)
    0x00000f84   0x00000f84   0x00000040   Code   RO          205    .text.osRtxThreadDelayRemove  RTX_CM0.lib(rtx_thread.o)
    0x00000fc4   0x00000fc4   0x00000034   Code   RO          191    .text.osRtxThreadDelayTick  RTX_CM0.lib(rtx_thread.o)
    0x00000ff8   0x00000ff8   0x0000004c   Code   RO          199    .text.osRtxThreadDispatch  RTX_CM0.lib(rtx_thread.o)
    0x00001044   0x00001044   0x00000050   Code   RO          285    .text.osRtxThreadFree  RTX_CM0.lib(rtx_thread.o)
    0x00001094   0x00001094   0x00000014   Code   RO          183    .text.osRtxThreadListGet  RTX_CM0.lib(rtx_thread.o)
    0x000010a8   0x000010a8   0x0000002c   Code   RO          181    .text.osRtxThreadListPut  RTX_CM0.lib(rtx_thread.o)
    0x000010d4   0x000010d4   0x00000018   Code   RO          187    .text.osRtxThreadListRemove  RTX_CM0.lib(rtx_thread.o)
    0x000010ec   0x000010ec   0x00000026   Code   RO          259    .text.osRtxThreadPostProcess  RTX_CM0.lib(rtx_thread.o)
    0x00001112   0x00001112   0x00000002   PAD
    0x00001114   0x00001114   0x00000014   Code   RO          189    .text.osRtxThreadReadyPut  RTX_CM0.lib(rtx_thread.o)
    0x00001128   0x00001128   0x00000028   Code   RO          197    .text.osRtxThreadStackCheck  RTX_CM0.lib(rtx_thread.o)
    0x00001150   0x00001150   0x00000038   Code   RO          211    .text.osRtxThreadStartup  RTX_CM0.lib(rtx_thread.o)
    0x00001188   0x00001188   0x00000014   Code   RO          195    .text.osRtxThreadSwitch  RTX_CM0.lib(rtx_thread.o)
    0x0000119c   0x0000119c   0x0000003c   Code   RO          207    .text.osRtxThreadWaitEnter  RTX_CM0.lib(rtx_thread.o)
    0x000011d8   0x000011d8   0x00000022   Code   RO          203    .text.osRtxThreadWaitExit  RTX_CM0.lib(rtx_thread.o)
    0x000011fa   0x000011fa   0x00000002   PAD
    0x000011fc   0x000011fc   0x00000070   Code   RO          463    .text.osRtxTick_Handler  RTX_CM0.lib(rtx_system.o)
    0x0000126c   0x0000126c   0x00000038   Code   RO          319    .text.osRtxTimerThread  RTX_CM0.lib(rtx_timer.o)
    0x000012a4   0x000012a4   0x00000060   Code   RO          321    .text.osRtxTimerTick  RTX_CM0.lib(rtx_timer.o)
    0x00001304   0x00001304   0x0000000c   Code   RO          243    .text.osThreadExit  RTX_CM0.lib(rtx_thread.o)
    0x00001310   0x00001310   0x00000024   Code   RO          215    .text.osThreadNew   RTX_CM0.lib(rtx_thread.o)
    0x00001334   0x00001334   0x00000140   Code   RO          156    .text.svcRtxKernelInitialize  RTX_CM0.lib(rtx_kernel.o)
    0x00001474   0x00001474   0x00000084   Code   RO          158    .text.svcRtxKernelStart  RTX_CM0.lib(rtx_kernel.o)
    0x000014f8   0x000014f8   0x000000e8   Code   RO          548    .text.svcRtxMessageQueueGet  RTX_CM0.lib(rtx_msgqueue.o)
    0x000015e0   0x000015e0   0x000001e4   Code   RO          534    .text.svcRtxMessageQueueNew  RTX_CM0.lib(rtx_msgqueue.o)
    0x000017c4   0x000017c4   0x000000b8   Code   RO          544    .text.svcRtxMessageQueuePut  RTX_CM0.lib(rtx_msgqueue.o)
    0x0000187c   0x0000187c   0x0000006c   Code   RO          289    .text.svcRtxThreadExit  RTX_CM0.lib(rtx_thread.o)
    0x000018e8   0x000018e8   0x000001ec   Code   RO          213    .text.svcRtxThreadNew  RTX_CM0.lib(rtx_thread.o)
    0x00001ad4   0x00001ad4   0x00000028   Code   RO            2    .text.tBrain        main.o
    0x00001afc   0x00001afc   0x0000000e   Code   RO          605    i.__scatterload_copy  mc_p.l(handlers.o)
    0x00001b0a   0x00001b0a   0x00000002   Code   RO          606    i.__scatterload_null  mc_p.l(handlers.o)
    0x00001b0c   0x00001b0c   0x0000000e   Code   RO          607    i.__scatterload_zeroinit  mc_p.l(handlers.o)
    0x00001b1a   0x00001b1a   0x00000002   PAD
    0x00001b1c   0x00001b1c   0x00000068   Data   RO           67    .rodata             rtx_lib.o
    0x00001b84   0x00001b84   0x00000038   Data   RO           70    .rodata             rtx_lib.o
    0x00001bbc   0x00001bbc   0x0000000e   Data   RO           38    .rodata..Lswitch.table.calculateSpeed  motor.o
    0x00001bca   0x00001bca   0x0000000e   Data   RO           39    .rodata..Lswitch.table.calculateSpeed.1  motor.o
    0x00001bd8   0x00001bd8   0x00000004   Data   RO           69    .rodata.osRtxUserSVC  rtx_lib.o
    0x00001bdc   0x00001bdc   0x00000024   Data   RO           64    .rodata.os_idle_thread_attr  rtx_lib.o
    0x00001c00   0x00001c00   0x00000018   Data   RO           66    .rodata.os_timer_mq_attr  rtx_lib.o
    0x00001c18   0x00001c18   0x00000024   Data   RO           65    .rodata.os_timer_thread_attr  rtx_lib.o
    0x00001c3c   0x00001c3c   0x0000000b   Data   RO          170    .rodata.str1.4      RTX_CM0.lib(rtx_kernel.o)
    0x00001c47   0x00001c47   0x00000001   PAD
    0x00001c48   0x00001c48   0x00000020   Data   RO          604    Region$$Table       anon$$obj.o


    Execution Region ER_RW (Exec base: 0x1ffff000, Load base: 0x00001c68, Size: 0x000000a8, Max: 0xffffffff, ABSOLUTE)

    Exec Addr    Load Addr    Size         Type   Attr      Idx    E Section Name        Object

    0x1ffff000   0x00001c68   0x00000004   Data   RW          107    .data.SystemCoreClock  system_mkl25z4.o
    0x1ffff004   0x00001c6c   0x000000a4   Data   RW          171    .data.os            RTX_CM0.lib(rtx_kernel.o)


    Execution Region ER_ZI (Exec base: 0x1ffff0a8, Load base: 0x00001d10, Size: 0x00001460, Max: 0xffffffff, ABSOLUTE)

    Exec Addr    Load Addr    Size         Type   Attr      Idx    E Section Name        Object

    0x1ffff0a8        -       0x00000001   Zero   RW          496    .bss.PendST         RTX_CM0.lib(os_systick.o)
    0x1ffff0a9   0x00001d10   0x00000001   PAD
    0x1ffff0aa        -       0x00000002   Zero   RW           12    .bss.axisValues     main.o
    0x1ffff0ac        -       0x00000004   Zero   RW           13    .bss.motorSpeed     main.o
    0x1ffff0b0        -       0x00001040   Zero   RW           63    .bss.os             rtx_lib.o
    0x200000f0        -       0x00000034   Zero   RW           73    .bss.os.msgqueue.cb  rtx_lib.o
    0x20000124        -       0x00000050   Zero   RW           74    .bss.os.msgqueue.mem  rtx_lib.o
    0x20000174        -       0x00000088   Zero   RW           71    .bss.os.thread.cb   rtx_lib.o
    0x200001fc   0x00001d10   0x00000004   PAD
    0x20000200        -       0x00000200   Zero   RW           72    .bss.os.thread.stack  rtx_lib.o
    0x20000400        -       0x00000001   Zero   RW           54    .bss.rx_data        uart.o
    0x20000401   0x00001d10   0x00000007   PAD
    0x20000408        -       0x00000100   Zero   RW           90    STACK               startup_mkl25z4.o


==============================================================================

Image component sizes


      Code (inc. data)   RO Data    RW Data    ZI Data      Debug   Object Name

       134         24          0          0          6       2767   main.o
       652        160         28          0          0       4105   motor.o
         4          0          0          0          0        666   rtx_config.o
         0          0        260          0       4940       5446   rtx_lib.o
        56         30        192          0        256        832   startup_mkl25z4.o
       496         76          0          4          0       3225   system_mkl25z4.o
       192         36          0          0          1       4127   uart.o

    ----------------------------------------------------------------------
      1534        326        512          4       5214      21168   Object Totals
         0          0         32          0          0          0   (incl. Generated)
         0          0          0          0         11          0   (incl. Padding)

    ----------------------------------------------------------------------

      Code (inc. data)   RO Data    RW Data    ZI Data      Debug   Library Member Name

       164          8          0          0          0        496   irq_cm0.o
       122         16          0          0          1       2766   os_systick.o
       530         28         11        164          0      16105   rtx_kernel.o
       252          0          0          0          0       2564   rtx_memory.o
       166          0          0          0          0      14282   rtx_mempool.o
      1564         40          0          0          0      17889   rtx_msgqueue.o
        68          0          0          0          0       9201   rtx_mutex.o
       340         14          0          0          0       4635   rtx_system.o
      1536         56          0          0          0      30867   rtx_thread.o
       228         16          0          0          0      10018   rtx_timer.o
         0          0          0          0          0          0   entry.o
         0          0          0          0          0          0   entry10a.o
         0          0          0          0          0          0   entry11a.o
         8          4          0          0          0          0   entry2.o
         4          0          0          0          0          0   entry5.o
         0          0          0          0          0          0   entry7b.o
         0          0          0          0          0          0   entry8b.o
         8          4          0          0          0          0   entry9a.o
        30          0          0          0          0          0   handlers.o
        48         10          0          0          0         68   init.o
        36          0          0          0          0         60   memcpya.o
        36          0          0          0          0        100   memseta.o
        62          0          0          0          0         72   uidiv_div0.o

    ----------------------------------------------------------------------
      5214        196         12        164          2     109123   Library Totals
        12          0          1          0          1          0   (incl. Padding)

    ----------------------------------------------------------------------

      Code (inc. data)   RO Data    RW Data    ZI Data      Debug   Library Name

      4970        178         11        164          1     108823   RTX_CM0.lib
       232         18          0          0          0        300   mc_p.l

    ----------------------------------------------------------------------
      5214        196         12        164          2     109123   Library Totals

    ----------------------------------------------------------------------

==============================================================================


      Code (inc. data)   RO Data    RW Data    ZI Data      Debug   

      6748        522        524        168       5216     130139   Grand Totals
      6748        522        524        168       5216     130139   ELF Image Totals
      6748        522        524        168          0          0   ROM Totals

==============================================================================

    Total RO  Size (Code + RO Data)                 7272 (   7.10kB)
    Total RW  Size (RW Data + ZI Data)              5384 (   5.26kB)
    Total ROM Size (Code + RO Data + RW Data)       7440 (   7.27kB)

==============================================================================

