Component: Arm Compiler for Embedded 6.21 Tool: armlink [5ec1fa00]

==============================================================================

Section Cross References

    main.o(.text.tBrain) refers to uart.o(.text.extractAxisValues) for extractAxisValues
    main.o(.text.tBrain) refers to motor.o(.text.goRight) for goRight
    main.o(.text.tBrain) refers to motor.o(.text.stopMotor) for stopMotor
    main.o(.text.tBrain) refers to motor.o(.text.goLeft) for goLeft
    main.o(.text.tBrain) refers to motor.o(.text.move) for move
    main.o(.text.tBrain) refers to motor.o(.text.reverse) for reverse
    main.o(.text.tBrain) refers to main.o(.bss.axisValues) for axisValues
    main.o(.ARM.exidx.text.tBrain) refers to main.o(.text.tBrain) for [Anonymous Symbol]
    main.o(.ARM.exidx.text.tMotorControl) refers to main.o(.text.tMotorControl) for [Anonymous Symbol]
    main.o(.ARM.exidx.text.tLED) refers to main.o(.text.tLED) for [Anonymous Symbol]
    main.o(.ARM.exidx.text.tAudio) refers to main.o(.text.tAudio) for [Anonymous Symbol]
    main.o(.text.main) refers to system_mkl25z4.o(.text.SystemCoreClockUpdate) for SystemCoreClockUpdate
    main.o(.text.main) refers to motor.o(.text.initPWM) for initPWM
    main.o(.text.main) refers to uart.o(.text.initUART2) for initUART2
    main.o(.text.main) refers to rtx_kernel.o(.text.osKernelInitialize) for osKernelInitialize
    main.o(.text.main) refers to uart.o(.text.extractAxisValues) for extractAxisValues
    main.o(.text.main) refers to motor.o(.text.goRight) for goRight
    main.o(.text.main) refers to motor.o(.text.goLeft) for goLeft
    main.o(.text.main) refers to motor.o(.text.move) for move
    main.o(.text.main) refers to motor.o(.text.reverse) for reverse
    main.o(.text.main) refers to motor.o(.text.stopMotor) for stopMotor
    main.o(.text.main) refers to main.o(.bss.axisValues) for axisValues
    main.o(.ARM.exidx.text.main) refers to main.o(.text.main) for [Anonymous Symbol]
    motor.o(.ARM.exidx.text.initPWM) refers to motor.o(.text.initPWM) for [Anonymous Symbol]
    motor.o(.ARM.exidx.text.stopMotor) refers to motor.o(.text.stopMotor) for [Anonymous Symbol]
    motor.o(.ARM.exidx.text.move) refers to motor.o(.text.move) for [Anonymous Symbol]
    motor.o(.ARM.exidx.text.reverse) refers to motor.o(.text.reverse) for [Anonymous Symbol]
    motor.o(.ARM.exidx.text.goLeft) refers to motor.o(.text.goLeft) for [Anonymous Symbol]
    motor.o(.ARM.exidx.text.goRight) refers to motor.o(.text.goRight) for [Anonymous Symbol]
    uart.o(.text.initUART2) refers to uidiv_div0.o(.text) for __aeabi_uidiv
    uart.o(.ARM.exidx.text.initUART2) refers to uart.o(.text.initUART2) for [Anonymous Symbol]
    uart.o(.text.UART2_IRQHandler) refers to uart.o(.bss.rx_data) for rx_data
    uart.o(.ARM.exidx.text.UART2_IRQHandler) refers to uart.o(.text.UART2_IRQHandler) for [Anonymous Symbol]
    uart.o(.text.extractAxisValues) refers to uart.o(.bss.rx_data) for rx_data
    uart.o(.ARM.exidx.text.extractAxisValues) refers to uart.o(.text.extractAxisValues) for [Anonymous Symbol]
    rtx_lib.o(.rodata.os_idle_thread_attr) refers to rtx_lib.o(.bss.os.thread.cb) for [Anonymous Symbol]
    rtx_lib.o(.rodata.os_idle_thread_attr) refers to rtx_lib.o(.bss.os.thread.stack) for [Anonymous Symbol]
    rtx_lib.o(.rodata.os_timer_thread_attr) refers to rtx_lib.o(.bss.os.thread.cb) for [Anonymous Symbol]
    rtx_lib.o(.rodata.os_timer_thread_attr) refers to rtx_lib.o(.bss.os.thread.stack) for [Anonymous Symbol]
    rtx_lib.o(.rodata.os_timer_mq_attr) refers to rtx_lib.o(.bss.os.msgqueue.cb) for [Anonymous Symbol]
    rtx_lib.o(.rodata.os_timer_mq_attr) refers to rtx_lib.o(.bss.os.msgqueue.mem) for [Anonymous Symbol]
    rtx_lib.o(.rodata) refers to rtx_lib.o(.bss.os) for [Anonymous Symbol]
    rtx_lib.o(.rodata) refers to rtx_lib.o(.rodata.os_idle_thread_attr) for [Anonymous Symbol]
    rtx_lib.o(.rodata) refers to rtx_lib.o(.rodata.os_timer_thread_attr) for [Anonymous Symbol]
    rtx_lib.o(.rodata) refers to rtx_lib.o(.rodata.os_timer_mq_attr) for [Anonymous Symbol]
    rtx_lib.o(.data.irqRtxLibRef) refers to irq_cm0.o(.constdata) for irqRtxLib
    rtx_config.o(.ARM.exidx.text.osRtxIdleThread) refers to rtx_config.o(.text.osRtxIdleThread) for [Anonymous Symbol]
    rtx_config.o(.ARM.exidx.text.osRtxErrorNotify) refers to rtx_config.o(.text.osRtxErrorNotify) for [Anonymous Symbol]
    startup_mkl25z4.o(RESET) refers to startup_mkl25z4.o(STACK) for __initial_sp
    startup_mkl25z4.o(RESET) refers to startup_mkl25z4.o(.text) for Reset_Handler
    startup_mkl25z4.o(RESET) refers to irq_cm0.o(.text) for SVC_Handler
    startup_mkl25z4.o(RESET) refers to uart.o(.text.UART2_IRQHandler) for UART2_IRQHandler
    startup_mkl25z4.o(.text) refers to system_mkl25z4.o(.text.SystemInit) for SystemInit
    startup_mkl25z4.o(.text) refers to entry.o(.ARM.Collect$$$$00000000) for __main
[...]
    rtx_mempool.o(.text.svcRtxMemoryPoolAlloc) refers to rtx_kernel.o(.data.os) for osRtxInfo
    rtx_mempool.o(.ARM.exidx.text.svcRtxMemoryPoolAlloc) refers to rtx_mempool.o(.text.svcRtxMemoryPoolAlloc) for [Anonymous Symbol]
    rtx_mempool.o(.text.svcRtxMemoryPoolFree) refers to rtx_mempool.o(.text.osRtxMemoryPoolFree) for osRtxMemoryPoolFree
    rtx_mempool.o(.text.svcRtxMemoryPoolFree) refers to rtx_mempool.o(.text.osRtxMemoryPoolAlloc) for osRtxMemoryPoolAlloc
    rtx_mempool.o(.text.svcRtxMemoryPoolFree) refers to rtx_thread.o(.text.osRtxThreadListGet) for osRtxThreadListGet
    rtx_mempool.o(.text.svcRtxMemoryPoolFree) refers to rtx_thread.o(.text.osRtxThreadWaitExit) for osRtxThreadWaitExit
    rtx_mempool.o(.ARM.exidx.text.svcRtxMemoryPoolFree) refers to rtx_mempool.o(.text.svcRtxMemoryPoolFree) for [Anonymous Symbol]
    rtx_mempool.o(.text.svcRtxMemoryPoolDelete) refers to rtx_thread.o(.text.osRtxThreadListGet) for osRtxThreadListGet
    rtx_mempool.o(.text.svcRtxMemoryPoolDelete) refers to rtx_thread.o(.text.osRtxThreadWaitExit) for osRtxThreadWaitExit
    rtx_mempool.o(.text.svcRtxMemoryPoolDelete) refers to rtx_thread.o(.text.osRtxThreadDispatch) for osRtxThreadDispatch
    rtx_mempool.o(.text.svcRtxMemoryPoolDelete) refers to rtx_memory.o(.text.osRtxMemoryFree) for osRtxMemoryFree
    rtx_mempool.o(.text.svcRtxMemoryPoolDelete) refers to rtx_mempool.o(.text.osRtxMemoryPoolFree) for osRtxMemoryPoolFree
    rtx_mempool.o(.text.svcRtxMemoryPoolDelete) refers to rtx_kernel.o(.data.os) for osRtxInfo
    rtx_mempool.o(.ARM.exidx.text.svcRtxMemoryPoolDelete) refers to rtx_mempool.o(.text.svcRtxMemoryPoolDelete) for [Anonymous Symbol]
    rtx_system.o(.text.osRtxTick_Handler) refers to os_systick.o(.text.OS_Tick_AcknowledgeIRQ) for OS_Tick_AcknowledgeIRQ
    rtx_system.o(.text.osRtxTick_Handler) refers to rtx_thread.o(.text.osRtxThreadDelayTick) for osRtxThreadDelayTick
    rtx_system.o(.text.osRtxTick_Handler) refers to rtx_thread.o(.text.osRtxThreadDispatch) for osRtxThreadDispatch
    rtx_system.o(.text.osRtxTick_Handler) refers to rtx_thread.o(.text.osRtxThreadListRemove) for osRtxThreadListRemove
    rtx_system.o(.text.osRtxTick_Handler) refers to rtx_thread.o(.text.osRtxThreadReadyPut) for osRtxThreadReadyPut
    rtx_system.o(.text.osRtxTick_Handler) refers to rtx_thread.o(.text.osRtxThreadSwitch) for osRtxThreadSwitch
    rtx_system.o(.text.osRtxTick_Handler) refers to rtx_kernel.o(.data.os) for osRtxInfo
    rtx_system.o(.ARM.exidx.text.osRtxTick_Handler) refers to rtx_system.o(.text.osRtxTick_Handler) for [Anonymous Symbol]
    rtx_system.o(.text.osRtxPendSV_Handler) refers to rtx_thread.o(.text.osRtxThreadDispatch) for osRtxThreadDispatch
    rtx_system.o(.text.osRtxPendSV_Handler) refers to rtx_kernel.o(.data.os) for osRtxInfo
    rtx_system.o(.ARM.exidx.text.osRtxPendSV_Handler) refers to rtx_system.o(.text.osRtxPendSV_Handler) for [Anonymous Symbol]
    rtx_system.o(.text.osRtxPostProcess) refers to rtx_config.o(.text.osRtxErrorNotify) for osRtxErrorNotify
    rtx_system.o(.text.osRtxPostProcess) refers to rtx_kernel.o(.data.os) for osRtxInfo
    rtx_system.o(.ARM.exidx.text.osRtxPostProcess) refers to rtx_system.o(.text.osRtxPostProcess) for [Anonymous Symbol]
    os_systick.o(.text.OS_Tick_Setup) refers to uidiv_div0.o(.text) for __aeabi_uidiv
    os_systick.o(.text.OS_Tick_Setup) refers to system_mkl25z4.o(.data.SystemCoreClock) for SystemCoreClock
    os_systick.o(.text.OS_Tick_Setup) refers to os_systick.o(.bss.PendST) for [Anonymous Symbol]
    os_systick.o(.ARM.exidx.text.OS_Tick_Setup) refers to os_systick.o(.text.OS_Tick_Setup) for [Anonymous Symbol]
    os_systick.o(.text.OS_Tick_Enable) refers to os_systick.o(.bss.PendST) for [Anonymous Symbol]
    os_systick.o(.ARM.exidx.text.OS_Tick_Enable) refers to os_systick.o(.text.OS_Tick_Enable) for [Anonymous Symbol]
    os_systick.o(.text.OS_Tick_Disable) refers to os_systick.o(.bss.PendST) for [Anonymous Symbol]
    os_systick.o(.ARM.exidx.text.OS_Tick_Disable) refers to os_systick.o(.text.OS_Tick_Disable) for [Anonymous Symbol]
    os_systick.o(.ARM.exidx.text.OS_Tick_AcknowledgeIRQ) refers to os_systick.o(.text.OS_Tick_AcknowledgeIRQ) for [Anonymous Symbol]
    os_systick.o(.ARM.exidx.text.OS_Tick_GetIRQn) refers to os_systick.o(.text.OS_Tick_GetIRQn) for [Anonymous Symbol]
    os_systick.o(.text.OS_Tick_GetClock) refers to system_mkl25z4.o(.data.SystemCoreClock) for SystemCoreClock
    os_systick.o(.ARM.exidx.text.OS_Tick_GetClock) refers to os_systick.o(.text.OS_Tick_GetClock) for [Anonymous Symbol]
    os_systick.o(.ARM.exidx.text.OS_Tick_GetInterval) refers to os_systick.o(.text.OS_Tick_GetInterval) for [Anonymous Symbol]
    os_systick.o(.ARM.exidx.text.OS_Tick_GetCount) refers to os_systick.o(.text.OS_Tick_GetCount) for [Anonymous Symbol]
    os_systick.o(.ARM.exidx.text.OS_Tick_GetOverflow) refers to os_systick.o(.text.OS_Tick_GetOverflow) for [Anonymous Symbol]
    rtx_timer.o(.text.osRtxTimerThread) refers to rtx_msgqueue.o(.text.osMessageQueueNew) for osMessageQueueNew
    rtx_timer.o(.text.osRtxTimerThread) refers to rtx_msgqueue.o(.text.osMessageQueueGet) for osMessageQueueGet
    rtx_timer.o(.text.osRtxTimerThread) refers to rtx_lib.o(.rodata) for osRtxConfig
    rtx_timer.o(.text.osRtxTimerThread) refers to rtx_kernel.o(.data.os) for osRtxInfo
    rtx_timer.o(.text.osRtxTimerThread) refers to rtx_timer.o(.text.osRtxTimerTick) for osRtxTimerTick
    rtx_timer.o(.ARM.exidx.text.osRtxTimerThread) refers to rtx_timer.o(.text.osRtxTimerThread) for [Anonymous Symbol]
    rtx_timer.o(.text.osRtxTimerTick) refers to rtx_msgqueue.o(.text.osMessageQueuePut) for osMessageQueuePut
    rtx_timer.o(.text.osRtxTimerTick) refers to rtx_config.o(.text.osRtxErrorNotify) for osRtxErrorNotify
    rtx_timer.o(.text.osRtxTimerTick) refers to rtx_timer.o(.text.TimerInsert) for TimerInsert
    rtx_timer.o(.text.osRtxTimerTick) refers to rtx_kernel.o(.data.os) for osRtxInfo
    rtx_timer.o(.ARM.exidx.text.osRtxTimerTick) refers to rtx_timer.o(.text.osRtxTimerTick) for [Anonymous Symbol]
    rtx_timer.o(.text.osTimerNew) refers to rtx_timer.o(.text.svcRtxTimerNew) for svcRtxTimerNew
    rtx_timer.o(.ARM.exidx.text.osTimerNew) refers to rtx_timer.o(.text.osTimerNew) for [Anonymous Symbol]
    rtx_timer.o(.text.osTimerGetName) refers to rtx_timer.o(.text.svcRtxTimerGetName) for svcRtxTimerGetName
    rtx_timer.o(.ARM.exidx.text.osTimerGetName) refers to rtx_timer.o(.text.osTimerGetName) for [Anonymous Symbol]
    rtx_timer.o(.text.osTimerStart) refers to rtx_timer.o(.text.svcRtxTimerStart) for svcRtxTimerStart
    rtx_timer.o(.ARM.exidx.text.osTimerStart) refers to rtx_timer.o(.text.osTimerStart) for [Anonymous Symbol]
    rtx_timer.o(.text.osTimerStop) refers to rtx_timer.o(.text.svcRtxTimerStop) for svcRtxTimerStop
    rtx_timer.o(.ARM.exidx.text.osTimerStop) refers to rtx_timer.o(.text.osTimerStop) for [Anonymous Symbol]
    rtx_timer.o(.text.osTimerIsRunning) refers to rtx_timer.o(.text.svcRtxTimerIsRunning) for svcRtxTimerIsRunning
    rtx_timer.o(.ARM.exidx.text.osTimerIsRunning) refers to rtx_timer.o(.text.osTimerIsRunning) for [Anonymous Symbol]
    rtx_timer.o(.text.osTimerDelete) refers to rtx_timer.o(.text.svcRtxTimerDelete) for svcRtxTimerDelete
    rtx_timer.o(.ARM.exidx.text.osTimerDelete) refers to rtx_timer.o(.text.osTimerDelete) for [Anonymous Symbol]
    rtx_timer.o(.text.TimerInsert) refers to rtx_kernel.o(.data.os) for osRtxInfo
    rtx_timer.o(.ARM.exidx.text.TimerInsert) refers to rtx_timer.o(.text.TimerInsert) for [Anonymous Symbol]
    rtx_timer.o(.text.svcRtxTimerNew) refers to rtx_mempool.o(.text.osRtxMemoryPoolAlloc) for osRtxMemoryPoolAlloc
    rtx_timer.o(.text.svcRtxTimerNew) refers to rtx_memory.o(.text.osRtxMemoryAlloc) for osRtxMemoryAlloc
    rtx_timer.o(.text.svcRtxTimerNew) refers to rtx_kernel.o(.data.os) for osRtxInfo
    rtx_timer.o(.ARM.exidx.text.svcRtxTimerNew) refers to rtx_timer.o(.text.svcRtxTimerNew) for [Anonymous Symbol]
    rtx_timer.o(.ARM.exidx.text.svcRtxTimerGetName) refers to rtx_timer.o(.text.svcRtxTimerGetName) for [Anonymous Symbol]
    rtx_timer.o(.text.svcRtxTimerStart) refers to rtx_timer.o(.text.TimerRemove) for TimerRemove
    rtx_timer.o(.text.svcRtxTimerStart) refers to rtx_timer.o(.text.TimerInsert) for TimerInsert
    rtx_timer.o(.text.svcRtxTimerStart) refers to rtx_kernel.o(.data.os) for osRtxInfo
    rtx_timer.o(.ARM.exidx.text.svcRtxTimerStart) refers to rtx_timer.o(.text.svcRtxTimerStart) for [Anonymous Symbol]
    rtx_timer.o(.text.TimerRemove) refers to rtx_kernel.o(.data.os) for osRtxInfo
    rtx_timer.o(.ARM.exidx.text.TimerRemove) refers to rtx_timer.o(.text.TimerRemove) for [Anonymous Symbol]
    rtx_timer.o(.text.svcRtxTimerStop) refers to rtx_timer.o(.text.TimerRemove) for TimerRemove
    rtx_timer.o(.ARM.exidx.text.svcRtxTimerStop) refers to rtx_timer.o(.text.svcRtxTimerStop) for [Anonymous Symbol]
    rtx_timer.o(.ARM.exidx.text.svcRtxTimerIsRunning) refers to rtx_timer.o(.text.svcRtxTimerIsRunning) for [Anonymous Symbol]
    rtx_timer.o(.text.svcRtxTimerDelete) refers to rtx_timer.o(.text.TimerRemove) for TimerRemove
    rtx_timer.o(.text.svcRtxTimerDelete) refers to rtx_mempool.o(.text.osRtxMemoryPoolFree) for osRtxMemoryPoolFree
    rtx_timer.o(.text.svcRtxTimerDelete) refers to rtx_memory.o(.text.osRtxMemoryFree) for osRtxMemoryFree
    rtx_timer.o(.text.svcRtxTimerDelete) refers to rtx_kernel.o(.data.os) for osRtxInfo
    rtx_timer.o(.ARM.exidx.text.svcRtxTimerDelete) refers to rtx_timer.o(.text.svcRtxTimerDelete) for [Anonymous Symbol]
    rtx_mutex.o(.text.osRtxMutexOwnerRelease) refers to rtx_thread.o(.text.osRtxThreadListGet) for osRtxThreadListGet
    rtx_mutex.o(.text.osRtxMutexOwnerRelease) refers to rtx_thread.o(.text.osRtxThreadWaitExit) for osRtxThreadWaitExit
    rtx_mutex.o(.ARM.exidx.text.osRtxMutexOwnerRelease) refers to rtx_mutex.o(.text.osRtxMutexOwnerRelease) for [Anonymous Symbol]
    rtx_mutex.o(.text.osMutexNew) refers to rtx_mutex.o(.text.svcRtxMutexNew) for svcRtxMutexNew
    rtx_mutex.o(.ARM.exidx.text.osMutexNew) refers to rtx_mutex.o(.text.osMutexNew) for [Anonymous Symbol]
    rtx_mutex.o(.text.osMutexGetName) refers to rtx_mutex.o(.text.svcRtxMutexGetName) for svcRtxMutexGetName
    rtx_mutex.o(.ARM.exidx.text.osMutexGetName) refers to rtx_mutex.o(.text.osMutexGetName) for [Anonymous Symbol]
    rtx_mutex.o(.text.osMutexAcquire) refers to rtx_mutex.o(.text.svcRtxMutexAcquire) for svcRtxMutexAcquire
    rtx_mutex.o(.ARM.exidx.text.osMutexAcquire) refers to rtx_mutex.o(.text.osMutexAcquire) for [Anonymous Symbol]
    rtx_mutex.o(.text.osMutexRelease) refers to rtx_mutex.o(.text.svcRtxMutexRelease) for svcRtxMutexRelease
    rtx_mutex.o(.ARM.exidx.text.osMutexRelease) refers to rtx_mutex.o(.text.osMutexRelease) for [Anonymous Symbol]
    rtx_mutex.o(.text.osMutexGetOwner) refers to rtx_mutex.o(.text.svcRtxMutexGetOwner) for svcRtxMutexGetOwner
    rtx_mutex.o(.ARM.exidx.text.osMutexGetOwner) refers to rtx_mutex.o(.text.osMutexGetOwner) for [Anonymous Symbol]
    rtx_mutex.o(.text.osMutexDelete) refers to rtx_mutex.o(.text.svcRtxMutexDelete) for svcRtxMutexDelete
    rtx_mutex.o(.ARM.exidx.text.osMutexDelete) refers to rtx_mutex.o(.text.osMutexDelete) for [Anonymous Symbol]
    rtx_mutex.o(.text.svcRtxMutexNew) refers to rtx_mempool.o(.text.osRtxMemoryPoolAlloc) for osRtxMemoryPoolAlloc
    rtx_mutex.o(.text.svcRtxMutexNew) refers to rtx_memory.o(.text.osRtxMemoryAlloc) for osRtxMemoryAlloc
    rtx_mutex.o(.text.svcRtxMutexNew) refers to memseta.o(.text) for __aeabi_memclr4
    rtx_mutex.o(.text.svcRtxMutexNew) refers to rtx_kernel.o(.data.os) for osRtxInfo
    rtx_mutex.o(.ARM.exidx.text.svcRtxMutexNew) refers to rtx_mutex.o(.text.svcRtxMutexNew) for [Anonymous Symbol]
    rtx_mutex.o(.ARM.exidx.text.svcRtxMutexGetName) refers to rtx_mutex.o(.text.svcRtxMutexGetName) for [Anonymous Symbol]
    rtx_mutex.o(.text.svcRtxMutexAcquire) refers to rtx_thread.o(.text.osRtxThreadListSort) for osRtxThreadListSort
    rtx_mutex.o(.text.svcRtxMutexAcquire) refers to rtx_thread.o(.text.osRtxThreadWaitEnter) for osRtxThreadWaitEnter
    rtx_mutex.o(.text.svcRtxMutexAcquire) refers to rtx_thread.o(.text.osRtxThreadListPut) for osRtxThreadListPut
    rtx_mutex.o(.text.svcRtxMutexAcquire) refers to rtx_kernel.o(.data.os) for osRtxInfo
    rtx_mutex.o(.ARM.exidx.text.svcRtxMutexAcquire) refers to rtx_mutex.o(.text.svcRtxMutexAcquire) for [Anonymous Symbol]
    rtx_mutex.o(.text.svcRtxMutexRelease) refers to rtx_thread.o(.text.osRtxThreadListGet) for osRtxThreadListGet
    rtx_mutex.o(.text.svcRtxMutexRelease) refers to rtx_thread.o(.text.osRtxThreadWaitExit) for osRtxThreadWaitExit
    rtx_mutex.o(.text.svcRtxMutexRelease) refers to rtx_thread.o(.text.osRtxThreadDispatch) for osRtxThreadDispatch
    rtx_mutex.o(.text.svcRtxMutexRelease) refers to rtx_kernel.o(.data.os) for osRtxInfo
    rtx_mutex.o(.ARM.exidx.text.svcRtxMutexRelease) refers to rtx_mutex.o(.text.svcRtxMutexRelease) for [Anonymous Symbol]
    rtx_mutex.o(.ARM.exidx.text.svcRtxMutexGetOwner) refers to rtx_mutex.o(.text.svcRtxMutexGetOwner) for [Anonymous Symbol]
    rtx_mutex.o(.text.svcRtxMutexDelete) refers to rtx_thread.o(.text.osRtxThreadListSort) for osRtxThreadListSort
    rtx_mutex.o(.text.svcRtxMutexDelete) refers to rtx_thread.o(.text.osRtxThreadListGet) for osRtxThreadListGet
    rtx_mutex.o(.text.svcRtxMutexDelete) refers to rtx_thread.o(.text.osRtxThreadWaitExit) for osRtxThreadWaitExit
    rtx_mutex.o(.text.svcRtxMutexDelete) refers to rtx_thread.o(.text.osRtxThreadDispatch) for osRtxThreadDispatch
    rtx_mutex.o(.text.svcRtxMutexDelete) refers to rtx_mempool.o(.text.osRtxMemoryPoolFree) for osRtxMemoryPoolFree
    rtx_mutex.o(.text.svcRtxMutexDelete) refers to rtx_memory.o(.text.osRtxMemoryFree) for osRtxMemoryFree
    rtx_mutex.o(.text.svcRtxMutexDelete) refers to rtx_kernel.o(.data.os) for osRtxInfo
    rtx_mutex.o(.ARM.exidx.text.svcRtxMutexDelete) refers to rtx_mutex.o(.text.svcRtxMutexDelete) for [Anonymous Symbol]
    rtx_msgqueue.o(.text.osMessageQueueNew) refers to rtx_msgqueue.o(.text.svcRtxMessageQueueNew) for svcRtxMessageQueueNew
    rtx_msgqueue.o(.ARM.exidx.text.osMessageQueueNew) refers to rtx_msgqueue.o(.text.osMessageQueueNew) for [Anonymous Symbol]
    rtx_msgqueue.o(.text.osMessageQueueGetName) refers to rtx_msgqueue.o(.text.svcRtxMessageQueueGetName) for svcRtxMessageQueueGetName
    rtx_msgqueue.o(.ARM.exidx.text.osMessageQueueGetName) refers to rtx_msgqueue.o(.text.osMessageQueueGetName) for [Anonymous Symbol]
    rtx_msgqueue.o(.text.osMessageQueuePut) refers to rtx_mempool.o(.text.osRtxMemoryPoolAlloc) for osRtxMemoryPoolAlloc
    rtx_msgqueue.o(.text.osMessageQueuePut) refers to memcpya.o(.text) for __aeabi_memcpy
    rtx_msgqueue.o(.text.osMessageQueuePut) refers to rtx_system.o(.text.osRtxPostProcess) for osRtxPostProcess
    rtx_msgqueue.o(.text.osMessageQueuePut) refers to rtx_msgqueue.o(.text.svcRtxMessageQueuePut) for svcRtxMessageQueuePut
    rtx_msgqueue.o(.ARM.exidx.text.osMessageQueuePut) refers to rtx_msgqueue.o(.text.osMessageQueuePut) for [Anonymous Symbol]
    rtx_msgqueue.o(.text.osMessageQueueGet) refers to rtx_msgqueue.o(.text.MessageQueueGet) for MessageQueueGet
    rtx_msgqueue.o(.text.osMessageQueueGet) refers to memcpya.o(.text) for __aeabi_memcpy
    rtx_msgqueue.o(.text.osMessageQueueGet) refers to rtx_system.o(.text.osRtxPostProcess) for osRtxPostProcess
    rtx_msgqueue.o(.text.osMessageQueueGet) refers to rtx_msgqueue.o(.text.svcRtxMessageQueueGet) for svcRtxMessageQueueGet
    rtx_msgqueue.o(.ARM.exidx.text.osMessageQueueGet) refers to rtx_msgqueue.o(.text.osMessageQueueGet) for [Anonymous Symbol]
    rtx_msgqueue.o(.text.osMessageQueueGetCapacity) refers to rtx_msgqueue.o(.text.svcRtxMessageQueueGetCapacity) for svcRtxMessageQueueGetCapacity
    rtx_msgqueue.o(.ARM.exidx.text.osMessageQueueGetCapacity) refers to rtx_msgqueue.o(.text.osMessageQueueGetCapacity) for [Anonymous Symbol]
    rtx_msgqueue.o(.ARM.exidx.text.svcRtxMessageQueueGetCapacity) refers to rtx_msgqueue.o(.text.svcRtxMessageQueueGetCapacity) for [Anonymous Symbol]
    rtx_msgqueue.o(.text.osMessageQueueGetMsgSize) refers to rtx_msgqueue.o(.text.svcRtxMessageQueueGetMsgSize) for svcRtxMessageQueueGetMsgSize
    rtx_msgqueue.o(.ARM.exidx.text.osMessageQueueGetMsgSize) refers to rtx_msgqueue.o(.text.osMessageQueueGetMsgSize) for [Anonymous Symbol]
    rtx_msgqueue.o(.ARM.exidx.text.svcRtxMessageQueueGetMsgSize) refers to rtx_msgqueue.o(.text.svcRtxMessageQueueGetMsgSize) for [Anonymous Symbol]
    rtx_msgqueue.o(.text.osMessageQueueGetCount) refers to rtx_msgqueue.o(.text.svcRtxMessageQueueGetCount) for svcRtxMessageQueueGetCount
    rtx_msgqueue.o(.ARM.exidx.text.osMessageQueueGetCount) refers to rtx_msgqueue.o(.text.osMessageQueueGetCount) for [Anonymous Symbol]
    rtx_msgqueue.o(.ARM.exidx.text.svcRtxMessageQueueGetCount) refers to rtx_msgqueue.o(.text.svcRtxMessageQueueGetCount) for [Anonymous Symbol]
    rtx_msgqueue.o(.text.osMessageQueueGetSpace) refers to rtx_msgqueue.o(.text.svcRtxMessageQueueGetSpace) for svcRtxMessageQueueGetSpace
    rtx_msgqueue.o(.ARM.exidx.text.osMessageQueueGetSpace) refers to rtx_msgqueue.o(.text.osMessageQueueGetSpace) for [Anonymous Symbol]
    rtx_msgqueue.o(.ARM.exidx.text.svcRtxMessageQueueGetSpace) refers to rtx_msgqueue.o(.text.svcRtxMessageQueueGetSpace) for [Anonymous Symbol]
    rtx_msgqueue.o(.text.osMessageQueueReset) refers to rtx_msgqueue.o(.text.svcRtxMessageQueueReset) for svcRtxMessageQueueReset
    rtx_msgqueue.o(.ARM.exidx.text.osMessageQueueReset) refers to rtx_msgqueue.o(.text.osMessageQueueReset) for [Anonymous Symbol]
    rtx_msgqueue.o(.text.osMessageQueueDelete) refers to rtx_msgqueue.o(.text.svcRtxMessageQueueDelete) for svcRtxMessageQueueDelete
    rtx_msgqueue.o(.ARM.exidx.text.osMessageQueueDelete) refers to rtx_msgqueue.o(.text.osMessageQueueDelete) for [Anonymous Symbol]
    rtx_msgqueue.o(.text.svcRtxMessageQueueNew) refers to rtx_mempool.o(.text.osRtxMemoryPoolAlloc) for osRtxMemoryPoolAlloc
    rtx_msgqueue.o(.text.svcRtxMessageQueueNew) refers to rtx_memory.o(.text.osRtxMemoryAlloc) for osRtxMemoryAlloc
    rtx_msgqueue.o(.text.svcRtxMessageQueueNew) refers to memseta.o(.text) for __aeabi_memclr
    rtx_msgqueue.o(.text.svcRtxMessageQueueNew) refers to rtx_mempool.o(.text.osRtxMemoryPoolFree) for osRtxMemoryPoolFree
    rtx_msgqueue.o(.text.svcRtxMessageQueueNew) refers to rtx_memory.o(.text.osRtxMemoryFree) for osRtxMemoryFree
    rtx_msgqueue.o(.text.svcRtxMessageQueueNew) refers to rtx_mempool.o(.text.osRtxMemoryPoolInit) for osRtxMemoryPoolInit
    rtx_msgqueue.o(.text.svcRtxMessageQueueNew) refers to rtx_kernel.o(.data.os) for osRtxInfo
    rtx_msgqueue.o(.text.svcRtxMessageQueueNew) refers to rtx_msgqueue.o(.text.osRtxMessageQueuePostProcess) for osRtxMessageQueuePostProcess
    rtx_msgqueue.o(.ARM.exidx.text.svcRtxMessageQueueNew) refers to rtx_msgqueue.o(.text.svcRtxMessageQueueNew) for [Anonymous Symbol]
    rtx_msgqueue.o(.text.osRtxMessageQueuePostProcess) refers to rtx_msgqueue.o(.text.MessageQueueRemove) for MessageQueueRemove
    rtx_msgqueue.o(.text.osRtxMessageQueuePostProcess) refers to rtx_mempool.o(.text.osRtxMemoryPoolFree) for osRtxMemoryPoolFree
    rtx_msgqueue.o(.text.osRtxMessageQueuePostProcess) refers to rtx_mempool.o(.text.osRtxMemoryPoolAlloc) for osRtxMemoryPoolAlloc
    rtx_msgqueue.o(.text.osRtxMessageQueuePostProcess) refers to rtx_thread.o(.text.osRtxThreadListGet) for osRtxThreadListGet
    rtx_msgqueue.o(.text.osRtxMessageQueuePostProcess) refers to rtx_thread.o(.text.osRtxThreadWaitExit) for osRtxThreadWaitExit
    rtx_msgqueue.o(.text.osRtxMessageQueuePostProcess) refers to rtx_thread.o(.text.osRtxThreadRegPtr) for osRtxThreadRegPtr
    rtx_msgqueue.o(.text.osRtxMessageQueuePostProcess) refers to memcpya.o(.text) for __aeabi_memcpy
    rtx_msgqueue.o(.text.osRtxMessageQueuePostProcess) refers to rtx_msgqueue.o(.text.MessageQueuePut) for MessageQueuePut
    rtx_msgqueue.o(.ARM.exidx.text.osRtxMessageQueuePostProcess) refers to rtx_msgqueue.o(.text.osRtxMessageQueuePostProcess) for [Anonymous Symbol]
    rtx_msgqueue.o(.ARM.exidx.text.MessageQueueRemove) refers to rtx_msgqueue.o(.text.MessageQueueRemove) for [Anonymous Symbol]
    rtx_msgqueue.o(.ARM.exidx.text.MessageQueuePut) refers to rtx_msgqueue.o(.text.MessageQueuePut) for [Anonymous Symbol]
    rtx_msgqueue.o(.ARM.exidx.text.svcRtxMessageQueueGetName) refers to rtx_msgqueue.o(.text.svcRtxMessageQueueGetName) for [Anonymous Symbol]
    rtx_msgqueue.o(.text.svcRtxMessageQueuePut) refers to rtx_thread.o(.text.osRtxThreadListGet) for osRtxThreadListGet
    rtx_msgqueue.o(.text.svcRtxMessageQueuePut) refers to rtx_thread.o(.text.osRtxThreadWaitExit) for osRtxThreadWaitExit
    rtx_msgqueue.o(.text.svcRtxMessageQueuePut) refers to rtx_thread.o(.text.osRtxThreadRegPtr) for osRtxThreadRegPtr
    rtx_msgqueue.o(.text.svcRtxMessageQueuePut) refers to memcpya.o(.text) for __aeabi_memcpy
    rtx_msgqueue.o(.text.svcRtxMessageQueuePut) refers to rtx_mempool.o(.text.osRtxMemoryPoolAlloc) for osRtxMemoryPoolAlloc
    rtx_msgqueue.o(.text.svcRtxMessageQueuePut) refers to rtx_msgqueue.o(.text.MessageQueuePut) for MessageQueuePut
    rtx_msgqueue.o(.text.svcRtxMessageQueuePut) refers to rtx_thread.o(.text.osRtxThreadWaitEnter) for osRtxThreadWaitEnter
    rtx_msgqueue.o(.text.svcRtxMessageQueuePut) refers to rtx_thread.o(.text.osRtxThreadListPut) for osRtxThreadListPut
    rtx_msgqueue.o(.text.svcRtxMessageQueuePut) refers to rtx_kernel.o(.data.os) for osRtxInfo
    rtx_msgqueue.o(.ARM.exidx.text.svcRtxMessageQueuePut) refers to rtx_msgqueue.o(.text.svcRtxMessageQueuePut) for [Anonymous Symbol]
    rtx_msgqueue.o(.ARM.exidx.text.MessageQueueGet) refers to rtx_msgqueue.o(.text.MessageQueueGet) for [Anonymous Symbol]
    rtx_msgqueue.o(.text.svcRtxMessageQueueGet) refers to rtx_msgqueue.o(.text.MessageQueueGet) for MessageQueueGet
    rtx_msgqueue.o(.text.svcRtxMessageQueueGet) refers to rtx_msgqueue.o(.text.MessageQueueRemove) for MessageQueueRemove
    rtx_msgqueue.o(.text.svcRtxMessageQueueGet) refers to memcpya.o(.text) for __aeabi_memcpy
    rtx_msgqueue.o(.text.svcRtxMessageQueueGet) refers to rtx_mempool.o(.text.osRtxMemoryPoolFree) for osRtxMemoryPoolFree
    rtx_msgqueue.o(.text.svcRtxMessageQueueGet) refers to rtx_mempool.o(.text.osRtxMemoryPoolAlloc) for osRtxMemoryPoolAlloc
    rtx_msgqueue.o(.text.svcRtxMessageQueueGet) refers to rtx_thread.o(.text.osRtxThreadListGet) for osRtxThreadListGet
    rtx_msgqueue.o(.text.svcRtxMessageQueueGet) refers to rtx_thread.o(.text.osRtxThreadWaitExit) for osRtxThreadWaitExit
    rtx_msgqueue.o(.text.svcRtxMessageQueueGet) refers to rtx_thread.o(.text.osRtxThreadRegPtr) for osRtxThreadRegPtr
    rtx_msgqueue.o(.text.svcRtxMessageQueueGet) refers to rtx_msgqueue.o(.text.MessageQueuePut) for MessageQueuePut
    rtx_msgqueue.o(.text.svcRtxMessageQueueGet) refers to rtx_thread.o(.text.osRtxThreadWaitEnter) for osRtxThreadWaitEnter
    rtx_msgqueue.o(.text.svcRtxMessageQueueGet) refers to rtx_thread.o(.text.osRtxThreadListPut) for osRtxThreadListPut
    rtx_msgqueue.o(.text.svcRtxMessageQueueGet) refers to rtx_kernel.o(.data.os) for osRtxInfo
    rtx_msgqueue.o(.ARM.exidx.text.svcRtxMessageQueueGet) refers to rtx_msgqueue.o(.text.svcRtxMessageQueueGet) for [Anonymous Symbol]
    rtx_msgqueue.o(.text.svcRtxMessageQueueReset) refers to rtx_msgqueue.o(.text.MessageQueueRemove) for MessageQueueRemove
    rtx_msgqueue.o(.text.svcRtxMessageQueueReset) refers to rtx_mempool.o(.text.osRtxMemoryPoolFree) for osRtxMemoryPoolFree
    rtx_msgqueue.o(.text.svcRtxMessageQueueReset) refers to rtx_msgqueue.o(.text.MessageQueueGet) for MessageQueueGet
    rtx_msgqueue.o(.text.svcRtxMessageQueueReset) refers to rtx_mempool.o(.text.osRtxMemoryPoolAlloc) for osRtxMemoryPoolAlloc
    rtx_msgqueue.o(.text.svcRtxMessageQueueReset) refers to rtx_thread.o(.text.osRtxThreadListGet) for osRtxThreadListGet
    rtx_msgqueue.o(.text.svcRtxMessageQueueReset) refers to rtx_thread.o(.text.osRtxThreadWaitExit) for osRtxThreadWaitExit
    rtx_msgqueue.o(.text.svcRtxMessageQueueReset) refers to rtx_thread.o(.text.osRtxThreadRegPtr) for osRtxThreadRegPtr
    rtx_msgqueue.o(.text.svcRtxMessageQueueReset) refers to memcpya.o(.text) for __aeabi_memcpy
    rtx_msgqueue.o(.text.svcRtxMessageQueueReset) refers to rtx_msgqueue.o(.text.MessageQueuePut) for MessageQueuePut
    rtx_msgqueue.o(.text.svcRtxMessageQueueReset) refers to rtx_thread.o(.text.osRtxThreadDispatch) for osRtxThreadDispatch
    rtx_msgqueue.o(.ARM.exidx.text.svcRtxMessageQueueReset) refers to rtx_msgqueue.o(.text.svcRtxMessageQueueReset) for [Anonymous Symbol]
    rtx_msgqueue.o(.text.svcRtxMessageQueueDelete) refers to rtx_thread.o(.text.osRtxThreadListGet) for osRtxThreadListGet
    rtx_msgqueue.o(.text.svcRtxMessageQueueDelete) refers to rtx_thread.o(.text.osRtxThreadWaitExit) for osRtxThreadWaitExit
    rtx_msgqueue.o(.text.svcRtxMessageQueueDelete) refers to rtx_thread.o(.text.osRtxThreadDispatch) for osRtxThreadDispatch
    rtx_msgqueue.o(.text.svcRtxMessageQueueDelete) refers to rtx_memory.o(.text.osRtxMemoryFree) for osRtxMemoryFree
    rtx_msgqueue.o(.text.svcRtxMessageQueueDelete) refers to rtx_mempool.o(.text.osRtxMemoryPoolFree) for osRtxMemoryPoolFree
    rtx_msgqueue.o(.text.svcRtxMessageQueueDelete) refers to rtx_kernel.o(.data.os) for osRtxInfo
    rtx_msgqueue.o(.ARM.exidx.text.svcRtxMessageQueueDelete) refers to rtx_msgqueue.o(.text.svcRtxMessageQueueDelete) for [Anonymous Symbol]
    entry.o(.ARM.Collect$$$$00000000) refers (Special) to entry10a.o(.ARM.Collect$$$$0000000D) for __rt_final_cpp
    entry.o(.ARM.Collect$$$$00000000) refers (Special) to entry11a.o(.ARM.Collect$$$$0000000F) for __rt_final_exit
    entry.o(.ARM.Collect$$$$00000000) refers (Special) to entry7b.o(.ARM.Collect$$$$00000008) for _main_clock
    entry.o(.ARM.Collect$$$$00000000) refers (Special) to entry8b.o(.ARM.Collect$$$$0000000A) for _main_cpp_init
    entry.o(.ARM.Collect$$$$00000000) refers (Special) to entry9a.o(.ARM.Collect$$$$0000000B) for _main_init
    entry.o(.ARM.Collect$$$$00000000) refers (Special) to entry5.o(.ARM.Collect$$$$00000004) for _main_scatterload
    entry.o(.ARM.Collect$$$$00000000) refers (Special) to entry2.o(.ARM.Collect$$$$00000001) for _main_stk
    entry2.o(.ARM.Collect$$$$00000001) refers to entry2.o(.ARM.Collect$$$$00002712) for __lit__00000000
    entry2.o(.ARM.Collect$$$$00002712) refers to startup_mkl25z4.o(STACK) for __initial_sp
    entry2.o(__vectab_stack_and_reset_area) refers to startup_mkl25z4.o(STACK) for __initial_sp
    entry2.o(__vectab_stack_and_reset_area) refers to entry.o(.ARM.Collect$$$$00000000) for __main
    entry5.o(.ARM.Collect$$$$00000004) refers to init.o(.text) for __scatterload
    entry9a.o(.ARM.Collect$$$$0000000B) refers to main.o(.text.main) for main
    entry9b.o(.ARM.Collect$$$$0000000C) refers to main.o(.text.main) for main
    idiv_div0.o(.text) refers to uidiv_div0.o(.text) for __aeabi_uidivmod
    init.o(.text) refers to entry5.o(.ARM.Collect$$$$00000004) for __main_after_scatterload


==============================================================================

Removing Unused input sections from the image.

    Removing main.o(.text), (0 bytes).
    Removing main.o(.text.tBrain), (172 bytes).
    Removing main.o(.ARM.exidx.text.tBrain), (8 bytes).
    Removing main.o(.text.tMotorControl), (2 bytes).
    Removing main.o(.ARM.exidx.text.tMotorControl), (8 bytes).
    Removing main.o(.text.tLED), (2 bytes).
    Removing main.o(.ARM.exidx.text.tLED), (8 bytes).
    Removing main.o(.text.tAudio), (2 bytes).
    Removing main.o(.ARM.exidx.text.tAudio), (8 bytes).
    Removing main.o(.ARM.exidx.text.main), (8 bytes).
    Removing main.o(.ARM.use_no_argv), (4 bytes).
    Removing motor.o(.text), (0 bytes).
    Removing motor.o(.ARM.exidx.text.initPWM), (8 bytes).
    Removing motor.o(.ARM.exidx.text.stopMotor), (8 bytes).
    Removing motor.o(.ARM.exidx.text.move), (8 bytes).
    Removing motor.o(.ARM.exidx.text.reverse), (8 bytes).
    Removing motor.o(.ARM.exidx.text.goLeft), (8 bytes).
    Removing motor.o(.ARM.exidx.text.goRight), (8 bytes).
    Removing uart.o(.text), (0 bytes).
    Removing uart.o(.ARM.exidx.text.initUART2), (8 bytes).
    Removing uart.o(.ARM.exidx.text.UART2_IRQHandler), (8 bytes).
    Removing uart.o(.ARM.exidx.text.extractAxisValues), (8 bytes).
    Removing rtx_lib.o(.text), (0 bytes).
    Removing rtx_lib.o(.data.irqRtxLibRef), (4 bytes).
    Removing rtx_config.o(.text), (0 bytes).
    Removing rtx_config.o(.text.osRtxIdleThread), (2 bytes).
    Removing rtx_config.o(.ARM.exidx.text.osRtxIdleThread), (8 bytes).
    Removing rtx_config.o(.ARM.exidx.text.osRtxErrorNotify), (8 bytes).
    Removing startup_mkl25z4.o(HEAP), (0 bytes).
    Removing system_mkl25z4.o(.text), (0 bytes).
    Removing system_mkl25z4.o(.ARM.exidx.text.SystemInit), (8 bytes).
    Removing system_mkl25z4.o(.ARM.exidx.text.SystemCoreClockUpdate), (8 bytes).
    Removing rtx_kernel.o(.text), (0 bytes).
    Removing rtx_kernel.o(.ARM.exidx.text.osRtxKernelPreInit), (8 bytes).
    Removing rtx_kernel.o(.ARM.exidx.text.osKernelInitialize), (8 bytes).
    Removing rtx_kernel.o(.text.osKernelGetInfo), (44 bytes).
    Removing rtx_kernel.o(.ARM.exidx.text.osKernelGetInfo), (8 bytes).
    Removing rtx_kernel.o(.text.svcRtxKernelGetInfo), (56 bytes).
    Removing rtx_kernel.o(.ARM.exidx.text.svcRtxKernelGetInfo), (8 bytes).
    Removing rtx_kernel.o(.text.osKernelGetState), (48 bytes).
    Removing rtx_kernel.o(.ARM.exidx.text.osKernelGetState), (8 bytes).
    Removing rtx_kernel.o(.text.svcRtxKernelGetState), (12 bytes).
    Removing rtx_kernel.o(.ARM.exidx.text.svcRtxKernelGetState), (8 bytes).
    Removing rtx_kernel.o(.text.osKernelStart), (36 bytes).
    Removing rtx_kernel.o(.ARM.exidx.text.osKernelStart), (8 bytes).
    Removing rtx_kernel.o(.text.osKernelLock), (36 bytes).
    Removing rtx_kernel.o(.ARM.exidx.text.osKernelLock), (8 bytes).
    Removing rtx_kernel.o(.text.osKernelUnlock), (36 bytes).
    Removing rtx_kernel.o(.ARM.exidx.text.osKernelUnlock), (8 bytes).
    Removing rtx_kernel.o(.text.osKernelRestoreLock), (40 bytes).
    Removing rtx_kernel.o(.ARM.exidx.text.osKernelRestoreLock), (8 bytes).
    Removing rtx_kernel.o(.text.osKernelSuspend), (32 bytes).
    Removing rtx_kernel.o(.ARM.exidx.text.osKernelSuspend), (8 bytes).
    Removing rtx_kernel.o(.text.osKernelResume), (32 bytes).
    Removing rtx_kernel.o(.ARM.exidx.text.osKernelResume), (8 bytes).
    Removing rtx_kernel.o(.text.osKernelGetTickCount), (40 bytes).
    Removing rtx_kernel.o(.ARM.exidx.text.osKernelGetTickCount), (8 bytes).
    Removing rtx_kernel.o(.text.svcRtxKernelGetTickCount), (12 bytes).
    Removing rtx_kernel.o(.ARM.exidx.text.svcRtxKernelGetTickCount), (8 bytes).
    Removing rtx_kernel.o(.text.osKernelGetTickFreq), (40 bytes).
    Removing rtx_kernel.o(.ARM.exidx.text.osKernelGetTickFreq), (8 bytes).
    Removing rtx_kernel.o(.text.svcRtxKernelGetTickFreq), (12 bytes).
    Removing rtx_kernel.o(.ARM.exidx.text.svcRtxKernelGetTickFreq), (8 bytes).
    Removing rtx_kernel.o(.text.osKernelGetSysTimerCount), (36 bytes).
    Removing rtx_kernel.o(.ARM.exidx.text.osKernelGetSysTimerCount), (8 bytes).
    Removing rtx_kernel.o(.text.svcRtxKernelGetSysTimerCount), (44 bytes).
    Removing rtx_kernel.o(.ARM.exidx.text.svcRtxKernelGetSysTimerCount), (8 bytes).
    Removing rtx_kernel.o(.text.osKernelGetSysTimerFreq), (36 bytes).
    Removing rtx_kernel.o(.ARM.exidx.text.osKernelGetSysTimerFreq), (8 bytes).
    Removing rtx_kernel.o(.text.svcRtxKernelGetSysTimerFreq), (8 bytes).
    Removing rtx_kernel.o(.ARM.exidx.text.svcRtxKernelGetSysTimerFreq), (8 bytes).
    Removing rtx_kernel.o(.ARM.exidx.text.svcRtxKernelInitialize), (8 bytes).
    Removing rtx_kernel.o(.text.svcRtxKernelStart), (132 bytes).
    Removing rtx_kernel.o(.ARM.exidx.text.svcRtxKernelStart), (8 bytes).
    Removing rtx_kernel.o(.text.svcRtxKernelLock), (36 bytes).
    Removing rtx_kernel.o(.ARM.exidx.text.svcRtxKernelLock), (8 bytes).
    Removing rtx_kernel.o(.text.svcRtxKernelUnlock), (36 bytes).
    Removing rtx_kernel.o(.ARM.exidx.text.svcRtxKernelUnlock), (8 bytes).
    Removing rtx_kernel.o(.text.svcRtxKernelRestoreLock), (48 bytes).
    Removing rtx_kernel.o(.ARM.exidx.text.svcRtxKernelRestoreLock), (8 bytes).
    Removing rtx_kernel.o(.text.svcRtxKernelSuspend), (84 bytes).
    Removing rtx_kernel.o(.ARM.exidx.text.svcRtxKernelSuspend), (8 bytes).
    Removing rtx_kernel.o(.text.svcRtxKernelResume), (136 bytes).
    Removing rtx_kernel.o(.ARM.exidx.text.svcRtxKernelResume), (8 bytes).
    Removing irq_cm0.o(.constdata), (1 bytes).
    Removing rtx_thread.o(.text), (0 bytes).
    Removing rtx_thread.o(.ARM.exidx.text.osRtxThreadListPut), (8 bytes).
    Removing rtx_thread.o(.text.osRtxThreadListGet), (20 bytes).
    Removing rtx_thread.o(.ARM.exidx.text.osRtxThreadListGet), (8 bytes).
    Removing rtx_thread.o(.text.osRtxThreadListSort), (38 bytes).
    Removing rtx_thread.o(.ARM.exidx.text.osRtxThreadListSort), (8 bytes).
    Removing rtx_thread.o(.ARM.exidx.text.osRtxThreadListRemove), (8 bytes).
    Removing rtx_thread.o(.ARM.exidx.text.osRtxThreadReadyPut), (8 bytes).
    Removing rtx_thread.o(.ARM.exidx.text.osRtxThreadDelayTick), (8 bytes).
    Removing rtx_thread.o(.text.osRtxThreadRegPtr), (6 bytes).
    Removing rtx_thread.o(.ARM.exidx.text.osRtxThreadRegPtr), (8 bytes).
    Removing rtx_thread.o(.ARM.exidx.text.osRtxThreadSwitch), (8 bytes).
    Removing rtx_thread.o(.ARM.exidx.text.osRtxThreadStackCheck), (8 bytes).
    Removing rtx_thread.o(.ARM.exidx.text.osRtxThreadDispatch), (8 bytes).
    Removing rtx_thread.o(.ARM.exidx.text.osRtxThreadBlock), (8 bytes).
    Removing rtx_thread.o(.text.osRtxThreadWaitExit), (34 bytes).
    Removing rtx_thread.o(.ARM.exidx.text.osRtxThreadWaitExit), (8 bytes).
    Removing rtx_thread.o(.text.osRtxThreadDelayRemove), (68 bytes).
    Removing rtx_thread.o(.ARM.exidx.text.osRtxThreadDelayRemove), (8 bytes).
    Removing rtx_thread.o(.text.osRtxThreadWaitEnter), (60 bytes).
    Removing rtx_thread.o(.ARM.exidx.text.osRtxThreadWaitEnter), (8 bytes).
    Removing rtx_thread.o(.text.osRtxThreadDelayInsert), (128 bytes).
    Removing rtx_thread.o(.ARM.exidx.text.osRtxThreadDelayInsert), (8 bytes).
    Removing rtx_thread.o(.text.osRtxThreadStartup), (64 bytes).
    Removing rtx_thread.o(.ARM.exidx.text.osRtxThreadStartup), (8 bytes).
    Removing rtx_thread.o(.text.svcRtxThreadNew), (492 bytes).
    Removing rtx_thread.o(.ARM.exidx.text.svcRtxThreadNew), (8 bytes).
    Removing rtx_thread.o(.text.osThreadNew), (36 bytes).
    Removing rtx_thread.o(.ARM.exidx.text.osThreadNew), (8 bytes).
    Removing rtx_thread.o(.text.osThreadGetName), (36 bytes).
    Removing rtx_thread.o(.ARM.exidx.text.osThreadGetName), (8 bytes).
    Removing rtx_thread.o(.text.osThreadGetId), (40 bytes).
    Removing rtx_thread.o(.ARM.exidx.text.osThreadGetId), (8 bytes).
    Removing rtx_thread.o(.text.svcRtxThreadGetId), (12 bytes).
    Removing rtx_thread.o(.ARM.exidx.text.svcRtxThreadGetId), (8 bytes).
    Removing rtx_thread.o(.text.osThreadGetState), (40 bytes).
    Removing rtx_thread.o(.ARM.exidx.text.osThreadGetState), (8 bytes).
    Removing rtx_thread.o(.text.osThreadGetStackSize), (36 bytes).
    Removing rtx_thread.o(.ARM.exidx.text.osThreadGetStackSize), (8 bytes).
    Removing rtx_thread.o(.text.osThreadGetStackSpace), (36 bytes).
    Removing rtx_thread.o(.ARM.exidx.text.osThreadGetStackSpace), (8 bytes).
    Removing rtx_thread.o(.text.osThreadSetPriority), (40 bytes).
    Removing rtx_thread.o(.ARM.exidx.text.osThreadSetPriority), (8 bytes).
    Removing rtx_thread.o(.text.osThreadGetPriority), (40 bytes).
    Removing rtx_thread.o(.ARM.exidx.text.osThreadGetPriority), (8 bytes).
    Removing rtx_thread.o(.text.osThreadYield), (36 bytes).
    Removing rtx_thread.o(.ARM.exidx.text.osThreadYield), (8 bytes).
    Removing rtx_thread.o(.text.osThreadSuspend), (40 bytes).
    Removing rtx_thread.o(.ARM.exidx.text.osThreadSuspend), (8 bytes).
    Removing rtx_thread.o(.text.osThreadResume), (40 bytes).
    Removing rtx_thread.o(.ARM.exidx.text.osThreadResume), (8 bytes).
    Removing rtx_thread.o(.text.osThreadDetach), (40 bytes).
    Removing rtx_thread.o(.ARM.exidx.text.osThreadDetach), (8 bytes).
    Removing rtx_thread.o(.text.osThreadJoin), (40 bytes).
    Removing rtx_thread.o(.ARM.exidx.text.osThreadJoin), (8 bytes).
    Removing rtx_thread.o(.text.osThreadExit), (12 bytes).
    Removing rtx_thread.o(.ARM.exidx.text.osThreadExit), (8 bytes).
    Removing rtx_thread.o(.text.osThreadTerminate), (40 bytes).
    Removing rtx_thread.o(.ARM.exidx.text.osThreadTerminate), (8 bytes).
    Removing rtx_thread.o(.text.osThreadGetCount), (32 bytes).
    Removing rtx_thread.o(.ARM.exidx.text.osThreadGetCount), (8 bytes).
    Removing rtx_thread.o(.text.osThreadEnumerate), (36 bytes).
    Removing rtx_thread.o(.ARM.exidx.text.osThreadEnumerate), (8 bytes).
    Removing rtx_thread.o(.text.osThreadFlagsSet), (88 bytes).
    Removing rtx_thread.o(.ARM.exidx.text.osThreadFlagsSet), (8 bytes).
    Removing rtx_thread.o(.text.osThreadFlagsClear), (40 bytes).
    Removing rtx_thread.o(.ARM.exidx.text.osThreadFlagsClear), (8 bytes).
    Removing rtx_thread.o(.text.osThreadFlagsGet), (32 bytes).
    Removing rtx_thread.o(.ARM.exidx.text.osThreadFlagsGet), (8 bytes).
    Removing rtx_thread.o(.text.osThreadFlagsWait), (40 bytes).
    Removing rtx_thread.o(.ARM.exidx.text.osThreadFlagsWait), (8 bytes).
    Removing rtx_thread.o(.text.osRtxThreadPostProcess), (38 bytes).
    Removing rtx_thread.o(.ARM.exidx.text.osRtxThreadPostProcess), (8 bytes).
    Removing rtx_thread.o(.text.ThreadFlagsCheck), (78 bytes).
    Removing rtx_thread.o(.ARM.exidx.text.ThreadFlagsCheck), (8 bytes).
    Removing rtx_thread.o(.text.svcRtxThreadGetName), (18 bytes).
    Removing rtx_thread.o(.ARM.exidx.text.svcRtxThreadGetName), (8 bytes).
    Removing rtx_thread.o(.text.svcRtxThreadGetState), (24 bytes).
    Removing rtx_thread.o(.ARM.exidx.text.svcRtxThreadGetState), (8 bytes).
    Removing rtx_thread.o(.text.svcRtxThreadGetStackSize), (18 bytes).
    Removing rtx_thread.o(.ARM.exidx.text.svcRtxThreadGetStackSize), (8 bytes).
    Removing rtx_thread.o(.text.svcRtxThreadGetStackSpace), (68 bytes).
    Removing rtx_thread.o(.ARM.exidx.text.svcRtxThreadGetStackSpace), (8 bytes).
    Removing rtx_thread.o(.text.svcRtxThreadSetPriority), (72 bytes).
    Removing rtx_thread.o(.ARM.exidx.text.svcRtxThreadSetPriority), (8 bytes).
    Removing rtx_thread.o(.text.svcRtxThreadGetPriority), (28 bytes).
    Removing rtx_thread.o(.ARM.exidx.text.svcRtxThreadGetPriority), (8 bytes).
    Removing rtx_thread.o(.text.svcRtxThreadYield), (56 bytes).
    Removing rtx_thread.o(.ARM.exidx.text.svcRtxThreadYield), (8 bytes).
    Removing rtx_thread.o(.text.svcRtxThreadSuspend), (136 bytes).
    Removing rtx_thread.o(.ARM.exidx.text.svcRtxThreadSuspend), (8 bytes).
    Removing rtx_thread.o(.text.svcRtxThreadResume), (54 bytes).
    Removing rtx_thread.o(.ARM.exidx.text.svcRtxThreadResume), (8 bytes).
    Removing rtx_thread.o(.text.svcRtxThreadDetach), (58 bytes).
    Removing rtx_thread.o(.ARM.exidx.text.svcRtxThreadDetach), (8 bytes).
    Removing rtx_thread.o(.text.osRtxThreadListUnlink), (36 bytes).
    Removing rtx_thread.o(.ARM.exidx.text.osRtxThreadListUnlink), (8 bytes).
    Removing rtx_thread.o(.text.osRtxThreadFree), (84 bytes).
    Removing rtx_thread.o(.ARM.exidx.text.osRtxThreadFree), (8 bytes).
    Removing rtx_thread.o(.text.svcRtxThreadJoin), (92 bytes).
    Removing rtx_thread.o(.ARM.exidx.text.svcRtxThreadJoin), (8 bytes).
    Removing rtx_thread.o(.text.svcRtxThreadExit), (108 bytes).
    Removing rtx_thread.o(.ARM.exidx.text.svcRtxThreadExit), (8 bytes).
    Removing rtx_thread.o(.text.svcRtxThreadTerminate), (188 bytes).
    Removing rtx_thread.o(.ARM.exidx.text.svcRtxThreadTerminate), (8 bytes).
    Removing rtx_thread.o(.text.svcRtxThreadGetCount), (56 bytes).
    Removing rtx_thread.o(.ARM.exidx.text.svcRtxThreadGetCount), (8 bytes).
    Removing rtx_thread.o(.text.svcRtxThreadEnumerate), (96 bytes).
    Removing rtx_thread.o(.ARM.exidx.text.svcRtxThreadEnumerate), (8 bytes).
    Removing rtx_thread.o(.text.svcRtxThreadFlagsSet), (108 bytes).
    Removing rtx_thread.o(.ARM.exidx.text.svcRtxThreadFlagsSet), (8 bytes).
    Removing rtx_thread.o(.text.svcRtxThreadFlagsClear), (56 bytes).
    Removing rtx_thread.o(.ARM.exidx.text.svcRtxThreadFlagsClear), (8 bytes).
    Removing rtx_thread.o(.text.svcRtxThreadFlagsGet), (20 bytes).
    Removing rtx_thread.o(.ARM.exidx.text.svcRtxThreadFlagsGet), (8 bytes).
    Removing rtx_thread.o(.text.svcRtxThreadFlagsWait), (80 bytes).
    Removing rtx_thread.o(.ARM.exidx.text.svcRtxThreadFlagsWait), (8 bytes).
    Removing rtx_memory.o(.text), (0 bytes).
    Removing rtx_memory.o(.ARM.exidx.text.osRtxMemoryInit), (8 bytes).
    Removing rtx_memory.o(.text.osRtxMemoryAlloc), (124 bytes).
    Removing rtx_memory.o(.ARM.exidx.text.osRtxMemoryAlloc), (8 bytes).
    Removing rtx_memory.o(.text.osRtxMemoryFree), (78 bytes).
    Removing rtx_memory.o(.ARM.exidx.text.osRtxMemoryFree), (8 bytes).
    Removing rtx_mempool.o(.text), (0 bytes).
    Removing rtx_mempool.o(.ARM.exidx.text.osRtxMemoryPoolInit), (8 bytes).
    Removing rtx_mempool.o(.text.osRtxMemoryPoolAlloc), (46 bytes).
    Removing rtx_mempool.o(.ARM.exidx.text.osRtxMemoryPoolAlloc), (8 bytes).
    Removing rtx_mempool.o(.text.osRtxMemoryPoolFree), (58 bytes).
    Removing rtx_mempool.o(.ARM.exidx.text.osRtxMemoryPoolFree), (8 bytes).
    Removing rtx_mempool.o(.text.osMemoryPoolNew), (36 bytes).
    Removing rtx_mempool.o(.ARM.exidx.text.osMemoryPoolNew), (8 bytes).
    Removing rtx_mempool.o(.text.osMemoryPoolGetName), (36 bytes).
    Removing rtx_mempool.o(.ARM.exidx.text.osMemoryPoolGetName), (8 bytes).
    Removing rtx_mempool.o(.text.osMemoryPoolAlloc), (56 bytes).
    Removing rtx_mempool.o(.ARM.exidx.text.osMemoryPoolAlloc), (8 bytes).
    Removing rtx_mempool.o(.text.osMemoryPoolFree), (72 bytes).
    Removing rtx_mempool.o(.ARM.exidx.text.osMemoryPoolFree), (8 bytes).
    Removing rtx_mempool.o(.text.osMemoryPoolGetCapacity), (48 bytes).
    Removing rtx_mempool.o(.ARM.exidx.text.osMemoryPoolGetCapacity), (8 bytes).
    Removing rtx_mempool.o(.text.svcRtxMemoryPoolGetCapacity), (18 bytes).
    Removing rtx_mempool.o(.ARM.exidx.text.svcRtxMemoryPoolGetCapacity), (8 bytes).
    Removing rtx_mempool.o(.text.osMemoryPoolGetBlockSize), (48 bytes).
    Removing rtx_mempool.o(.ARM.exidx.text.osMemoryPoolGetBlockSize), (8 bytes).
    Removing rtx_mempool.o(.text.svcRtxMemoryPoolGetBlockSize), (18 bytes).
    Removing rtx_mempool.o(.ARM.exidx.text.svcRtxMemoryPoolGetBlockSize), (8 bytes).
    Removing rtx_mempool.o(.text.osMemoryPoolGetCount), (48 bytes).
    Removing rtx_mempool.o(.ARM.exidx.text.osMemoryPoolGetCount), (8 bytes).
    Removing rtx_mempool.o(.text.svcRtxMemoryPoolGetCount), (18 bytes).
    Removing rtx_mempool.o(.ARM.exidx.text.svcRtxMemoryPoolGetCount), (8 bytes).
    Removing rtx_mempool.o(.text.osMemoryPoolGetSpace), (36 bytes).
    Removing rtx_mempool.o(.ARM.exidx.text.osMemoryPoolGetSpace), (8 bytes).
    Removing rtx_mempool.o(.text.svcRtxMemoryPoolGetSpace), (22 bytes).
    Removing rtx_mempool.o(.ARM.exidx.text.svcRtxMemoryPoolGetSpace), (8 bytes).
    Removing rtx_mempool.o(.text.osMemoryPoolDelete), (40 bytes).
    Removing rtx_mempool.o(.ARM.exidx.text.osMemoryPoolDelete), (8 bytes).
    Removing rtx_mempool.o(.text.svcRtxMemoryPoolNew), (444 bytes).
    Removing rtx_mempool.o(.ARM.exidx.text.svcRtxMemoryPoolNew), (8 bytes).
    Removing rtx_mempool.o(.text.osRtxMemoryPoolPostProcess), (40 bytes).
    Removing rtx_mempool.o(.ARM.exidx.text.osRtxMemoryPoolPostProcess), (8 bytes).
    Removing rtx_mempool.o(.text.svcRtxMemoryPoolGetName), (18 bytes).
    Removing rtx_mempool.o(.ARM.exidx.text.svcRtxMemoryPoolGetName), (8 bytes).
    Removing rtx_mempool.o(.text.svcRtxMemoryPoolAlloc), (64 bytes).
    Removing rtx_mempool.o(.ARM.exidx.text.svcRtxMemoryPoolAlloc), (8 bytes).
    Removing rtx_mempool.o(.text.svcRtxMemoryPoolFree), (72 bytes).
    Removing rtx_mempool.o(.ARM.exidx.text.svcRtxMemoryPoolFree), (8 bytes).
    Removing rtx_mempool.o(.text.svcRtxMemoryPoolDelete), (112 bytes).
    Removing rtx_mempool.o(.ARM.exidx.text.svcRtxMemoryPoolDelete), (8 bytes).
    Removing rtx_system.o(.text), (0 bytes).
    Removing rtx_system.o(.ARM.exidx.text.osRtxTick_Handler), (8 bytes).
    Removing rtx_system.o(.ARM.exidx.text.osRtxPendSV_Handler), (8 bytes).
    Removing rtx_system.o(.text.osRtxPostProcess), (108 bytes).
    Removing rtx_system.o(.ARM.exidx.text.osRtxPostProcess), (8 bytes).
    Removing os_systick.o(.text), (0 bytes).
    Removing os_systick.o(.text.OS_Tick_Setup), (76 bytes).
    Removing os_systick.o(.ARM.exidx.text.OS_Tick_Setup), (8 bytes).
    Removing os_systick.o(.text.OS_Tick_Enable), (44 bytes).
    Removing os_systick.o(.ARM.exidx.text.OS_Tick_Enable), (8 bytes).
    Removing os_systick.o(.text.OS_Tick_Disable), (40 bytes).
    Removing os_systick.o(.ARM.exidx.text.OS_Tick_Disable), (8 bytes).
    Removing os_systick.o(.ARM.exidx.text.OS_Tick_AcknowledgeIRQ), (8 bytes).
    Removing os_systick.o(.text.OS_Tick_GetIRQn), (6 bytes).
    Removing os_systick.o(.ARM.exidx.text.OS_Tick_GetIRQn), (8 bytes).
    Removing os_systick.o(.text.OS_Tick_GetClock), (12 bytes).
    Removing os_systick.o(.ARM.exidx.text.OS_Tick_GetClock), (8 bytes).
    Removing os_systick.o(.text.OS_Tick_GetInterval), (12 bytes).
    Removing os_systick.o(.ARM.exidx.text.OS_Tick_GetInterval), (8 bytes).
    Removing os_systick.o(.text.OS_Tick_GetCount), (16 bytes).
    Removing os_systick.o(.ARM.exidx.text.OS_Tick_GetCount), (8 bytes).
    Removing os_systick.o(.text.OS_Tick_GetOverflow), (16 bytes).
    Removing os_systick.o(.ARM.exidx.text.OS_Tick_GetOverflow), (8 bytes).
    Removing os_systick.o(.bss.PendST), (1 bytes).
    Removing rtx_timer.o(.text), (0 bytes).
    Removing rtx_timer.o(.text.osRtxTimerThread), (60 bytes).
    Removing rtx_timer.o(.ARM.exidx.text.osRtxTimerThread), (8 bytes).
    Removing rtx_timer.o(.text.osRtxTimerTick), (96 bytes).
    Removing rtx_timer.o(.ARM.exidx.text.osRtxTimerTick), (8 bytes).
    Removing rtx_timer.o(.text.osTimerNew), (36 bytes).
    Removing rtx_timer.o(.ARM.exidx.text.osTimerNew), (8 bytes).
    Removing rtx_timer.o(.text.osTimerGetName), (36 bytes).
    Removing rtx_timer.o(.ARM.exidx.text.osTimerGetName), (8 bytes).
    Removing rtx_timer.o(.text.osTimerStart), (40 bytes).
    Removing rtx_timer.o(.ARM.exidx.text.osTimerStart), (8 bytes).
    Removing rtx_timer.o(.text.osTimerStop), (40 bytes).
    Removing rtx_timer.o(.ARM.exidx.text.osTimerStop), (8 bytes).
    Removing rtx_timer.o(.text.osTimerIsRunning), (36 bytes).
    Removing rtx_timer.o(.ARM.exidx.text.osTimerIsRunning), (8 bytes).
    Removing rtx_timer.o(.text.osTimerDelete), (40 bytes).
    Removing rtx_timer.o(.ARM.exidx.text.osTimerDelete), (8 bytes).
    Removing rtx_timer.o(.text.TimerInsert), (76 bytes).
    Removing rtx_timer.o(.ARM.exidx.text.TimerInsert), (8 bytes).
    Removing rtx_timer.o(.text.svcRtxTimerNew), (132 bytes).
    Removing rtx_timer.o(.ARM.exidx.text.svcRtxTimerNew), (8 bytes).
    Removing rtx_timer.o(.text.svcRtxTimerGetName), (18 bytes).
    Removing rtx_timer.o(.ARM.exidx.text.svcRtxTimerGetName), (8 bytes).
    Removing rtx_timer.o(.text.svcRtxTimerStart), (72 bytes).
    Removing rtx_timer.o(.ARM.exidx.text.svcRtxTimerStart), (8 bytes).
    Removing rtx_timer.o(.text.TimerRemove), (40 bytes).
    Removing rtx_timer.o(.ARM.exidx.text.TimerRemove), (8 bytes).
    Removing rtx_timer.o(.text.svcRtxTimerStop), (42 bytes).
    Removing rtx_timer.o(.ARM.exidx.text.svcRtxTimerStop), (8 bytes).
    Removing rtx_timer.o(.text.svcRtxTimerIsRunning), (24 bytes).
    Removing rtx_timer.o(.ARM.exidx.text.svcRtxTimerIsRunning), (8 bytes).
    Removing rtx_timer.o(.text.svcRtxTimerDelete), (76 bytes).
    Removing rtx_timer.o(.ARM.exidx.text.svcRtxTimerDelete), (8 bytes).
    Removing rtx_mutex.o(.text), (0 bytes).
    Removing rtx_mutex.o(.text.osRtxMutexOwnerRelease), (68 bytes).
    Removing rtx_mutex.o(.ARM.exidx.text.osRtxMutexOwnerRelease), (8 bytes).
    Removing rtx_mutex.o(.text.osMutexNew), (36 bytes).
    Removing rtx_mutex.o(.ARM.exidx.text.osMutexNew), (8 bytes).
    Removing rtx_mutex.o(.text.osMutexGetName), (36 bytes).
    Removing rtx_mutex.o(.ARM.exidx.text.osMutexGetName), (8 bytes).
    Removing rtx_mutex.o(.text.osMutexAcquire), (40 bytes).
    Removing rtx_mutex.o(.ARM.exidx.text.osMutexAcquire), (8 bytes).
    Removing rtx_mutex.o(.text.osMutexRelease), (40 bytes).
    Removing rtx_mutex.o(.ARM.exidx.text.osMutexRelease), (8 bytes).
    Removing rtx_mutex.o(.text.osMutexGetOwner), (36 bytes).
    Removing rtx_mutex.o(.ARM.exidx.text.osMutexGetOwner), (8 bytes).
    Removing rtx_mutex.o(.text.osMutexDelete), (40 bytes).
    Removing rtx_mutex.o(.ARM.exidx.text.osMutexDelete), (8 bytes).
    Removing rtx_mutex.o(.text.svcRtxMutexNew), (112 bytes).
    Removing rtx_mutex.o(.ARM.exidx.text.svcRtxMutexNew), (8 bytes).
    Removing rtx_mutex.o(.text.svcRtxMutexGetName), (18 bytes).
    Removing rtx_mutex.o(.ARM.exidx.text.svcRtxMutexGetName), (8 bytes).
    Removing rtx_mutex.o(.text.svcRtxMutexAcquire), (152 bytes).
    Removing rtx_mutex.o(.ARM.exidx.text.svcRtxMutexAcquire), (8 bytes).
    Removing rtx_mutex.o(.text.svcRtxMutexRelease), (192 bytes).
    Removing rtx_mutex.o(.ARM.exidx.text.svcRtxMutexRelease), (8 bytes).
    Removing rtx_mutex.o(.text.svcRtxMutexGetOwner), (24 bytes).
    Removing rtx_mutex.o(.ARM.exidx.text.svcRtxMutexGetOwner), (8 bytes).
    Removing rtx_mutex.o(.text.svcRtxMutexDelete), (188 bytes).
    Removing rtx_mutex.o(.ARM.exidx.text.svcRtxMutexDelete), (8 bytes).
    Removing rtx_msgqueue.o(.text), (0 bytes).
    Removing rtx_msgqueue.o(.text.osMessageQueueNew), (36 bytes).
    Removing rtx_msgqueue.o(.ARM.exidx.text.osMessageQueueNew), (8 bytes).
    Removing rtx_msgqueue.o(.text.osMessageQueueGetName), (36 bytes).
    Removing rtx_msgqueue.o(.ARM.exidx.text.osMessageQueueGetName), (8 bytes).
    Removing rtx_msgqueue.o(.text.osMessageQueuePut), (120 bytes).
    Removing rtx_msgqueue.o(.ARM.exidx.text.osMessageQueuePut), (8 bytes).
    Removing rtx_msgqueue.o(.text.osMessageQueueGet), (116 bytes).
    Removing rtx_msgqueue.o(.ARM.exidx.text.osMessageQueueGet), (8 bytes).
    Removing rtx_msgqueue.o(.text.osMessageQueueGetCapacity), (48 bytes).
    Removing rtx_msgqueue.o(.ARM.exidx.text.osMessageQueueGetCapacity), (8 bytes).
    Removing rtx_msgqueue.o(.text.svcRtxMessageQueueGetCapacity), (18 bytes).
    Removing rtx_msgqueue.o(.ARM.exidx.text.svcRtxMessageQueueGetCapacity), (8 bytes).
    Removing rtx_msgqueue.o(.text.osMessageQueueGetMsgSize), (48 bytes).
    Removing rtx_msgqueue.o(.ARM.exidx.text.osMessageQueueGetMsgSize), (8 bytes).
    Removing rtx_msgqueue.o(.text.svcRtxMessageQueueGetMsgSize), (18 bytes).
    Removing rtx_msgqueue.o(.ARM.exidx.text.svcRtxMessageQueueGetMsgSize), (8 bytes).
    Removing rtx_msgqueue.o(.text.osMessageQueueGetCount), (48 bytes).
    Removing rtx_msgqueue.o(.ARM.exidx.text.osMessageQueueGetCount), (8 bytes).
    Removing rtx_msgqueue.o(.text.svcRtxMessageQueueGetCount), (18 bytes).
    Removing rtx_msgqueue.o(.ARM.exidx.text.svcRtxMessageQueueGetCount), (8 bytes).
    Removing rtx_msgqueue.o(.text.osMessageQueueGetSpace), (36 bytes).
    Removing rtx_msgqueue.o(.ARM.exidx.text.osMessageQueueGetSpace), (8 bytes).
    Removing rtx_msgqueue.o(.text.svcRtxMessageQueueGetSpace), (22 bytes).
    Removing rtx_msgqueue.o(.ARM.exidx.text.svcRtxMessageQueueGetSpace), (8 bytes).
    Removing rtx_msgqueue.o(.text.osMessageQueueReset), (40 bytes).
    Removing rtx_msgqueue.o(.ARM.exidx.text.osMessageQueueReset), (8 bytes).
    Removing rtx_msgqueue.o(.text.osMessageQueueDelete), (40 bytes).
    Removing rtx_msgqueue.o(.ARM.exidx.text.osMessageQueueDelete), (8 bytes).
    Removing rtx_msgqueue.o(.text.svcRtxMessageQueueNew), (484 bytes).
    Removing rtx_msgqueue.o(.ARM.exidx.text.svcRtxMessageQueueNew), (8 bytes).
    Removing rtx_msgqueue.o(.text.osRtxMessageQueuePostProcess), (188 bytes).
    Removing rtx_msgqueue.o(.ARM.exidx.text.osRtxMessageQueuePostProcess), (8 bytes).
    Removing rtx_msgqueue.o(.text.MessageQueueRemove), (30 bytes).
    Removing rtx_msgqueue.o(.ARM.exidx.text.MessageQueueRemove), (8 bytes).
    Removing rtx_msgqueue.o(.text.MessageQueuePut), (98 bytes).
    Removing rtx_msgqueue.o(.ARM.exidx.text.MessageQueuePut), (8 bytes).
    Removing rtx_msgqueue.o(.text.svcRtxMessageQueueGetName), (18 bytes).
    Removing rtx_msgqueue.o(.ARM.exidx.text.svcRtxMessageQueueGetName), (8 bytes).
    Removing rtx_msgqueue.o(.text.svcRtxMessageQueuePut), (188 bytes).
    Removing rtx_msgqueue.o(.ARM.exidx.text.svcRtxMessageQueuePut), (8 bytes).
    Removing rtx_msgqueue.o(.text.MessageQueueGet), (76 bytes).
    Removing rtx_msgqueue.o(.ARM.exidx.text.MessageQueueGet), (8 bytes).
    Removing rtx_msgqueue.o(.text.svcRtxMessageQueueGet), (232 bytes).
    Removing rtx_msgqueue.o(.ARM.exidx.text.svcRtxMessageQueueGet), (8 bytes).
    Removing rtx_msgqueue.o(.text.svcRtxMessageQueueReset), (162 bytes).
    Removing rtx_msgqueue.o(.ARM.exidx.text.svcRtxMessageQueueReset), (8 bytes).
    Removing rtx_msgqueue.o(.text.svcRtxMessageQueueDelete), (112 bytes).
    Removing rtx_msgqueue.o(.ARM.exidx.text.svcRtxMessageQueueDelete), (8 bytes).

385 unused section(s) (total 12112 bytes) removed from the image.

==============================================================================

Image Symbol Table

    Local Symbols

    Symbol Name                              Value     Ov Type        Size  Object(Section)

    ../clib/division.s                       0x00000000   Number         0  aeabi_sdivfast.o ABSOLUTE
    ../clib/division.s                       0x00000000   Number         0  aeabi_sdivfast_div0.o ABSOLUTE
    ../clib/microlib/division.c              0x00000000   Number         0  uidiv.o ABSOLUTE
    ../clib/microlib/division.c              0x00000000   Number         0  uidiv_div0.o ABSOLUTE
    ../clib/microlib/division.c              0x00000000   Number         0  idiv_div0.o ABSOLUTE
    ../clib/microlib/division.c              0x00000000   Number         0  idiv0.o ABSOLUTE
    ../clib/microlib/init/entry.s            0x00000000   Number         0  entry.o ABSOLUTE
    ../clib/microlib/init/entry.s            0x00000000   Number         0  entry2.o ABSOLUTE
    ../clib/microlib/init/entry.s            0x00000000   Number         0  entry5.o ABSOLUTE
    ../clib/microlib/init/entry.s            0x00000000   Number         0  entry7a.o ABSOLUTE
    ../clib/microlib/init/entry.s            0x00000000   Number         0  entry7b.o ABSOLUTE
    ../clib/microlib/init/entry.s            0x00000000   Number         0  entry8a.o ABSOLUTE
    ../clib/microlib/init/entry.s            0x00000000   Number         0  entry8b.o ABSOLUTE
    ../clib/microlib/init/entry.s            0x00000000   Number         0  entry9a.o ABSOLUTE
    ../clib/microlib/init/entry.s            0x00000000   Number         0  entry9b.o ABSOLUTE
    ../clib/microlib/init/entry.s            0x00000000   Number         0  entry10a.o ABSOLUTE
    ../clib/microlib/init/entry.s            0x00000000   Number         0  entry10b.o ABSOLUTE
    ../clib/microlib/init/entry.s            0x00000000   Number         0  entry11a.o ABSOLUTE
    ../clib/microlib/init/entry.s            0x00000000   Number         0  entry11b.o ABSOLUTE
    ../clib/microlib/string/memcpy.c         0x00000000   Number         0  memcpya.o ABSOLUTE
    ../clib/microlib/string/memcpy.c         0x00000000   Number         0  memcpyb.o ABSOLUTE
    ../clib/microlib/string/memset.c         0x00000000   Number         0  memseta.o ABSOLUTE
    ..\..\..\Source\ARM\irq_cm0.s            0x00000000   Number         0  irq_cm0.o ABSOLUTE
    RTE/Device/MKL25Z128xxx4/startup_MKL25Z4.s 0x00000000   Number         0  startup_mkl25z4.o ABSOLUTE
    RTX_Config.c                             0x00000000   Number         0  rtx_config.o ABSOLUTE
    dc.s                                     0x00000000   Number         0  dc.o ABSOLUTE
    handlers.s                               0x00000000   Number         0  handlers.o ABSOLUTE
    init.s                                   0x00000000   Number         0  init.o ABSOLUTE
    main.c                                   0x00000000   Number         0  main.o ABSOLUTE
    motor.c                                  0x00000000   Number         0  motor.o ABSOLUTE
    os_systick.c                             0x00000000   Number         0  os_systick.o ABSOLUTE
    rtx_kernel.c                             0x00000000   Number         0  rtx_kernel.o ABSOLUTE
    rtx_lib.c                                0x00000000   Number         0  rtx_lib.o ABSOLUTE
    rtx_memory.c                             0x00000000   Number         0  rtx_memory.o ABSOLUTE
    rtx_mempool.c                            0x00000000   Number         0  rtx_mempool.o ABSOLUTE
    rtx_msgqueue.c                           0x00000000   Number         0  rtx_msgqueue.o ABSOLUTE
    rtx_mutex.c                              0x00000000   Number         0  rtx_mutex.o ABSOLUTE
    rtx_system.c                             0x00000000   Number         0  rtx_system.o ABSOLUTE
    rtx_thread.c                             0x00000000   Number         0  rtx_thread.o ABSOLUTE
    rtx_timer.c                              0x00000000   Number         0  rtx_timer.o ABSOLUTE
    system_MKL25Z4.c                         0x00000000   Number         0  system_mkl25z4.o ABSOLUTE
    uart.c                                   0x00000000   Number         0  uart.o ABSOLUTE
    RESET                                    0x00000000   Section      192  startup_mkl25z4.o(RESET)
    .ARM.Collect$$$$00000000                 0x000000c0   Section        0  entry.o(.ARM.Collect$$$$00000000)
    .ARM.Collect$$$$00000001                 0x000000c0   Section        4  entry2.o(.ARM.Collect$$$$00000001)
    .ARM.Collect$$$$00000004                 0x000000c4   Section        4  entry5.o(.ARM.Collect$$$$00000004)
    .ARM.Collect$$$$00000008                 0x000000c8   Section        0  entry7b.o(.ARM.Collect$$$$00000008)
    .ARM.Collect$$$$0000000A                 0x000000c8   Section        0  entry8b.o(.ARM.Collect$$$$0000000A)
    .ARM.Collect$$$$0000000B                 0x000000c8   Section        8  entry9a.o(.ARM.Collect$$$$0000000B)
    __lit__00000000                          0x000000d0   Data           4  entry2.o(.ARM.Collect$$$$00002712)
    .ARM.Collect$$$$0000000D                 0x000000d0   Section        0  entry10a.o(.ARM.Collect$$$$0000000D)
    .ARM.Collect$$$$0000000F                 0x000000d0   Section        0  entry11a.o(.ARM.Collect$$$$0000000F)
    .ARM.Collect$$$$00002712                 0x000000d0   Section        4  entry2.o(.ARM.Collect$$$$00002712)
    .text                                    0x000000d4   Section       40  startup_mkl25z4.o(.text)
    .text                                    0x000000fc   Section      164  irq_cm0.o(.text)
    .text                                    0x000001a0   Section        0  memseta.o(.text)
    .text                                    0x000001c4   Section        0  uidiv_div0.o(.text)
    .text                                    0x00000204   Section       48  init.o(.text)
    [Anonymous Symbol]                       0x00000234   Section        0  os_systick.o(.text.OS_Tick_AcknowledgeIRQ)
    __arm_cp.3_0                             0x0000023c   Number         4  os_systick.o(.text.OS_Tick_AcknowledgeIRQ)
    [Anonymous Symbol]                       0x00000240   Section        0  system_mkl25z4.o(.text.SystemCoreClockUpdate)
    __arm_cp.1_0                             0x00000330   Number         4  system_mkl25z4.o(.text.SystemCoreClockUpdate)
    __arm_cp.1_1                             0x00000334   Number         4  system_mkl25z4.o(.text.SystemCoreClockUpdate)
    __arm_cp.1_2                             0x00000338   Number         4  system_mkl25z4.o(.text.SystemCoreClockUpdate)
    __arm_cp.1_3                             0x0000033c   Number         4  system_mkl25z4.o(.text.SystemCoreClockUpdate)
    __arm_cp.1_4                             0x00000340   Number         4  system_mkl25z4.o(.text.SystemCoreClockUpdate)
    __arm_cp.1_5                             0x00000344   Number         4  system_mkl25z4.o(.text.SystemCoreClockUpdate)
    __arm_cp.1_6                             0x00000348   Number         4  system_mkl25z4.o(.text.SystemCoreClockUpdate)
    [Anonymous Symbol]                       0x0000034c   Section        0  system_mkl25z4.o(.text.SystemInit)
    __arm_cp.0_0                             0x00000354   Number         4  system_mkl25z4.o(.text.SystemInit)
    [Anonymous Symbol]                       0x00000358   Section        0  uart.o(.text.UART2_IRQHandler)
    __arm_cp.1_1                             0x00000370   Number         4  uart.o(.text.UART2_IRQHandler)
    [Anonymous Symbol]                       0x00000374   Section        0  uart.o(.text.extractAxisValues)
    __arm_cp.2_0                             0x00000384   Number         4  uart.o(.text.extractAxisValues)
    [Anonymous Symbol]                       0x00000388   Section        0  motor.o(.text.goLeft)
    [Anonymous Symbol]                       0x00000390   Section        0  motor.o(.text.goRight)
    [Anonymous Symbol]                       0x00000398   Section        0  motor.o(.text.move)
    __arm_cp.2_0                             0x000003a4   Number         4  motor.o(.text.move)
    __arm_cp.2_1                             0x000003a8   Number         4  motor.o(.text.move)
    [Anonymous Symbol]                       0x000003ac   Section        0  rtx_kernel.o(.text.osKernelInitialize)
    __arm_cp.1_0                             0x000003d0   Number         4  rtx_kernel.o(.text.osKernelInitialize)
    [Anonymous Symbol]                       0x000003d4   Section        0  rtx_config.o(.text.osRtxErrorNotify)
    [Anonymous Symbol]                       0x000003d6   Section        0  rtx_kernel.o(.text.osRtxKernelPreInit)
    [Anonymous Symbol]                       0x000003d8   Section        0  rtx_thread.o(.text.osRtxThreadListRemove)
    [Anonymous Symbol]                       0x000003f0   Section        0  rtx_thread.o(.text.osRtxThreadSwitch)
    .ARM.__at_0x400                          0x00000400   Section       16  startup_mkl25z4.o(.ARM.__at_0x400)
    [Anonymous Symbol]                       0x00000410   Section        0  motor.o(.text.initPWM)
    __arm_cp.0_0                             0x000004e8   Number         4  motor.o(.text.initPWM)
    __arm_cp.0_1                             0x000004ec   Number         4  motor.o(.text.initPWM)
    __arm_cp.0_2                             0x000004f0   Number         4  motor.o(.text.initPWM)
    __arm_cp.0_3                             0x000004f4   Number         4  motor.o(.text.initPWM)
    __arm_cp.0_5                             0x000004f8   Number         4  motor.o(.text.initPWM)
    [Anonymous Symbol]                       0x000004fc   Section        0  uart.o(.text.initUART2)
    __arm_cp.0_0                             0x00000574   Number         4  uart.o(.text.initUART2)
    __arm_cp.0_1                             0x00000578   Number         4  uart.o(.text.initUART2)
    __arm_cp.0_2                             0x0000057c   Number         4  uart.o(.text.initUART2)
    __arm_cp.0_3                             0x00000580   Number         4  uart.o(.text.initUART2)
    __arm_cp.0_4                             0x00000584   Number         4  uart.o(.text.initUART2)
    __arm_cp.0_5                             0x00000588   Number         4  uart.o(.text.initUART2)
    [Anonymous Symbol]                       0x0000058c   Section        0  main.o(.text.main)
    __arm_cp.4_0                             0x0000064c   Number         4  main.o(.text.main)
    __arm_cp.4_1                             0x00000650   Number         4  main.o(.text.main)
    Veneer$$LitPool                          0x00000654   Data           4  anon$$obj.o(Veneer$$LitPool)
    [Anonymous Symbol]                       0x00000658   Section        0  rtx_memory.o(.text.osRtxMemoryInit)
    [Anonymous Symbol]                       0x0000068a   Section        0  rtx_mempool.o(.text.osRtxMemoryPoolInit)
    [Anonymous Symbol]                       0x000006c8   Section        0  rtx_system.o(.text.osRtxPendSV_Handler)
    osRtxThreadBlock                         0x00000745   Thumb Code    52  rtx_thread.o(.text.osRtxThreadBlock)
    [Anonymous Symbol]                       0x00000744   Section        0  rtx_thread.o(.text.osRtxThreadBlock)
    [Anonymous Symbol]                       0x00000778   Section        0  rtx_thread.o(.text.osRtxThreadDelayTick)
    [Anonymous Symbol]                       0x000007ac   Section        0  rtx_thread.o(.text.osRtxThreadDispatch)
    [Anonymous Symbol]                       0x000007f8   Section        0  rtx_thread.o(.text.osRtxThreadListPut)
    [Anonymous Symbol]                       0x00000824   Section        0  rtx_thread.o(.text.osRtxThreadReadyPut)
    [Anonymous Symbol]                       0x00000838   Section        0  rtx_thread.o(.text.osRtxThreadStackCheck)
    __arm_cp.8_1                             0x0000085c   Number         4  rtx_thread.o(.text.osRtxThreadStackCheck)
    [Anonymous Symbol]                       0x00000860   Section        0  rtx_system.o(.text.osRtxTick_Handler)
    [Anonymous Symbol]                       0x000008d0   Section        0  motor.o(.text.reverse)
    __arm_cp.3_0                             0x000008dc   Number         4  motor.o(.text.reverse)
    __arm_cp.3_1                             0x000008e0   Number         4  motor.o(.text.reverse)
    [Anonymous Symbol]                       0x000008e4   Section        0  motor.o(.text.stopMotor)
    __arm_cp.1_0                             0x000008f4   Number         4  motor.o(.text.stopMotor)
    __arm_cp.1_1                             0x000008f8   Number         4  motor.o(.text.stopMotor)
    svcRtxKernelInitialize                   0x000008fd   Thumb Code   328  rtx_kernel.o(.text.svcRtxKernelInitialize)
    [Anonymous Symbol]                       0x000008fc   Section        0  rtx_kernel.o(.text.svcRtxKernelInitialize)
    __arm_cp.20_0                            0x00000a38   Number         4  rtx_kernel.o(.text.svcRtxKernelInitialize)
    __arm_cp.20_1                            0x00000a3c   Number         4  rtx_kernel.o(.text.svcRtxKernelInitialize)
    __arm_cp.20_2                            0x00000a40   Number         4  rtx_kernel.o(.text.svcRtxKernelInitialize)
    i.__scatterload_copy                     0x00000a44   Section       14  handlers.o(i.__scatterload_copy)
    i.__scatterload_null                     0x00000a52   Section        2  handlers.o(i.__scatterload_null)
    i.__scatterload_zeroinit                 0x00000a54   Section       14  handlers.o(i.__scatterload_zeroinit)
    __tagsym$$used.0                         0x00000a64   Number         0  rtx_lib.o(.rodata)
    __tagsym$$used.1                         0x00000acc   Number         0  rtx_lib.o(.rodata)
    os_idle_thread_attr                      0x00000b08   Data          36  rtx_lib.o(.rodata.os_idle_thread_attr)
    [Anonymous Symbol]                       0x00000b08   Section        0  rtx_lib.o(.rodata.os_idle_thread_attr)
    os_timer_mq_attr                         0x00000b2c   Data          24  rtx_lib.o(.rodata.os_timer_mq_attr)
    [Anonymous Symbol]                       0x00000b2c   Section        0  rtx_lib.o(.rodata.os_timer_mq_attr)
    os_timer_thread_attr                     0x00000b44   Data          36  rtx_lib.o(.rodata.os_timer_thread_attr)
    [Anonymous Symbol]                       0x00000b44   Section        0  rtx_lib.o(.rodata.os_timer_thread_attr)
    .L.str                                   0x00000b68   Data          11  rtx_kernel.o(.rodata.str1.4)
    [Anonymous Symbol]                       0x00000b68   Section        0  rtx_kernel.o(.rodata.str1.4)
    os_isr_queue                             0x1ffff0b0   Data          64  rtx_lib.o(.bss.os)
    [Anonymous Symbol]                       0x1ffff0b0   Section        0  rtx_lib.o(.bss.os)
    os_mem                                   0x1ffff0f0   Data        4096  rtx_lib.o(.bss.os)
    os_timer_mq_cb                           0x200000f0   Data          52  rtx_lib.o(.bss.os.msgqueue.cb)
    [Anonymous Symbol]                       0x200000f0   Section        0  rtx_lib.o(.bss.os.msgqueue.cb)
    os_timer_mq_data                         0x20000124   Data          80  rtx_lib.o(.bss.os.msgqueue.mem)
    [Anonymous Symbol]                       0x20000124   Section        0  rtx_lib.o(.bss.os.msgqueue.mem)
    os_idle_thread_cb                        0x20000174   Data          68  rtx_lib.o(.bss.os.thread.cb)
    [Anonymous Symbol]                       0x20000174   Section        0  rtx_lib.o(.bss.os.thread.cb)
    os_timer_thread_cb                       0x200001b8   Data          68  rtx_lib.o(.bss.os.thread.cb)
    os_idle_thread_stack                     0x20000200   Data         256  rtx_lib.o(.bss.os.thread.stack)
    [Anonymous Symbol]                       0x20000200   Section        0  rtx_lib.o(.bss.os.thread.stack)
    os_timer_thread_stack                    0x20000300   Data         256  rtx_lib.o(.bss.os.thread.stack)
    STACK                                    0x20000408   Section      256  startup_mkl25z4.o(STACK)

    Global Symbols

    Symbol Name                              Value     Ov Type        Size  Object(Section)

    BuildAttributes$$THM_ISAv3M$S$PE$A:L22$X:L11$S22$IEEE1$IW$~IW$USESV6$~STKCKD$USESV7$~SHL$OTIME$EBA8$MICROLIB$REQ8$PRES8$EABIv2 0x00000000   Number         0  anon$$obj.o ABSOLUTE
    __Vectors                                0x00000000   Data           4  startup_mkl25z4.o(RESET)
    .bss.os.evflags.cb$$Base                  - Undefined Weak Reference
    .bss.os.evflags.cb$$Limit                 - Undefined Weak Reference
    .bss.os.mempool.cb$$Base                  - Undefined Weak Reference
    .bss.os.mempool.cb$$Limit                 - Undefined Weak Reference
    .bss.os.mutex.cb$$Base                    - Undefined Weak Reference
    .bss.os.mutex.cb$$Limit                   - Undefined Weak Reference
    .bss.os.semaphore.cb$$Base                - Undefined Weak Reference
    .bss.os.semaphore.cb$$Limit               - Undefined Weak Reference
    .bss.os.timer.cb$$Base                    - Undefined Weak Reference
    .bss.os.timer.cb$$Limit                   - Undefined Weak Reference
    __cpp_initialize__aeabi_                  - Undefined Weak Reference
    __cxa_finalize                            - Undefined Weak Reference
    __decompress                              - Undefined Weak Reference
    _clock_init                               - Undefined Weak Reference
    _microlib_exit                            - Undefined Weak Reference
    __Vectors_End                            0x000000c0   Data           0  startup_mkl25z4.o(RESET)
    __Vectors_Size                           0x000000c0   Number         0  startup_mkl25z4.o ABSOLUTE
    __main                                   0x000000c1   Thumb Code     0  entry.o(.ARM.Collect$$$$00000000)
    _main_stk                                0x000000c1   Thumb Code     0  entry2.o(.ARM.Collect$$$$00000001)
    _main_scatterload                        0x000000c5   Thumb Code     0  entry5.o(.ARM.Collect$$$$00000004)
    __main_after_scatterload                 0x000000c9   Thumb Code     0  entry5.o(.ARM.Collect$$$$00000004)
    _main_clock                              0x000000c9   Thumb Code     0  entry7b.o(.ARM.Collect$$$$00000008)
    _main_cpp_init                           0x000000c9   Thumb Code     0  entry8b.o(.ARM.Collect$$$$0000000A)
    _main_init                               0x000000c9   Thumb Code     0  entry9a.o(.ARM.Collect$$$$0000000B)
    __rt_final_cpp                           0x000000d1   Thumb Code     0  entry10a.o(.ARM.Collect$$$$0000000D)
    __rt_final_exit                          0x000000d1   Thumb Code     0  entry11a.o(.ARM.Collect$$$$0000000F)
    Reset_Handler                            0x000000d5   Thumb Code    12  startup_mkl25z4.o(.text)
    NMI_Handler                              0x000000e1   Thumb Code     2  startup_mkl25z4.o(.text)
    HardFault_Handler                        0x000000e3   Thumb Code     2  startup_mkl25z4.o(.text)
    ADC0_IRQHandler                          0x000000eb   Thumb Code     0  startup_mkl25z4.o(.text)
    CMP0_IRQHandler                          0x000000eb   Thumb Code     0  startup_mkl25z4.o(.text)
    DAC0_IRQHandler                          0x000000eb   Thumb Code     0  startup_mkl25z4.o(.text)
    DMA0_IRQHandler                          0x000000eb   Thumb Code     0  startup_mkl25z4.o(.text)
    DMA1_IRQHandler                          0x000000eb   Thumb Code     0  startup_mkl25z4.o(.text)
    DMA2_IRQHandler                          0x000000eb   Thumb Code     0  startup_mkl25z4.o(.text)
    DMA3_IRQHandler                          0x000000eb   Thumb Code     0  startup_mkl25z4.o(.text)
    DefaultISR                               0x000000eb   Thumb Code     0  startup_mkl25z4.o(.text)
    FTFA_IRQHandler                          0x000000eb   Thumb Code     0  startup_mkl25z4.o(.text)
    I2C0_IRQHandler                          0x000000eb   Thumb Code     0  startup_mkl25z4.o(.text)
    I2C1_IRQHandler                          0x000000eb   Thumb Code     0  startup_mkl25z4.o(.text)
    LLWU_IRQHandler                          0x000000eb   Thumb Code     0  startup_mkl25z4.o(.text)
    LPTMR0_IRQHandler                        0x000000eb   Thumb Code     0  startup_mkl25z4.o(.text)
    LVD_LVW_IRQHandler                       0x000000eb   Thumb Code     0  startup_mkl25z4.o(.text)
    MCG_IRQHandler                           0x000000eb   Thumb Code     0  startup_mkl25z4.o(.text)
    PIT_IRQHandler                           0x000000eb   Thumb Code     0  startup_mkl25z4.o(.text)
    PORTA_IRQHandler                         0x000000eb   Thumb Code     0  startup_mkl25z4.o(.text)
    PORTD_IRQHandler                         0x000000eb   Thumb Code     0  startup_mkl25z4.o(.text)
    RTC_IRQHandler                           0x000000eb   Thumb Code     0  startup_mkl25z4.o(.text)
    RTC_Seconds_IRQHandler                   0x000000eb   Thumb Code     0  startup_mkl25z4.o(.text)
    Reserved20_IRQHandler                    0x000000eb   Thumb Code     0  startup_mkl25z4.o(.text)
    Reserved39_IRQHandler                    0x000000eb   Thumb Code     0  startup_mkl25z4.o(.text)
    Reserved45_IRQHandler                    0x000000eb   Thumb Code     0  startup_mkl25z4.o(.text)
    SPI0_IRQHandler                          0x000000eb   Thumb Code     0  startup_mkl25z4.o(.text)
    SPI1_IRQHandler                          0x000000eb   Thumb Code     0  startup_mkl25z4.o(.text)
    TPM0_IRQHandler                          0x000000eb   Thumb Code     0  startup_mkl25z4.o(.text)
    TPM1_IRQHandler                          0x000000eb   Thumb Code     0  startup_mkl25z4.o(.text)
    TPM2_IRQHandler                          0x000000eb   Thumb Code     0  startup_mkl25z4.o(.text)
    TSI0_IRQHandler                          0x000000eb   Thumb Code     0  startup_mkl25z4.o(.text)
    UART0_IRQHandler                         0x000000eb   Thumb Code     0  startup_mkl25z4.o(.text)
    UART1_IRQHandler                         0x000000eb   Thumb Code     0  startup_mkl25z4.o(.text)
    USB0_IRQHandler                          0x000000eb   Thumb Code     0  startup_mkl25z4.o(.text)
    SVC_Handler                              0x000000fd   Thumb Code   132  irq_cm0.o(.text)
    PendSV_Handler                           0x00000181   Thumb Code    12  irq_cm0.o(.text)
    SysTick_Handler                          0x0000018d   Thumb Code    12  irq_cm0.o(.text)
    __aeabi_memset                           0x000001a1   Thumb Code    14  memseta.o(.text)
    __aeabi_memset4                          0x000001a1   Thumb Code     0  memseta.o(.text)
    __aeabi_memset8                          0x000001a1   Thumb Code     0  memseta.o(.text)
    __aeabi_memclr                           0x000001af   Thumb Code     4  memseta.o(.text)
    __aeabi_memclr4                          0x000001af   Thumb Code     0  memseta.o(.text)
    __aeabi_memclr8                          0x000001af   Thumb Code     0  memseta.o(.text)
    _memset$wrapper                          0x000001b3   Thumb Code    18  memseta.o(.text)
    __aeabi_uidiv                            0x000001c5   Thumb Code     0  uidiv_div0.o(.text)
    __aeabi_uidivmod                         0x000001c5   Thumb Code    62  uidiv_div0.o(.text)
    __scatterload                            0x00000205   Thumb Code    38  init.o(.text)
    __scatterload_rt2                        0x00000205   Thumb Code     0  init.o(.text)
    OS_Tick_AcknowledgeIRQ                   0x00000235   Thumb Code    12  os_systick.o(.text.OS_Tick_AcknowledgeIRQ)
    SystemCoreClockUpdate                    0x00000241   Thumb Code   240  system_mkl25z4.o(.text.SystemCoreClockUpdate)
    SystemInit                               0x0000034d   Thumb Code     8  system_mkl25z4.o(.text.SystemInit)
    UART2_IRQHandler                         0x00000359   Thumb Code    24  uart.o(.text.UART2_IRQHandler)
    extractAxisValues                        0x00000375   Thumb Code    16  uart.o(.text.extractAxisValues)
    goLeft                                   0x00000389   Thumb Code     8  motor.o(.text.goLeft)
    goRight                                  0x00000391   Thumb Code     8  motor.o(.text.goRight)
    move                                     0x00000399   Thumb Code    12  motor.o(.text.move)
    osKernelInitialize                       0x000003ad   Thumb Code    40  rtx_kernel.o(.text.osKernelInitialize)
    osRtxErrorNotify                         0x000003d5   Thumb Code     2  rtx_config.o(.text.osRtxErrorNotify)
    osRtxKernelPreInit                       0x000003d7   Thumb Code     2  rtx_kernel.o(.text.osRtxKernelPreInit)
    osRtxThreadListRemove                    0x000003d9   Thumb Code    24  rtx_thread.o(.text.osRtxThreadListRemove)
    osRtxThreadSwitch                        0x000003f1   Thumb Code    16  rtx_thread.o(.text.osRtxThreadSwitch)
    initPWM                                  0x00000411   Thumb Code   216  motor.o(.text.initPWM)
    initUART2                                0x000004fd   Thumb Code   120  uart.o(.text.initUART2)
    main                                     0x0000058d   Thumb Code   192  main.o(.text.main)
    osRtxMemoryInit                          0x00000659   Thumb Code    50  rtx_memory.o(.text.osRtxMemoryInit)
    osRtxMemoryPoolInit                      0x0000068b   Thumb Code    62  rtx_mempool.o(.text.osRtxMemoryPoolInit)
    osRtxPendSV_Handler                      0x000006c9   Thumb Code   124  rtx_system.o(.text.osRtxPendSV_Handler)
    osRtxThreadDelayTick                     0x00000779   Thumb Code    52  rtx_thread.o(.text.osRtxThreadDelayTick)
    osRtxThreadDispatch                      0x000007ad   Thumb Code    76  rtx_thread.o(.text.osRtxThreadDispatch)
    osRtxThreadListPut                       0x000007f9   Thumb Code    44  rtx_thread.o(.text.osRtxThreadListPut)
    osRtxThreadReadyPut                      0x00000825   Thumb Code    20  rtx_thread.o(.text.osRtxThreadReadyPut)
    osRtxThreadStackCheck                    0x00000839   Thumb Code    40  rtx_thread.o(.text.osRtxThreadStackCheck)
    osRtxTick_Handler                        0x00000861   Thumb Code   112  rtx_system.o(.text.osRtxTick_Handler)
    reverse                                  0x000008d1   Thumb Code    12  motor.o(.text.reverse)
    stopMotor                                0x000008e5   Thumb Code    16  motor.o(.text.stopMotor)
    __scatterload_copy                       0x00000a45   Thumb Code    14  handlers.o(i.__scatterload_copy)
    __scatterload_null                       0x00000a53   Thumb Code     2  handlers.o(i.__scatterload_null)
    __scatterload_zeroinit                   0x00000a55   Thumb Code    14  handlers.o(i.__scatterload_zeroinit)
    osRtxConfig                              0x00000a64   Data         104  rtx_lib.o(.rodata)
    os_cb_sections                           0x00000acc   Data          56  rtx_lib.o(.rodata)
    osRtxUserSVC                             0x00000b04   Data           4  rtx_lib.o(.rodata.osRtxUserSVC)
    Region$$Table$$Base                      0x00000b74   Number         0  anon$$obj.o(Region$$Table)
    Region$$Table$$Limit                     0x00000b94   Number         0  anon$$obj.o(Region$$Table)
    SystemCoreClock                          0x1ffff000   Data           4  system_mkl25z4.o(.data.SystemCoreClock)
    osRtxInfo                                0x1ffff004   Data         164  rtx_kernel.o(.data.os)
    axisValues                               0x1ffff0a8   Data           2  main.o(.bss.axisValues)
    .bss.os.msgqueue.cb$$Base                0x200000f0   Number         0  rtx_lib.o(.bss.os.msgqueue.cb)
    .bss.os.msgqueue.cb$$Limit               0x20000124   Number         0  rtx_lib.o(.bss.os.msgqueue.cb)
    .bss.os.thread.cb$$Base                  0x20000174   Number         0  rtx_lib.o(.bss.os.thread.cb)
    .bss.os.thread.cb$$Limit                 0x200001fc   Number         0  rtx_lib.o(.bss.os.thread.cb)
    rx_data                                  0x20000400   Data           1  uart.o(.bss.rx_data)
    __initial_sp                             0x20000508   Data           0  startup_mkl25z4.o(STACK)



==============================================================================

Memory Map of the image

  Image Entry point : 0x000000d5

  Load Region LR_1 (Base: 0x00000000, Size: 0x00000c3c, Max: 0xffffffff, ABSOLUTE)

    Execution Region ER_RO (Exec base: 0x00000000, Load base: 0x00000000, Size: 0x00000b94, Max: 0xffffffff, ABSOLUTE)

    Exec Addr    Load Addr    Size         Type   Attr      Idx    E Section Name        Object

    0x00000000   0x00000000   0x000000c0   Data   RO           85    RESET               startup_mkl25z4.o
    0x000000c0   0x000000c0   0x00000000   Code   RO          555  * .ARM.Collect$$$$00000000  mc_p.l(entry.o)
    0x000000c0   0x000000c0   0x00000004   Code   RO          570    .ARM.Collect$$$$00000001  mc_p.l(entry2.o)
    0x000000c4   0x000000c4   0x00000004   Code   RO          573    .ARM.Collect$$$$00000004  mc_p.l(entry5.o)
    0x000000c8   0x000000c8   0x00000000   Code   RO          575    .ARM.Collect$$$$00000008  mc_p.l(entry7b.o)
    0x000000c8   0x000000c8   0x00000000   Code   RO          577    .ARM.Collect$$$$0000000A  mc_p.l(entry8b.o)
    0x000000c8   0x000000c8   0x00000008   Code   RO          578    .ARM.Collect$$$$0000000B  mc_p.l(entry9a.o)
    0x000000d0   0x000000d0   0x00000000   Code   RO          580    .ARM.Collect$$$$0000000D  mc_p.l(entry10a.o)
    0x000000d0   0x000000d0   0x00000000   Code   RO          582    .ARM.Collect$$$$0000000F  mc_p.l(entry11a.o)
    0x000000d0   0x000000d0   0x00000004   Code   RO          571    .ARM.Collect$$$$00002712  mc_p.l(entry2.o)
    0x000000d4   0x000000d4   0x00000028   Code   RO           87  * .text               startup_mkl25z4.o
    0x000000fc   0x000000fc   0x000000a4   Code   RO          174    .text               RTX_CM0.lib(irq_cm0.o)
    0x000001a0   0x000001a0   0x00000024   Code   RO          566    .text               mc_p.l(memseta.o)
    0x000001c4   0x000001c4   0x0000003e   Code   RO          588    .text               mc_p.l(uidiv_div0.o)
    0x00000202   0x00000202   0x00000002   PAD
    0x00000204   0x00000204   0x00000030   Code   RO          594    .text               mc_p.l(init.o)
    0x00000234   0x00000234   0x0000000c   Code   RO          401    .text.OS_Tick_AcknowledgeIRQ  RTX_CM0.lib(os_systick.o)
    0x00000240   0x00000240   0x0000010c   Code   RO           98    .text.SystemCoreClockUpdate  system_mkl25z4.o
    0x0000034c   0x0000034c   0x0000000c   Code   RO           96    .text.SystemInit    system_mkl25z4.o
    0x00000358   0x00000358   0x0000001c   Code   RO           43    .text.UART2_IRQHandler  uart.o
    0x00000374   0x00000374   0x00000014   Code   RO           45    .text.extractAxisValues  uart.o
    0x00000388   0x00000388   0x00000008   Code   RO           30    .text.goLeft        motor.o
    0x00000390   0x00000390   0x00000008   Code   RO           32    .text.goRight       motor.o
    0x00000398   0x00000398   0x00000014   Code   RO           26    .text.move          motor.o
    0x000003ac   0x000003ac   0x00000028   Code   RO          111    .text.osKernelInitialize  RTX_CM0.lib(rtx_kernel.o)
    0x000003d4   0x000003d4   0x00000002   Code   RO           75    .text.osRtxErrorNotify  rtx_config.o
    0x000003d6   0x000003d6   0x00000002   Code   RO          109    .text.osRtxKernelPreInit  RTX_CM0.lib(rtx_kernel.o)
    0x000003d8   0x000003d8   0x00000018   Code   RO          185    .text.osRtxThreadListRemove  RTX_CM0.lib(rtx_thread.o)
    0x000003f0   0x000003f0   0x00000010   Code   RO          193    .text.osRtxThreadSwitch  RTX_CM0.lib(rtx_thread.o)
    0x00000400   0x00000400   0x00000010   Code   RO           86    .ARM.__at_0x400     startup_mkl25z4.o
    0x00000410   0x00000410   0x000000ec   Code   RO           22    .text.initPWM       motor.o
    0x000004fc   0x000004fc   0x00000090   Code   RO           41    .text.initUART2     uart.o
    0x0000058c   0x0000058c   0x000000c8   Code   RO           10    .text.main          main.o
    0x00000654   0x00000654   0x00000004   Code   RO          604    Veneer$$LitPool     anon$$obj.o
    0x00000658   0x00000658   0x00000032   Code   RO          312    .text.osRtxMemoryInit  RTX_CM0.lib(rtx_memory.o)
    0x0000068a   0x0000068a   0x0000003e   Code   RO          327    .text.osRtxMemoryPoolInit  RTX_CM0.lib(rtx_mempool.o)
    0x000006c8   0x000006c8   0x0000007c   Code   RO          382    .text.osRtxPendSV_Handler  RTX_CM0.lib(rtx_system.o)
    0x00000744   0x00000744   0x00000034   Code   RO          199    .text.osRtxThreadBlock  RTX_CM0.lib(rtx_thread.o)
    0x00000778   0x00000778   0x00000034   Code   RO          189    .text.osRtxThreadDelayTick  RTX_CM0.lib(rtx_thread.o)
    0x000007ac   0x000007ac   0x0000004c   Code   RO          197    .text.osRtxThreadDispatch  RTX_CM0.lib(rtx_thread.o)
    0x000007f8   0x000007f8   0x0000002c   Code   RO          179    .text.osRtxThreadListPut  RTX_CM0.lib(rtx_thread.o)
    0x00000824   0x00000824   0x00000014   Code   RO          187    .text.osRtxThreadReadyPut  RTX_CM0.lib(rtx_thread.o)
    0x00000838   0x00000838   0x00000028   Code   RO          195    .text.osRtxThreadStackCheck  RTX_CM0.lib(rtx_thread.o)
    0x00000860   0x00000860   0x00000070   Code   RO          380    .text.osRtxTick_Handler  RTX_CM0.lib(rtx_system.o)
    0x000008d0   0x000008d0   0x00000014   Code   RO           28    .text.reverse       motor.o
    0x000008e4   0x000008e4   0x00000018   Code   RO           24    .text.stopMotor     motor.o
    0x000008fc   0x000008fc   0x00000148   Code   RO          149    .text.svcRtxKernelInitialize  RTX_CM0.lib(rtx_kernel.o)
    0x00000a44   0x00000a44   0x0000000e   Code   RO          598    i.__scatterload_copy  mc_p.l(handlers.o)
    0x00000a52   0x00000a52   0x00000002   Code   RO          599    i.__scatterload_null  mc_p.l(handlers.o)
    0x00000a54   0x00000a54   0x0000000e   Code   RO          600    i.__scatterload_zeroinit  mc_p.l(handlers.o)
    0x00000a62   0x00000a62   0x00000002   PAD
    0x00000a64   0x00000a64   0x00000068   Data   RO           60    .rodata             rtx_lib.o
    0x00000acc   0x00000acc   0x00000038   Data   RO           63    .rodata             rtx_lib.o
    0x00000b04   0x00000b04   0x00000004   Data   RO           62    .rodata.osRtxUserSVC  rtx_lib.o
    0x00000b08   0x00000b08   0x00000024   Data   RO           57    .rodata.os_idle_thread_attr  rtx_lib.o
    0x00000b2c   0x00000b2c   0x00000018   Data   RO           59    .rodata.os_timer_mq_attr  rtx_lib.o
    0x00000b44   0x00000b44   0x00000024   Data   RO           58    .rodata.os_timer_thread_attr  rtx_lib.o
    0x00000b68   0x00000b68   0x0000000b   Data   RO          163    .rodata.str1.4      RTX_CM0.lib(rtx_kernel.o)
    0x00000b73   0x00000b73   0x00000001   PAD
    0x00000b74   0x00000b74   0x00000020   Data   RO          597    Region$$Table       anon$$obj.o


    Execution Region ER_RW (Exec base: 0x1ffff000, Load base: 0x00000b94, Size: 0x000000a8, Max: 0xffffffff, ABSOLUTE)

    Exec Addr    Load Addr    Size         Type   Attr      Idx    E Section Name        Object

    0x1ffff000   0x00000b94   0x00000004   Data   RW          100    .data.SystemCoreClock  system_mkl25z4.o
    0x1ffff004   0x00000b98   0x000000a4   Data   RW          164    .data.os            RTX_CM0.lib(rtx_kernel.o)


    Execution Region ER_ZI (Exec base: 0x1ffff0a8, Load base: 0x00000c3c, Size: 0x00001460, Max: 0xffffffff, ABSOLUTE)

    Exec Addr    Load Addr    Size         Type   Attr      Idx    E Section Name        Object

    0x1ffff0a8        -       0x00000002   Zero   RW           12    .bss.axisValues     main.o
    0x1ffff0aa   0x00000c3c   0x00000006   PAD
    0x1ffff0b0        -       0x00001040   Zero   RW           56    .bss.os             rtx_lib.o
    0x200000f0        -       0x00000034   Zero   RW           66    .bss.os.msgqueue.cb  rtx_lib.o
    0x20000124        -       0x00000050   Zero   RW           67    .bss.os.msgqueue.mem  rtx_lib.o
    0x20000174        -       0x00000088   Zero   RW           64    .bss.os.thread.cb   rtx_lib.o
    0x200001fc   0x00000c3c   0x00000004   PAD
    0x20000200        -       0x00000200   Zero   RW           65    .bss.os.thread.stack  rtx_lib.o
    0x20000400        -       0x00000001   Zero   RW           47    .bss.rx_data        uart.o
    0x20000401   0x00000c3c   0x00000007   PAD
    0x20000408        -       0x00000100   Zero   RW           83    STACK               startup_mkl25z4.o


==============================================================================

Image component sizes


      Code (inc. data)   RO Data    RW Data    ZI Data      Debug   Object Name

       200         24          0          0          2       1799   main.o
       316         44          0          0          0       2389   motor.o
         2          0          0          0          0        666   rtx_config.o
         0          0        260          0       4940       5446   rtx_lib.o
        56         30        192          0        256        832   startup_mkl25z4.o
       280         40          0          4          0       2534   system_mkl25z4.o
       192         32          0          0          1       4127   uart.o

    ----------------------------------------------------------------------
      1050        174        484          4       5216      17793   Object Totals
         4          4         32          0          0          0   (incl. Generated)
         0          0          0          0         17          0   (incl. Padding)

    ----------------------------------------------------------------------

      Code (inc. data)   RO Data    RW Data    ZI Data      Debug   Library Member Name

       164          8          0          0          0        496   irq_cm0.o
        12          4          0          0          0       2766   os_systick.o
       370         16         11        164          0      16105   rtx_kernel.o
        50          0          0          0          0       2564   rtx_memory.o
        62          0          0          0          0      14282   rtx_mempool.o
       236         10          0          0          0       4635   rtx_system.o
       324          4          0          0          0      30867   rtx_thread.o
         0          0          0          0          0          0   entry.o
         0          0          0          0          0          0   entry10a.o
         0          0          0          0          0          0   entry11a.o
         8          4          0          0          0          0   entry2.o
         4          0          0          0          0          0   entry5.o
         0          0          0          0          0          0   entry7b.o
         0          0          0          0          0          0   entry8b.o
         8          4          0          0          0          0   entry9a.o
        30          0          0          0          0          0   handlers.o
        48         10          0          0          0         68   init.o
        36          0          0          0          0        100   memseta.o
        62          0          0          0          0         72   uidiv_div0.o

    ----------------------------------------------------------------------
      1418         60         12        164          0      71955   Library Totals
         4          0          1          0          0          0   (incl. Padding)

    ----------------------------------------------------------------------

      Code (inc. data)   RO Data    RW Data    ZI Data      Debug   Library Name

      1218         42         11        164          0      71715   RTX_CM0.lib
       196         18          0          0          0        240   mc_p.l

    ----------------------------------------------------------------------
      1418         60         12        164          0      71955   Library Totals

    ----------------------------------------------------------------------

==============================================================================


      Code (inc. data)   RO Data    RW Data    ZI Data      Debug   

      2468        234        496        168       5216      89688   Grand Totals
      2468        234        496        168       5216      89688   ELF Image Totals
      2468        234        496        168          0          0   ROM Totals

==============================================================================

    Total RO  Size (Code + RO Data)                 2964 (   2.89kB)
    Total RW  Size (RW Data + ZI Data)              5384 (   5.26kB)
    Total ROM Size (Code + RO Data + RW Data)       3132 (   3.06kB)

==============================================================================

